 ASLquad_onboardRobustMPC_sfun

 Timestamp is 5238b49c (Tue Sep 17 21:59:24 2013)

 Preferred load address is 0000000180000000

 Start         Length     Name                   Class
 0001:00000000 0005574cH .text                   CODE
 0001:00055750 00000092H .text$x                 CODE
 0002:00000000 00000498H .idata$5                DATA
 0002:00000498 00000008H .CRT$XCA                DATA
 0002:000004a0 00000008H .CRT$XCZ                DATA
 0002:000004a8 00000008H .CRT$XIA                DATA
 0002:000004b0 00000008H .CRT$XIAA               DATA
 0002:000004b8 00000008H .CRT$XIZ                DATA
 0002:000004c0 00004b9cH .rdata                  DATA
 0002:00005060 00000008H .rtc$IAA                DATA
 0002:00005068 00000008H .rtc$IZZ                DATA
 0002:00005070 00000008H .rtc$TAA                DATA
 0002:00005078 00000008H .rtc$TZZ                DATA
 0002:00005080 00004684H .xdata                  DATA
 0002:00009704 000000a0H .idata$2                DATA
 0002:000097a4 00000014H .idata$3                DATA
 0002:000097b8 00000498H .idata$4                DATA
 0002:00009c50 00000ac6H .idata$6                DATA
 0002:0000a720 00000063H .edata                  DATA
 0003:00000000 00006898H .data                   DATA
 0003:000068a0 001e17d8H .bss                    DATA
 0004:00000000 000036a8H .pdata                  DATA

  Address         Publics by Value              Rva+Base               Lib:Object

 0000:00000000       ___safe_se_handler_table   0000000000000000     <absolute>
 0000:00000000       ___safe_se_handler_count   0000000000000000     <absolute>
 0000:00000000       __ImageBase                0000000180000000     <linker-defined>
 0001:00000000       sf_process_check_sum_call  0000000180001000 f   ASLquad_onboardRobustMPC_sfun_registry.obj
 0001:00000070       sf_process_autoinheritance_call 0000000180001070 f   ASLquad_onboardRobustMPC_sfun_registry.obj
 0001:000002b0       sf_process_get_third_party_uses_info_call 00000001800012b0 f   ASLquad_onboardRobustMPC_sfun_registry.obj
 0001:000004f0       sf_process_get_eml_resolved_functions_info_call 00000001800014f0 f   ASLquad_onboardRobustMPC_sfun_registry.obj
 0001:000006e0       sf_mex_unlock_call         00000001800016e0 f   ASLquad_onboardRobustMPC_sfun_registry.obj
 0001:00000790       sf_machine_global_initializer_called 0000000180001790 f   ASLquad_onboardRobustMPC_sfun_registry.obj
 0001:000007c0       sf_machine_global_method_dispatcher 00000001800017c0 f   ASLquad_onboardRobustMPC_sfun_registry.obj
 0001:00000860       sf_machine_global_terminator 0000000180001860 f   ASLquad_onboardRobustMPC_sfun_registry.obj
 0001:000008b0       sf_register_machine_exported_symbols 00000001800018b0 f   ASLquad_onboardRobustMPC_sfun_registry.obj
 0001:000008e0       callCustomFcn              00000001800018e0 f   ASLquad_onboardRobustMPC_sfun_registry.obj
 0001:000008f0       sf_machine_global_initializer 00000001800018f0 f   ASLquad_onboardRobustMPC_sfun_registry.obj
 0001:00000980       _ssSetStateAbsTol          0000000180001980 f   ASLquad_onboardRobustMPC_sfun_registry.obj
 0001:00000a60       _ssGetAbsTol               0000000180001a60 f   ASLquad_onboardRobustMPC_sfun_registry.obj
 0001:00000ad0       _ssSetInputPortMatrixDimensions 0000000180001ad0 f   ASLquad_onboardRobustMPC_sfun_registry.obj
 0001:00000be0       _ssSetOutputPortMatrixDimensions 0000000180001be0 f   ASLquad_onboardRobustMPC_sfun_registry.obj
 0001:00000cf0       _ssSetInputPortVectorDimension 0000000180001cf0 f   ASLquad_onboardRobustMPC_sfun_registry.obj
 0001:00000dc0       _ssSetOutputPortVectorDimension 0000000180001dc0 f   ASLquad_onboardRobustMPC_sfun_registry.obj
 0001:00000e90       ssIsRunTimeParamTunable    0000000180001e90 f   ASLquad_onboardRobustMPC_sfun_registry.obj
 0001:00000f00       ssGetSFuncBlockHandle      0000000180001f00 f   ASLquad_onboardRobustMPC_sfun_registry.obj
 0001:00000f70       _ssGetCurrentInputPortWidth 0000000180001f70 f   ASLquad_onboardRobustMPC_sfun_registry.obj
 0001:00001090       _ssGetCurrentOutputPortWidth 0000000180002090 f   ASLquad_onboardRobustMPC_sfun_registry.obj
 0001:000011b0       _ssGetCallSystemNumFcnCallDestinations 00000001800021b0 f   ASLquad_onboardRobustMPC_sfun_registry.obj
 0001:00001220       ssWarning                  0000000180002220 f   ASLquad_onboardRobustMPC_sfun_registry.obj
 0001:00001330       ssGetIsZeroCrossControlDisabled 0000000180002330 f   ASLquad_onboardRobustMPC_sfun_registry.obj
 0001:000013a0       ssSetIsInputPortUsedForContZcSignal 00000001800023a0 f   ASLquad_onboardRobustMPC_sfun_registry.obj
 0001:00001410       ssSetZcSignalIsZcElementDisc 0000000180002410 f   ASLquad_onboardRobustMPC_sfun_registry.obj
 0001:000014c0       ssSetZcSignalName          00000001800024c0 f   ASLquad_onboardRobustMPC_sfun_registry.obj
 0001:00001530       ssSetZcSignalWidth         0000000180002530 f   ASLquad_onboardRobustMPC_sfun_registry.obj
 0001:000015a0       ssSetZcSignalZcEventType   00000001800025a0 f   ASLquad_onboardRobustMPC_sfun_registry.obj
 0001:00001610       ssSetZcSignalType          0000000180002610 f   ASLquad_onboardRobustMPC_sfun_registry.obj
 0001:00001680       ssSetZcSignalZcTol         0000000180002680 f   ASLquad_onboardRobustMPC_sfun_registry.obj
 0001:000016f0       ssSetZcSignalNeedsEventNotification 00000001800026f0 f   ASLquad_onboardRobustMPC_sfun_registry.obj
 0001:00001760       ssCreateAndAddZcSignalInfo 0000000180002760 f   ASLquad_onboardRobustMPC_sfun_registry.obj
 0001:000017d0       ssCloneAndAddZcSignalInfo  00000001800027d0 f   ASLquad_onboardRobustMPC_sfun_registry.obj
 0001:00001840       ssGetNumZcSignals          0000000180002840 f   ASLquad_onboardRobustMPC_sfun_registry.obj
 0001:000018b0       ssGetZcSignalVector        00000001800028b0 f   ASLquad_onboardRobustMPC_sfun_registry.obj
 0001:00001920       ssGetZcSignalZcEvents      0000000180002920 f   ASLquad_onboardRobustMPC_sfun_registry.obj
 0001:00001990       ssGetZcSignalName          0000000180002990 f   ASLquad_onboardRobustMPC_sfun_registry.obj
 0001:00001a00       ssGetZcSignalWidth         0000000180002a00 f   ASLquad_onboardRobustMPC_sfun_registry.obj
 0001:00001a70       ssGetZcSignalZcEventType   0000000180002a70 f   ASLquad_onboardRobustMPC_sfun_registry.obj
 0001:00001ae0       ssGetZcSignalType          0000000180002ae0 f   ASLquad_onboardRobustMPC_sfun_registry.obj
 0001:00001b50       ssGetZcSignalZcTol         0000000180002b50 f   ASLquad_onboardRobustMPC_sfun_registry.obj
 0001:00001bd0       ssGetZcSignalNeedsEventNotification 0000000180002bd0 f   ASLquad_onboardRobustMPC_sfun_registry.obj
 0001:00001c40       ssGetZcSignalIsZcElementDisc 0000000180002c40 f   ASLquad_onboardRobustMPC_sfun_registry.obj
 0001:00001ce0       ssGetIsInputPortElementContinuous 0000000180002ce0 f   ASLquad_onboardRobustMPC_sfun_registry.obj
 0001:00001d80       _ssGetInputPortSignalPtrsFcn 0000000180002d80 f   ASLquad_onboardRobustMPC_sfun_registry.obj
 0001:00002040       _ssGetInputPortSignalFcn   0000000180003040 f   ASLquad_onboardRobustMPC_sfun_registry.obj
 0001:00002260       _ssSetInputPortDirectFeedThroughFcn 0000000180003260 f   ASLquad_onboardRobustMPC_sfun_registry.obj
 0001:000023c0       _ssSetInputPortReusableFcn 00000001800033c0 f   ASLquad_onboardRobustMPC_sfun_registry.obj
 0001:000024b0       _ssSetOutputPortReusableFcn 00000001800034b0 f   ASLquad_onboardRobustMPC_sfun_registry.obj
 0001:00002590       ssGetDTypeIdFromMxArray    0000000180003590 f   ASLquad_onboardRobustMPC_sfun_registry.obj
 0001:000026b0       ssWriteRTWStr              00000001800036b0 f   ASLquad_onboardRobustMPC_sfun_registry.obj
 0001:00002710       ssWriteRTWMxVectParam      0000000180003710 f   ASLquad_onboardRobustMPC_sfun_registry.obj
 0001:00002770       ssWriteRTWMx2dMatParam     0000000180003770 f   ASLquad_onboardRobustMPC_sfun_registry.obj
 0001:000027f0       ssWriteRTWNameValuePair    00000001800037f0 f   ASLquad_onboardRobustMPC_sfun_registry.obj
 0001:00002ce0       ssWriteRTWParameters       0000000180003ce0 f   ASLquad_onboardRobustMPC_sfun_registry.obj
 0001:000032e0       ssWriteRTWParamSettings    00000001800042e0 f   ASLquad_onboardRobustMPC_sfun_registry.obj
 0001:000039b0       ssWriteRTWWorkVect         00000001800049b0 f   ASLquad_onboardRobustMPC_sfun_registry.obj
 0001:00003eb0       mexFunction                0000000180004eb0 f   ASLquad_onboardRobustMPC_sfun_registry.obj
 0001:00005be0       ProcessMexSfunctionEveryCall 0000000180006be0 f   ASLquad_onboardRobustMPC_sfun_registry.obj
 0001:00005d50       ASLquad_onboardRobustMPC_initializer 0000000180006d50 f   ASLquad_onboardRobustMPC_sfun.obj
 0001:00005d60       ASLquad_onboardRobustMPC_terminator 0000000180006d60 f   ASLquad_onboardRobustMPC_sfun.obj
 0001:00005d70       sf_ASLquad_onboardRobustMPC_method_dispatcher 0000000180006d70 f   ASLquad_onboardRobustMPC_sfun.obj
 0001:00005d90       sf_ASLquad_onboardRobustMPC_process_check_sum_call 0000000180006d90 f   ASLquad_onboardRobustMPC_sfun.obj
 0001:00006190       sf_ASLquad_onboardRobustMPC_autoinheritance_info 0000000180007190 f   ASLquad_onboardRobustMPC_sfun.obj
 0001:000062b0       sf_ASLquad_onboardRobustMPC_get_eml_resolved_functions_info 00000001800072b0 f   ASLquad_onboardRobustMPC_sfun.obj
 0001:00006390       sf_ASLquad_onboardRobustMPC_third_party_uses_info 0000000180007390 f   ASLquad_onboardRobustMPC_sfun.obj
 0001:000064b0       ASLquad_onboardRobustMPC_debug_initialize 00000001800074b0 f   ASLquad_onboardRobustMPC_sfun.obj
 0001:00006530       ASLquad_onboardRobustMPC_register_exported_symbols 0000000180007530 f   ASLquad_onboardRobustMPC_sfun.obj
 0001:00006540       load_ASLquad_onboardRobustMPC_optimization_info 0000000180007540 f   ASLquad_onboardRobustMPC_sfun.obj
 0001:00006590       unload_ASLquad_onboardRobustMPC_optimization_info 0000000180007590 f   ASLquad_onboardRobustMPC_sfun.obj
 0001:000065c0       sf_send_message_wrapper    00000001800075c0 f   sfc_mex:sfc_sf.obj
 0001:000065f0       sf_receive_message_wrapper 00000001800075f0 f   sfc_mex:sfc_sf.obj
 0001:00006630       sf_check_out_message_wrapper 0000000180007630 f   sfc_mex:sfc_sf.obj
 0001:00006670       sf_check_in_message_wrapper 0000000180007670 f   sfc_mex:sfc_sf.obj
 0001:000066b0       sf_no_message_wrapper      00000001800076b0 f   sfc_mex:sfc_sf.obj
 0001:00006a40       sim_mode_is_rtw_gen        0000000180007a40 f   sfc_mex:sfc_sf.obj
 0001:00006a70       sim_mode_is_external       0000000180007a70 f   sfc_mex:sfc_sf.obj
 0001:00006a80       sim_mode_is_modelref_sim   0000000180007a80 f   sfc_mex:sfc_sf.obj
 0001:00006aa0       mdlInitializeSizes         0000000180007aa0 f   sfc_mex:sfc_sf.obj
 0001:00006ac0       mdlInitializeSampleTimes   0000000180007ac0 f   sfc_mex:sfc_sf.obj
 0001:00006b00       mdlZeroCrossings           0000000180007b00 f   sfc_mex:sfc_sf.obj
 0001:00006bf0       mdlDerivatives             0000000180007bf0 f   sfc_mex:sfc_sf.obj
 0001:00006cb0       mdl_initialize_conditions_processing 0000000180007cb0 f   sfc_mex:sfc_sf.obj
 0001:00006ce0       mdlInitializeConditions    0000000180007ce0 f   sfc_mex:sfc_sf.obj
 0001:00006da0       mdlGetSimState             0000000180007da0 f   sfc_mex:sfc_sf.obj
 0001:00006db0       mdlSetSimState             0000000180007db0 f   sfc_mex:sfc_sf.obj
 0001:00006dc0       mdl_ext_mode_exec_processing 0000000180007dc0 f   sfc_mex:sfc_sf.obj
 0001:00006de0       mdlExtModeExec             0000000180007de0 f   sfc_mex:sfc_sf.obj
 0001:00006f80       mdlTerminate               0000000180007f80 f   sfc_mex:sfc_sf.obj
 0001:00006ff0       mdlRTW                     0000000180007ff0 f   sfc_mex:sfc_sf.obj
 0001:00007020       mdlSetWorkWidths           0000000180008020 f   sfc_mex:sfc_sf.obj
 0001:00007030       mdlProcessParameters       0000000180008030 f   sfc_mex:sfc_sf.obj
 0001:00007040       mdl_start_processing       0000000180008040 f   sfc_mex:sfc_sf.obj
 0001:000070a0       mdlStart                   00000001800080a0 f   sfc_mex:sfc_sf.obj
 0001:000071b0       mdlEnable                  00000001800081b0 f   sfc_mex:sfc_sf.obj
 0001:00007290       mdlDisable                 0000000180008290 f   sfc_mex:sfc_sf.obj
 0001:00007350       sf_get_chart_instance_ptr  0000000180008350 f   sfc_mex:sfc_sf.obj
 0001:00007370       sf_load_rtw_optimization_info 0000000180008370 f   sfc_mex:sfc_sf.obj
 0001:00007440       sf_update_buildInfo        0000000180008440 f   sfc_mex:sfc_sf.obj
 0001:00007540       sf_rtw_info_uint_prop      0000000180008540 f   sfc_mex:sfc_sf.obj
 0001:00007680       sf_is_chart_inlinable      0000000180008680 f   sfc_mex:sfc_sf.obj
 0001:000076a0       sf_mark_output_events_with_multiple_callers 00000001800086a0 f   sfc_mex:sfc_sf.obj
 0001:00007830       sf_mark_chart_reusable_outputs 0000000180008830 f   sfc_mex:sfc_sf.obj
 0001:00007a90       sf_mark_chart_expressionable_inputs 0000000180008a90 f   sfc_mex:sfc_sf.obj
 0001:00007cf0       sf_get_subchart_simstruct  0000000180008cf0 f   sfc_mex:sfc_sf.obj
 0001:00007d40       sf_get_fixpt_data_type_id  0000000180008d40 f   sfc_mex:sfc_sf.obj
 0001:00007d80       sf_get_enum_data_type_id   0000000180008d80 f   sfc_mex:sfc_sf.obj
 0001:00007dc0       sf_get_param_data_type_id  0000000180008dc0 f   sfc_mex:sfc_sf.obj
 0001:00007df0       sf_mex_listen_for_ctrl_c_force 0000000180008df0 f   sfc_mex:sfc_sf.obj
 0001:00007f00       sf_mex_draw_now            0000000180008f00 f   sfc_mex:sfc_sf.obj
 0001:00007f40       sf_mex_set_debugger_sim_status_listener_fcn 0000000180008f40 f   sfc_mex:sfc_sf.obj
 0001:00007f50       sf_mex_listen_for_ctrl_c   0000000180008f50 f   sfc_mex:sfc_sf.obj
 0001:00007ff0       sf_mex_get_sfun_param      0000000180008ff0 f   sfc_mex:sfc_sf.obj
 0001:00008040       sf_get_runtime_param_data  0000000180009040 f   sfc_mex:sfc_sf.obj
 0001:00008080       sf_call_output_fcn_call    0000000180009080 f   sfc_mex:sfc_sf.obj
 0001:000081c0       sf_call_output_fcn_enable  00000001800091c0 f   sfc_mex:sfc_sf.obj
 0001:00008250       sf_call_output_fcn_disable 0000000180009250 f   sfc_mex:sfc_sf.obj
 0001:000082e0       sf_clear_rtw_identifier    00000001800092e0 f   sfc_mex:sfc_sf.obj
 0001:00008b00       sf_set_encoded_dwork_info  0000000180009b00 f   sfc_mex:sfc_sf.obj
 0001:00008b50       sf_get_dwork_info_from_mat_file 0000000180009b50 f   sfc_mex:sfc_sf.obj
 0001:00008d10       sf_set_rtw_dwork_info      0000000180009d10 f   sfc_mex:sfc_sf.obj
 0001:00008e80       mdlOutputs                 0000000180009e80 f   sfc_mex:sfc_sf.obj
 0001:00009070       sf_mex_mx_is_numeric       000000018000a070 f   sfc_mex:sfc_mex.obj
 0001:000090b0       strcmp_ignore_ws           000000018000a0b0 f   sfc_mex:sfc_mex.obj
 0001:000091f0       sf_mex_duplicatearraysafe  000000018000a1f0 f   sfc_mex:sfc_mex.obj
 0001:00009350       sf_set_error_debugger_context_message_fcn 000000018000a350 f   sfc_mex:sfc_mex.obj
 0001:00009360       sf_set_debugger_matlab_error_fcn 000000018000a360 f   sfc_mex:sfc_mex.obj
 0001:000093a0       sf_set_error_prefix_string 000000018000a3a0 f   sfc_mex:sfc_mex.obj
 0001:000093d0       sf_get_error_prefix_string 000000018000a3d0 f   sfc_mex:sfc_mex.obj
 0001:000093e0       sf_mex_enter_parallel_region 000000018000a3e0 f   sfc_mex:sfc_mex.obj
 0001:000093f0       sf_mex_exit_parallel_region 000000018000a3f0 f   sfc_mex:sfc_mex.obj
 0001:00009400       sf_get_current_jmp_buf_ptr 000000018000a400 f   sfc_mex:sfc_mex.obj
 0001:00009410       sf_set_current_jmp_buf_ptr 000000018000a410 f   sfc_mex:sfc_mex.obj
 0001:00009420       sf_mex_set_halt_simulation 000000018000a420 f   sfc_mex:sfc_mex.obj
 0001:00009430       sf_mex_get_halt_simulation 000000018000a430 f   sfc_mex:sfc_mex.obj
 0001:00009440       sf_mex_clear_error_message 000000018000a440 f   sfc_mex:sfc_mex.obj
 0001:00009460       sf_mex_get_error_message_for_read 000000018000a460 f   sfc_mex:sfc_mex.obj
 0001:00009470       sf_mex_get_error_message_buffer_length 000000018000a470 f   sfc_mex:sfc_mex.obj
 0001:00009550       sf_mex_warning_message     000000018000a550 f   sfc_mex:sfc_mex.obj
 0001:000095c0       sf_mex_v_errbuf_createf    000000018000a5c0 f   sfc_mex:sfc_mex.obj
 0001:000095d0       sf_mex_errbuf_createf      000000018000a5d0 f   sfc_mex:sfc_mex.obj
 0001:00009600       sf_mex_v_errbuf_catf       000000018000a600 f   sfc_mex:sfc_mex.obj
 0001:00009640       sf_mex_errbuf_catf         000000018000a640 f   sfc_mex:sfc_mex.obj
 0001:00009690       sf_mex_errbuf_copy         000000018000a690 f   sfc_mex:sfc_mex.obj
 0001:000096a0       sf_mex_errbuf_clear        000000018000a6a0 f   sfc_mex:sfc_mex.obj
 0001:000096b0       sf_mex_errbuf_isempty      000000018000a6b0 f   sfc_mex:sfc_mex.obj
 0001:000097b0       sf_mex_set_error_status    000000018000a7b0 f   sfc_mex:sfc_mex.obj
 0001:00009800       sf_mex_error_direct_call   000000018000a800 f   sfc_mex:sfc_mex.obj
 0001:00009820       sf_mex_error_message_no_long_jump 000000018000a820 f   sfc_mex:sfc_mex.obj
 0001:00009840       sf_mex_long_jump_on_error  000000018000a840 f   sfc_mex:sfc_mex.obj
 0001:00009870       sf_mex_call_matlab         000000018000a870 f   sfc_mex:sfc_mex.obj
 0001:00009990       sf_mex_check_builtin       000000018000a990 f   sfc_mex:sfc_mex.obj
 0001:00009a30       sf_mex_check_builtin_vs    000000018000aa30 f   sfc_mex:sfc_mex.obj
 0001:00009af0       sf_mex_check_enum          000000018000aaf0 f   sfc_mex:sfc_mex.obj
 0001:00009b70       sf_mex_create_enum         000000018000ab70 f   sfc_mex:sfc_mex.obj
 0001:00009be0       sf_mex_get_enum_element    000000018000abe0 f   sfc_mex:sfc_mex.obj
 0001:00009bf0       sf_mex_createcellarray     000000018000abf0 f   sfc_mex:sfc_mex.obj
 0001:00009c00       sf_mex_setcell             000000018000ac00 f   sfc_mex:sfc_mex.obj
 0001:00009c10       sf_mex_getcell             000000018000ac10 f   sfc_mex:sfc_mex.obj
 0001:00009c20       sf_mex_dup                 000000018000ac20 f   sfc_mex:sfc_mex.obj
 0001:00009c40       sf_mex_assign              000000018000ac40 f   sfc_mex:sfc_mex.obj
 0001:00009cc0       sf_mex_destroy             000000018000acc0 f   sfc_mex:sfc_mex.obj
 0001:00009cf0       mx_array_has_fi_type       000000018000acf0 f   sfc_mex:sfc_mex.obj
 0001:00009d20       sf_mex_convert_from_fi     000000018000ad20 f   sfc_mex:sfc_mex.obj
 0001:00009e50       sf_mex_convert_to_double   000000018000ae50 f   sfc_mex:sfc_mex.obj
 0001:00009f70       sf_mex_import_fi_vs        000000018000af70 f   sfc_mex:sfc_mex.obj
 0001:0000a1a0       sf_matrix_matrix_index_ok  000000018000b1a0 f   sfc_mex:sfc_mex.obj
 0001:0000a230       sf_vector_vector_index_ok  000000018000b230 f   sfc_mex:sfc_mex.obj
 0001:0000a260       ssGetCurrentInputPortDimensions_wrapper 000000018000b260 f   sfc_mex:sfc_mex.obj
 0001:0000a280       ssGetCurrentOutputPortDimensions_wrapper 000000018000b280 f   sfc_mex:sfc_mex.obj
 0001:0000a2a0       sf_mex_emlrt_context_is_debug_mode 000000018000b2a0 f   sfc_mex:sfc_mex.obj
 0001:0000a2b0       sf_mex_emlrt_context_set_debug_mode 000000018000b2b0 f   sfc_mex:sfc_mex.obj
 0001:0000a2c0       sf_mex_emlrtNameCapturePostProcessR2012a 000000018000b2c0 f   sfc_mex:sfc_mex.obj
 0001:0000a330       sf_clear_error_manager_info 000000018000b330 f   sfc_mex:sfc_mex.obj
 0001:0000a390       sf_mex_stop_simulation_abruptly_wo_error 000000018000b390 f   sfc_mex:sfc_mex.obj
 0001:0000a3d0       sf_mex_error_message       000000018000b3d0 f   sfc_mex:sfc_mex.obj
 0001:0000a440       sf_react_to_error_in_matlab_call 000000018000b440 f   sfc_mex:sfc_mex.obj
 0001:0000a470       sf_mex_addfield            000000018000b470 f   sfc_mex:sfc_mex.obj
 0001:0000a510       sf_mex_getfield            000000018000b510 f   sfc_mex:sfc_mex.obj
 0001:0000a810       sf_mex_check_class         000000018000b810 f   sfc_mex:sfc_mex.obj
 0001:0000a8b0       sf_mex_is_real             000000018000b8b0 f   sfc_mex:sfc_mex.obj
 0001:0000ad20       sf_mex_decode_encoded_mx_struct_array 000000018000bd20 f   sfc_mex:sfc_mex.obj
 0001:0000b010       sf_mex_lw_bounds_check     000000018000c010 f   sfc_mex:sfc_mex.obj
 0001:0000b040       sf_mex_lw_size_eq_check_1d 000000018000c040 f   sfc_mex:sfc_mex.obj
 0001:0000b060       sf_mex_lw_size_eq_check_nd 000000018000c060 f   sfc_mex:sfc_mex.obj
 0001:0000b240       sf_mex_lw_dim_size_eq_check 000000018000c240 f   sfc_mex:sfc_mex.obj
 0001:0000b270       sf_mex_lw_dim_size_geq_check 000000018000c270 f   sfc_mex:sfc_mex.obj
 0001:0000b2a0       sf_mex_lw_sub_assign_size_check_nd 000000018000c2a0 f   sfc_mex:sfc_mex.obj
 0001:0000b470       sf_mex_lw_runtime_error_msgid 000000018000c470 f   sfc_mex:sfc_mex.obj
 0001:0000b560       sf_mex_lw_matrix_matrix_index_check 000000018000c560 f   sfc_mex:sfc_mex.obj
 0001:0000b580       sf_mex_lw_vector_vector_index_check 000000018000c580 f   sfc_mex:sfc_mex.obj
 0001:0000b5c0       sf_mex_lw_for_loop_vector_check 000000018000c5c0 f   sfc_mex:sfc_mex.obj
 0001:0000b650       sf_mex_lw_non_negative_check 000000018000c650 f   sfc_mex:sfc_mex.obj
 0001:0000b690       sf_mex_overflow_error      000000018000c690 f   sfc_mex:sfc_mex.obj
 0001:0000b6a0       sf_mex_dividebyzero_error  000000018000c6a0 f   sfc_mex:sfc_mex.obj
 0001:0000b6b0       sf_mex_unsafe_enum_error   000000018000c6b0 f   sfc_mex:sfc_mex.obj
 0001:0000b6c0       sf_emlrtErrHandler         000000018000c6c0 f   sfc_mex:sfc_mex.obj
 0001:0000b7a0       sf_mex_size_one_check      000000018000c7a0 f   sfc_mex:sfc_mex.obj
 0001:0000b7c0       sf_mex_printf              000000018000c7c0 f   sfc_mex:sfc_mex.obj
 0001:0000b990       sf_mex_check_size          000000018000c990 f   sfc_mex:sfc_mex.obj
 0001:0000bc30       sf_mex_check_struct        000000018000cc30 f   sfc_mex:sfc_mex.obj
 0001:0000be90       sf_mex_check_struct_vs     000000018000ce90 f   sfc_mex:sfc_mex.obj
 0001:0000bf20       sf_mex_check_fi            000000018000cf20 f   sfc_mex:sfc_mex.obj
 0001:0000c020       sf_mex_check_fi_vs         000000018000d020 f   sfc_mex:sfc_mex.obj
 0001:0000c0c0       sf_echo_expression         000000018000d0c0 f   sfc_mex:sfc_mex.obj
 0001:0000c120       sf_assertion_failed        000000018000d120 f   sfc_mex:sfc_mex.obj
 0001:0000c400       sf_mex_evalin              000000018000d400 f   sfc_mex:sfc_mex.obj
 0001:0000c670       sf_mex_export              000000018000d670 f   sfc_mex:sfc_mex.obj
 0001:0000c730       sf_mex_get_ml_var_no_error 000000018000d730 f   sfc_mex:sfc_mex.obj
 0001:0000c8d0       sf_mex_get_ml_var          000000018000d8d0 f   sfc_mex:sfc_mex.obj
 0001:0000cd60       ml_set_element_value_in_array 000000018000dd60 f   sfc_mex:sfc_mex.obj
 0001:0000de20       sf_mex_call_impl           000000018000ee20 f   sfc_mex:sfc_mex.obj
 0001:0000e240       sf_mex_call_debug          000000018000f240 f   sfc_mex:sfc_mex.obj
 0001:0000e270       sf_mex_call                000000018000f270 f   sfc_mex:sfc_mex.obj
 0001:0000e8c0       sf_mex_createstruct        000000018000f8c0 f   sfc_mex:sfc_mex.obj
 0001:0000e9d0       sf_mex_createstructarray   000000018000f9d0 f   sfc_mex:sfc_mex.obj
 0001:0000ea50       sf_mex_get_mx_datatype_from_sf_datatype 000000018000fa50 f   sfc_mex:sfc_mex.obj
 0001:0000ed60       sf_mex_ml_var_sub          000000018000fd60 f   sfc_mex:sfc_mex.obj
 0001:0000ef40       sf_mex_ml_var_subsasgn     000000018000ff40 f   sfc_mex:sfc_mex.obj
 0001:0000f340       sf_mex_sub                 0000000180010340 f   sfc_mex:sfc_mex.obj
 0001:0000f550       sf_mex_subsasgn            0000000180010550 f   sfc_mex:sfc_mex.obj
 0001:0000fa60       sf_mex_create              0000000180010a60 f   sfc_mex:sfc_mex.obj
 0001:00010400       sf_mex_import_named        0000000180011400 f   sfc_mex:sfc_mex.obj
 0001:00010460       sf_mex_import              0000000180011460 f   sfc_mex:sfc_mex.obj
 0001:000104b0       sf_mex_import_vs           00000001800114b0 f   sfc_mex:sfc_mex.obj
 0001:000105c0       sf_mex_lower_fixpt_mx_array 00000001800115c0 f   sfc_mex:sfc_mex.obj
 0001:000108e0       sf_debug_chart_instance_initialized_quick 00000001800118e0 f   sfc_debug:sfcdebug.obj
 0001:00010960       sf_debug_disp              0000000180011960 f   sfc_debug:sfcdebug.obj
 0001:00010c30       sf_debug_data_runtime_size_mismatch_error_check 0000000180011c30 f   sfc_debug:sfcdebug.obj
 0001:00010ce0       sf_debug_try_loading_machine 0000000180011ce0 f   sfc_debug:sfcdebug.obj
 0001:00010de0       sf_debug_reset_current_state_configuration 0000000180011de0 f   sfc_debug:sfcdebug.obj
 0001:00010e60       sf_debug_store_current_state_configuration 0000000180011e60 f   sfc_debug:sfcdebug.obj
 0001:00010ee0       sf_debug_restore_previous_state_configuration 0000000180011ee0 f   sfc_debug:sfcdebug.obj
 0001:00010f60       sf_debug_restore_previous_state_configuration2 0000000180011f60 f   sfc_debug:sfcdebug.obj
 0001:00010fe0       sf_debug_get_event_scope   0000000180011fe0 f   sfc_debug:sfcdebug.obj
 0001:00011150       use_debugger_step_animation 0000000180012150 f   sfc_debug:sfcdebug.obj
 0001:00011170       sf_debug_get_script_id     0000000180012170 f   sfc_debug:sfcdebug.obj
 0001:00011200       sf_debug_set_script_translation 0000000180012200 f   sfc_debug:sfcdebug.obj
 0001:00011380       sf_debug_extract_message_post_receive_info 0000000180012380 f   sfc_debug:sfcdebug.obj
 0001:00011540       sf_debug_get_current_machine_id 0000000180012540 f   sfc_debug:sfcdebug.obj
 0001:00011560       sf_debug_get_current_optional_integer 0000000180012560 f   sfc_debug:sfcdebug.obj
 0001:00011570       sf_debug_get_current_machine_number 0000000180012570 f   sfc_debug:sfcdebug.obj
 0001:00011590       sf_debug_get_current_machine_name 0000000180012590 f   sfc_debug:sfcdebug.obj
 0001:000115b0       sf_debug_get_current_chart_id 00000001800125b0 f   sfc_debug:sfcdebug.obj
 0001:000115f0       sf_debug_get_current_chart_number 00000001800125f0 f   sfc_debug:sfcdebug.obj
 0001:00011600       sf_debug_get_current_instance_number 0000000180012600 f   sfc_debug:sfcdebug.obj
 0001:00011610       sf_debug_get_current_is_minor_time_step 0000000180012610 f   sfc_debug:sfcdebug.obj
 0001:00011690       sf_debug_get_current_object_type 0000000180012690 f   sfc_debug:sfcdebug.obj
 0001:000116a0       sf_debug_get_current_instance_handle 00000001800126a0 f   sfc_debug:sfcdebug.obj
 0001:00011700       sf_debug_get_current_event_type 0000000180012700 f   sfc_debug:sfcdebug.obj
 0001:00011710       sf_debug_get_current_object_id 0000000180012710 f   sfc_debug:sfcdebug.obj
 0001:00011750       sf_debug_get_current_active_event_type 0000000180012750 f   sfc_debug:sfcdebug.obj
 0001:00011760       sf_debug_get_current_active_event_id 0000000180012760 f   sfc_debug:sfcdebug.obj
 0001:000117a0       sf_debug_get_current_tag_type 00000001800127a0 f   sfc_debug:sfcdebug.obj
 0001:000117b0       sf_debug_get_current_simulation_time 00000001800127b0 f   sfc_debug:sfcdebug.obj
 0001:000117c0       sf_debug_get_current_coverage_percentage 00000001800127c0 f   sfc_debug:sfcdebug.obj
 0001:000117d0       sf_debug_current_statement_context 00000001800127d0 f   sfc_debug:sfcdebug.obj
 0001:00011850       sf_debug_get_current_statement_info 0000000180012850 f   sfc_debug:sfcdebug.obj
 0001:000119f0       sf_debug_terminate_instance 00000001800129f0 f   sfc_debug:sfcdebug.obj
 0001:00011d10       sf_debug_assertion_failed  0000000180012d10 f   sfc_debug:sfcdebug.obj
 0001:00011ee0       sf_debug_create_debug_instance_struct 0000000180012ee0 f   sfc_debug:sfcdebug.obj
 0001:00011f30       sf_debug_set_number_of_data_with_change_event_for_machine 0000000180012f30 f   sfc_debug:sfcdebug.obj
 0001:00011f80       sf_debug_set_machine_event_thresholds 0000000180012f80 f   sfc_debug:sfcdebug.obj
 0001:00011fa0       sf_debug_set_machine_event_scope 0000000180012fa0 f   sfc_debug:sfcdebug.obj
 0001:00011ff0       sf_debug_set_machine_data_thresholds 0000000180012ff0 f   sfc_debug:sfcdebug.obj
 0001:00012040       sf_debug_set_machine_data_scope 0000000180013040 f   sfc_debug:sfcdebug.obj
 0001:000120e0       sf_debug_set_machine_data_name 00000001800130e0 f   sfc_debug:sfcdebug.obj
 0001:00012190       sf_debug_set_machine_data_size 0000000180013190 f   sfc_debug:sfcdebug.obj
 0001:000122e0       sf_debug_set_machine_data_type 00000001800132e0 f   sfc_debug:sfcdebug.obj
 0001:00012450       sf_debug_get_chart_data_number 0000000180013450 f   sfc_debug:sfcdebug.obj
 0001:00012470       sf_debug_get_chart_event_number 0000000180013470 f   sfc_debug:sfcdebug.obj
 0001:00012490       sf_debug_set_chart_state_info 0000000180013490 f   sfc_debug:sfcdebug.obj
 0001:00012520       sf_debug_set_chart_decomposition 0000000180013520 f   sfc_debug:sfcdebug.obj
 0001:00012590       sf_debug_set_chart_substate_count 0000000180013590 f   sfc_debug:sfcdebug.obj
 0001:00012670       sf_debug_set_chart_substate_index 0000000180013670 f   sfc_debug:sfcdebug.obj
 0001:000126f0       sf_debug_set_chart_state_substate_count 00000001800136f0 f   sfc_debug:sfcdebug.obj
 0001:00012810       sf_debug_set_chart_state_substate_index 0000000180013810 f   sfc_debug:sfcdebug.obj
 0001:000128a0       sf_debug_set_number_of_data_with_change_event_for_chart 00000001800138a0 f   sfc_debug:sfcdebug.obj
 0001:00012930       sf_debug_set_number_of_states_with_entry_event_for_chart 0000000180013930 f   sfc_debug:sfcdebug.obj
 0001:000129b0       sf_debug_set_number_of_states_with_exit_event_for_chart 00000001800139b0 f   sfc_debug:sfcdebug.obj
 0001:00012a30       sf_debug_set_chart_disable_implicit_casting 0000000180013a30 f   sfc_debug:sfcdebug.obj
 0001:00012aa0       sf_debug_set_chart_event_thresholds 0000000180013aa0 f   sfc_debug:sfcdebug.obj
 0001:00012b20       sf_debug_set_chart_data_compiled_props 0000000180013b20 f   sfc_debug:sfcdebug.obj
 0001:00012e60       sf_debug_set_chart_data_props 0000000180013e60 f   sfc_debug:sfcdebug.obj
 0001:00013180       sf_debug_check_fi_license  0000000180014180 f   sfc_debug:sfcdebug.obj
 0001:00013340       sf_debug_symbol_scope_push 0000000180014340 f   sfc_debug:sfcdebug.obj
 0001:00013380       sf_debug_symbol_scope_push_eml 0000000180014380 f   sfc_debug:sfcdebug.obj
 0001:000133d0       sf_debug_symbol_scope_pop  00000001800143d0 f   sfc_debug:sfcdebug.obj
 0001:00013410       sf_debug_symbol_scope_add_importable 0000000180014410 f   sfc_debug:sfcdebug.obj
 0001:00013490       sf_debug_symbol_scope_add  0000000180014490 f   sfc_debug:sfcdebug.obj
 0001:00013510       sf_debug_symbol_scope_add_dyn_importable 0000000180014510 f   sfc_debug:sfcdebug.obj
 0001:000135d0       sf_debug_symbol_scope_add_dyn 00000001800145d0 f   sfc_debug:sfcdebug.obj
 0001:00013610       sf_debug_symbol_scope_add_eml_importable 0000000180014610 f   sfc_debug:sfcdebug.obj
 0001:00013650       sf_debug_symbol_scope_add_eml 0000000180014650 f   sfc_debug:sfcdebug.obj
 0001:00013690       sf_debug_symbol_scope_add_eml_dyn_importable 0000000180014690 f   sfc_debug:sfcdebug.obj
 0001:000136f0       sf_debug_symbol_scope_add_eml_dyn 00000001800146f0 f   sfc_debug:sfcdebug.obj
 0001:00013750       sf_debug_symbol_switch     0000000180014750 f   sfc_debug:sfcdebug.obj
 0001:00013770       sf_debug_symbol_scope_add_verbose 0000000180014770 f   sfc_debug:sfcdebug.obj
 0001:00013840       sf_debug_set_machine_data_value_ptr 0000000180014840 f   sfc_debug:sfcdebug.obj
 0001:00013880       sf_debug_set_instance_data_value_ptr 0000000180014880 f   sfc_debug:sfcdebug.obj
 0001:00013950       sf_debug_unset_instance_data_value_ptr 0000000180014950 f   sfc_debug:sfcdebug.obj
 0001:00013a00       sf_debug_set_chart_event_scope 0000000180014a00 f   sfc_debug:sfcdebug.obj
 0001:00013a80       sf_debug_set_chart_transition_coverage_maps 0000000180014a80 f   sfc_debug:sfcdebug.obj
 0001:00013b80       sf_debug_set_chart_state_coverage_maps 0000000180014b80 f   sfc_debug:sfcdebug.obj
 0001:00013c50       sf_debug_set_instance_transition_coverage_weights 0000000180014c50 f   sfc_debug:sfcdebug.obj
 0001:00013ce0       sf_debug_set_instance_state_coverage_weights 0000000180014ce0 f   sfc_debug:sfcdebug.obj
 0001:00013f30       sf_debug_unload_machine    0000000180014f30 f   sfc_debug:sfcdebug.obj
 0001:00013f80       sf_debug_load_machine      0000000180014f80 f   sfc_debug:sfcdebug.obj
 0001:00014090       sf_debug_set_active_instance_in_data_dictionary 0000000180015090 f   sfc_debug:sfcdebug.obj
 0001:00014270       sf_debug_set_active_instance 0000000180015270 f   sfc_debug:sfcdebug.obj
 0001:000143d0       sf_debug_chart_visiblity_change 00000001800153d0 f   sfc_debug:sfcdebug.obj
 0001:000144c0       sf_debug_select_chart      00000001800154c0 f   sfc_debug:sfcdebug.obj
 0001:00014620       sf_debug_set_instance_cv_ids 0000000180015620 f   sfc_debug:sfcdebug.obj
 0001:00014950       sf_debug_select_charts     0000000180015950 f   sfc_debug:sfcdebug.obj
 0001:00014b00       sf_debug_initialized       0000000180015b00 f   sfc_debug:sfcdebug.obj
 0001:00014b20       sf_debug_is_uninterruptible 0000000180015b20 f   sfc_debug:sfcdebug.obj
 0001:00014b50       sf_debug_initialize_debugger_gui 0000000180015b50 f   sfc_debug:sfcdebug.obj
 0001:00014f30       sf_debug_resume            0000000180015f30 f   sfc_debug:sfcdebug.obj
 0001:00014f50       sf_debug_go                0000000180015f50 f   sfc_debug:sfcdebug.obj
 0001:00014f60       sf_debug_break             0000000180015f60 f   sfc_debug:sfcdebug.obj
 0001:00014f70       sf_debug_step_over         0000000180015f70 f   sfc_debug:sfcdebug.obj
 0001:00014f80       sf_debug_step_out          0000000180015f80 f   sfc_debug:sfcdebug.obj
 0001:00014f90       sf_debug_set_disable_all_breakpoints 0000000180015f90 f   sfc_debug:sfcdebug.obj
 0001:00014fa0       sf_debug_disable_all_breakpoints_and_go 0000000180015fa0 f   sfc_debug:sfcdebug.obj
 0001:00014fb0       sf_debug_break_on_chart_entry 0000000180015fb0 f   sfc_debug:sfcdebug.obj
 0001:00014fc0       sf_debug_break_on_event_broadcast 0000000180015fc0 f   sfc_debug:sfcdebug.obj
 0001:00014fd0       sf_debug_break_on_state_entry 0000000180015fd0 f   sfc_debug:sfcdebug.obj
 0001:00014fe0       sf_debug_break_between_times 0000000180015fe0 f   sfc_debug:sfcdebug.obj
 0001:00015000       sf_debug_browse_data       0000000180016000 f   sfc_debug:sfcdebug.obj
 0001:00015010       sf_debug_watch_data        0000000180016010 f   sfc_debug:sfcdebug.obj
 0001:00015040       sf_debug_assign_data       0000000180016040 f   sfc_debug:sfcdebug.obj
 0001:00015050       sf_debug_whos              0000000180016050 f   sfc_debug:sfcdebug.obj
 0001:00015070       sf_debug_get_consistency_info 0000000180016070 f   sfc_debug:sfcdebug.obj
 0001:00015080       sf_debug_browse_trace      0000000180016080 f   sfc_debug:sfcdebug.obj
 0001:00015090       sf_debug_set_breakpoints   0000000180016090 f   sfc_debug:sfcdebug.obj
 0001:00015200       sf_debug_set_eml_breakpoints 0000000180016200 f   sfc_debug:sfcdebug.obj
 0001:00015360       sf_debug_set_script_breakpoints 0000000180016360 f   sfc_debug:sfcdebug.obj
 0001:000153e0       sf_debug_add_script_breakpoints 00000001800163e0 f   sfc_debug:sfcdebug.obj
 0001:00015450       sf_debug_clear_script_breakpoints 0000000180016450 f   sfc_debug:sfcdebug.obj
 0001:000154c0       sf_debug_query_script_breakpoints 00000001800164c0 f   sfc_debug:sfcdebug.obj
 0001:00015570       sf_debug_get_eml_script_id 0000000180016570 f   sfc_debug:sfcdebug.obj
 0001:000155c0       sf_debug_set_watch         00000001800165c0 f   sfc_debug:sfcdebug.obj
 0001:000157e0       sf_debug_get_instance_handle 00000001800167e0 f   sfc_debug:sfcdebug.obj
 0001:00015870       sf_debug_get_active_states 0000000180016870 f   sfc_debug:sfcdebug.obj
 0001:00015880       sf_debug_set_honor_breakpoints 0000000180016880 f   sfc_debug:sfcdebug.obj
 0001:00015890       sf_debug_get_animation     0000000180016890 f   sfc_debug:sfcdebug.obj
 0001:000158a0       sf_debug_set_animation     00000001800168a0 f   sfc_debug:sfcdebug.obj
 0001:000158b0       sf_debug_animate           00000001800168b0 f   sfc_debug:sfcdebug.obj
 0001:000158d0       sf_debug_cycle_detection_check 00000001800168d0 f   sfc_debug:sfcdebug.obj
 0001:000158e0       sf_debug_data_range_check  00000001800168e0 f   sfc_debug:sfcdebug.obj
 0001:000158f0       sf_debug_transition_conflict_check 00000001800168f0 f   sfc_debug:sfcdebug.obj
 0001:00015900       sf_debug_state_consistency_check 0000000180016900 f   sfc_debug:sfcdebug.obj
 0001:00015910       sf_debug_data_range_check_enabled 0000000180016910 f   sfc_debug:sfcdebug.obj
 0001:00015930       sf_debug_transition_conflict_check_enabled 0000000180016930 f   sfc_debug:sfcdebug.obj
 0001:00015950       sf_debug_transition_conflict_check_begin 0000000180016950 f   sfc_debug:sfcdebug.obj
 0001:00015970       sf_debug_transition_conflict_check_end 0000000180016970 f   sfc_debug:sfcdebug.obj
 0001:00015990       sf_debug_stop_debugging    0000000180016990 f   sfc_debug:sfcdebug.obj
 0001:000159c0       sf_debug_is_cycle_detected 00000001800169c0 f   sfc_debug:sfcdebug.obj
 0001:000159d0       sf_debug_is_array_bounds_detected 00000001800169d0 f   sfc_debug:sfcdebug.obj
 0001:000159e0       sf_debug_get_state_vectors_data_size 00000001800169e0 f   sfc_debug:sfcdebug.obj
 0001:00015a20       sf_debug_get_state_vectors_data 0000000180016a20 f   sfc_debug:sfcdebug.obj
 0001:00015b30       sf_debug_set_state_vectors_data 0000000180016b30 f   sfc_debug:sfcdebug.obj
 0001:00015dc0       sf_debug_get_script_index  0000000180016dc0 f   sfc_debug:sfcdebug.obj
 0001:00015f50       sf_debug_add_script        0000000180016f50 f   sfc_debug:sfcdebug.obj
 0001:000160e0       cv_eval_point              00000001800170e0 f   sfc_debug:sfcdebug.obj
 0001:00016250       cv_eval_testobjective      0000000180017250 f   sfc_debug:sfcdebug.obj
 0001:00016360       sf_debug_cv_init_state     0000000180017360 f   sfc_debug:sfcdebug.obj
 0001:00016490       sf_debug_cv_init_chart     0000000180017490 f   sfc_debug:sfcdebug.obj
 0001:00016580       sf_debug_cv_init_trans     0000000180017580 f   sfc_debug:sfcdebug.obj
 0001:00016690       sf_debug_cv_init_saturation 0000000180017690 f   sfc_debug:sfcdebug.obj
 0001:00016790       sf_debug_cv_init_testobjectives 0000000180017790 f   sfc_debug:sfcdebug.obj
 0001:00016970       cv_eml_init_script         0000000180017970 f   sfc_debug:sfcdebug.obj
 0001:00016a90       cv_eml_init_fcn            0000000180017a90 f   sfc_debug:sfcdebug.obj
 0001:00016ba0       cv_eml_init_testobjective  0000000180017ba0 f   sfc_debug:sfcdebug.obj
 0001:00016c80       cv_eml_init_saturation     0000000180017c80 f   sfc_debug:sfcdebug.obj
 0001:00016d50       cv_eml_init_if             0000000180017d50 f   sfc_debug:sfcdebug.obj
 0001:00016e30       cv_eml_init_for            0000000180017e30 f   sfc_debug:sfcdebug.obj
 0001:00016f00       cv_eml_init_while          0000000180017f00 f   sfc_debug:sfcdebug.obj
 0001:00016fd0       cv_eml_init_mcdc           0000000180017fd0 f   sfc_debug:sfcdebug.obj
 0001:000170f0       cv_eml_init_switch         00000001800180f0 f   sfc_debug:sfcdebug.obj
 0001:000171f0       cv_eml_eval                00000001800181f0 f   sfc_debug:sfcdebug.obj
 0001:000172e0       sf_debug_bm_is_a_eml_breakpoint 00000001800182e0 f   sfc_debug:sfcdebug.obj
 0001:00017430       sf_debug_temporal_threshold 0000000180018430 f   sfc_debug:sfcdebug.obj
 0001:000177a0       sf_debug_transition_conflict_error 00000001800187a0 f   sfc_debug:sfcdebug.obj
 0001:00017b00       sf_debug_state_inconsistency_error 0000000180018b00 f   sfc_debug:sfcdebug.obj
 0001:00017c20       sf_debug_check_for_state_inconsistency 0000000180018c20 f   sfc_debug:sfcdebug.obj
 0001:00017c60       sf_debug_cycle_detecton_error 0000000180018c60 f   sfc_debug:sfcdebug.obj
 0001:000183b0       sf_debug_size_eq_check_1d  00000001800193b0 f   sfc_debug:sfcdebug.obj
 0001:000183d0       sf_debug_size_eq_check_nd  00000001800193d0 f   sfc_debug:sfcdebug.obj
 0001:000185d0       sf_debug_dim_size_eq_check 00000001800195d0 f   sfc_debug:sfcdebug.obj
 0001:00018600       sf_debug_dim_size_geq_check 0000000180019600 f   sfc_debug:sfcdebug.obj
 0001:00018630       sf_debug_sub_assign_size_check_nd 0000000180019630 f   sfc_debug:sfcdebug.obj
 0001:00018810       sf_debug_matrix_matrix_index_check 0000000180019810 f   sfc_debug:sfcdebug.obj
 0001:00018860       sf_debug_vector_vector_index_check 0000000180019860 f   sfc_debug:sfcdebug.obj
 0001:000188b0       sf_debug_for_loop_vector_check 00000001800198b0 f   sfc_debug:sfcdebug.obj
 0001:00018950       sf_debug_runtime_error_msgid 0000000180019950 f   sfc_debug:sfcdebug.obj
 0001:000189f0       sf_debug_data_array_bounds_error_check 00000001800199f0 f   sfc_debug:sfcdebug.obj
 0001:00018b00       sf_debug_eml_data_array_bounds_error_check 0000000180019b00 f   sfc_debug:sfcdebug.obj
 0001:00018fc0       sf_debug_integer_check     0000000180019fc0 f   sfc_debug:sfcdebug.obj
 0001:000190b0       sf_debug_not_nan_check     000000018001a0b0 f   sfc_debug:sfcdebug.obj
 0001:00019180       sf_debug_non_negative_check 000000018001a180 f   sfc_debug:sfcdebug.obj
 0001:00019250       sf_debug_overflow_detection 000000018001a250 f   sfc_debug:sfcdebug.obj
 0001:000198b0       sf_debug_cast_to_real32_T  000000018001a8b0 f   sfc_debug:sfcdebug.obj
 0001:00019980       sf_debug_cast_to_int8_T    000000018001a980 f   sfc_debug:sfcdebug.obj
 0001:00019a50       sf_debug_cast_to_uint8_T   000000018001aa50 f   sfc_debug:sfcdebug.obj
 0001:00019b20       sf_debug_cast_to_int16_T   000000018001ab20 f   sfc_debug:sfcdebug.obj
 0001:00019bf0       sf_debug_cast_to_uint16_T  000000018001abf0 f   sfc_debug:sfcdebug.obj
 0001:00019cc0       sf_debug_cast_to_int32_T   000000018001acc0 f   sfc_debug:sfcdebug.obj
 0001:00019d90       sf_debug_cast_to_uint32_T  000000018001ad90 f   sfc_debug:sfcdebug.obj
 0001:00019e60       sf_debug_data_range_error  000000018001ae60 f   sfc_debug:sfcdebug.obj
 0001:0001a170       sf_debug_read_before_write_check 000000018001b170 f   sfc_debug:sfcdebug.obj
 0001:0001a5a0       sf_debug_data_range_error_wrapper_min_max 000000018001b5a0 f   sfc_debug:sfcdebug.obj
 0001:0001a6c0       sf_debug_data_range_error_wrapper_min 000000018001b6c0 f   sfc_debug:sfcdebug.obj
 0001:0001a7d0       sf_debug_data_range_error_wrapper_max 000000018001b7d0 f   sfc_debug:sfcdebug.obj
 0001:0001a8e0       sf_debug_data_range_wrapper 000000018001b8e0 f   sfc_debug:sfcdebug.obj
 0001:0001a9a0       sf_debug_set_current_status_info 000000018001b9a0 f   sfc_debug:sfcdebug.obj
 0001:0001ad40       sf_debug_register_message_post_receive_info 000000018001bd40 f   sfc_debug:sfcdebug.obj
 0001:0001af90       sf_debug_call              000000018001bf90 f   sfc_debug:sfcdebug.obj
 0001:0001b8f0       sf_debug_initialize_machine 000000018001c8f0 f   sfc_debug:sfcdebug.obj
 0001:0001bba0       sf_debug_initialize_chart  000000018001cba0 f   sfc_debug:sfcdebug.obj
 0001:0001bff0       sf_debug_ensure_script     000000018001cff0 f   sfc_debug:sfcdebug.obj
 0001:0001c0a0       cv_eval_saturation         000000018001d0a0 f   sfc_debug:sfcdebug.obj
 0001:0001c220       cv_saturation_accum        000000018001d220 f   sfc_debug:sfcdebug.obj
 0001:0001c360       cv_script_init_script      000000018001d360 f   sfc_debug:sfcdebug.obj
 0001:0001c450       cv_script_init_fcn         000000018001d450 f   sfc_debug:sfcdebug.obj
 0001:0001c510       cv_script_init_testobjective 000000018001d510 f   sfc_debug:sfcdebug.obj
 0001:0001c5d0       cv_script_init_saturation  000000018001d5d0 f   sfc_debug:sfcdebug.obj
 0001:0001c680       cv_script_init_if          000000018001d680 f   sfc_debug:sfcdebug.obj
 0001:0001c740       cv_script_init_for         000000018001d740 f   sfc_debug:sfcdebug.obj
 0001:0001c7f0       cv_script_init_while       000000018001d7f0 f   sfc_debug:sfcdebug.obj
 0001:0001c8a0       cv_script_init_mcdc        000000018001d8a0 f   sfc_debug:sfcdebug.obj
 0001:0001c9a0       cv_script_init_switch      000000018001d9a0 f   sfc_debug:sfcdebug.obj
 0001:0001ca80       cv_script_eval             000000018001da80 f   sfc_debug:sfcdebug.obj
 0001:0001cb50       eml_debug_line_call        000000018001db50 f   sfc_debug:sfcdebug.obj
 0001:0001cd20       sf_debug_terminate         000000018001dd20 f   sfc_debug:sfcdebug.obj
 0001:0001cf30       sf_debug_set_script_cv_ids 000000018001df30 f   sfc_debug:sfcdebug.obj
 0001:0001d060       sf_debug_api               000000018001e060 f   sfc_debug:sfc_api.obj
 0001:0001e950       sf_debug_sm_terminate      000000018001f950 f   sfc_debug:sfdb_animation.obj
 0001:0001eb00       sf_debug_reset_path_objects 000000018001fb00 f   sfc_debug:sfdb_animation.obj
 0001:0001eb80       sf_debug_sm_reset_object_selection_status 000000018001fb80 f   sfc_debug:sfdb_animation.obj
 0001:0001ec20       sf_debug_sm_reset_state_buffer 000000018001fc20 f   sfc_debug:sfdb_animation.obj
 0001:0001ecf0       sf_debug_sm_store_state_buffer 000000018001fcf0 f   sfc_debug:sfdb_animation.obj
 0001:0001ed70       sf_debug_sm_restore_state_buffer1 000000018001fd70 f   sfc_debug:sfdb_animation.obj
 0001:0001ede0       sf_debug_sm_restore_state_buffer2 000000018001fde0 f   sfc_debug:sfdb_animation.obj
 0001:0001ee50       sf_debug_sm_chart_active   000000018001fe50 f   sfc_debug:sfdb_animation.obj
 0001:0001eea0       sf_debug_sm_select_active_objects 000000018001fea0 f   sfc_debug:sfdb_animation.obj
 0001:0001f370       sf_debug_sm_is_chart_active 0000000180020370 f   sfc_debug:sfdb_animation.obj
 0001:0001f3b0       sf_debug_sm_is_state_active 00000001800203b0 f   sfc_debug:sfdb_animation.obj
 0001:0001f5f0       sf_debug_sm_get_active_states 00000001800205f0 f   sfc_debug:sfdb_animation.obj
 0001:0001fba0       sf_debug_sm_initialize_instance 0000000180020ba0 f   sfc_debug:sfdb_animation.obj
 0001:0001fdb0       sf_debug_sm_change_object_selection_status 0000000180020db0 f   sfc_debug:sfdb_animation.obj
 0001:00020080       cv_create_interface        0000000180021080 f   sfc_debug:cv_sfinterface.obj
 0001:00020390       cv_init_trans              0000000180021390 f   sfc_debug:cv_sfinterface.obj
 0001:000203e0       cv_init_saturation         00000001800213e0 f   sfc_debug:cv_sfinterface.obj
 0001:00020420       cv_init_testobjective      0000000180021420 f   sfc_debug:cv_sfinterface.obj
 0001:00020460       cv_init_state              0000000180021460 f   sfc_debug:cv_sfinterface.obj
 0001:000204d0       cv_init_chart              00000001800214d0 f   sfc_debug:cv_sfinterface.obj
 0001:00020520       cv_dec_update_call         0000000180021520 f   sfc_debug:cv_sfinterface.obj
 0001:00020560       cv_cond_update_call        0000000180021560 f   sfc_debug:cv_sfinterface.obj
 0001:000205a0       cv_saturation_update_call  00000001800215a0 f   sfc_debug:cv_sfinterface.obj
 0001:000205e0       cv_saturation_update_accum 00000001800215e0 f   sfc_debug:cv_sfinterface.obj
 0001:00020620       cv_testobjective_update_call 0000000180021620 f   sfc_debug:cv_sfinterface.obj
 0001:00020660       cv_sigrange_update         0000000180021660 f   sfc_debug:cv_sfinterface.obj
 0001:000206a0       cvsf_eml_eval              00000001800216a0 f   sfc_debug:cv_sfinterface.obj
 0001:00020780       cvsf_eml_init_script       0000000180021780 f   sfc_debug:cv_sfinterface.obj
 0001:00020810       cvsf_eml_init_fcn          0000000180021810 f   sfc_debug:cv_sfinterface.obj
 0001:00020870       cvsf_eml_init_testobjective 0000000180021870 f   sfc_debug:cv_sfinterface.obj
 0001:000208d0       cvsf_eml_init_saturation   00000001800218d0 f   sfc_debug:cv_sfinterface.obj
 0001:00020920       cvsf_eml_init_if           0000000180021920 f   sfc_debug:cv_sfinterface.obj
 0001:00020980       cvsf_eml_init_for          0000000180021980 f   sfc_debug:cv_sfinterface.obj
 0001:000209d0       cvsf_eml_init_while        00000001800219d0 f   sfc_debug:cv_sfinterface.obj
 0001:00020a20       cvsf_eml_init_mcdc         0000000180021a20 f   sfc_debug:cv_sfinterface.obj
 0001:00020ab0       cvsf_eml_init_switch       0000000180021ab0 f   sfc_debug:cv_sfinterface.obj
 0001:00020b20       cvsf_script_eval           0000000180021b20 f   sfc_debug:cv_sfinterface.obj
 0001:00020c00       cvsf_script_init_script    0000000180021c00 f   sfc_debug:cv_sfinterface.obj
 0001:00020c90       cvsf_script_init_fcn       0000000180021c90 f   sfc_debug:cv_sfinterface.obj
 0001:00020cf0       cvsf_script_init_testobjective 0000000180021cf0 f   sfc_debug:cv_sfinterface.obj
 0001:00020d50       cvsf_script_init_saturation 0000000180021d50 f   sfc_debug:cv_sfinterface.obj
 0001:00020da0       cvsf_script_init_if        0000000180021da0 f   sfc_debug:cv_sfinterface.obj
 0001:00020e00       cvsf_script_init_for       0000000180021e00 f   sfc_debug:cv_sfinterface.obj
 0001:00020e50       cvsf_script_init_while     0000000180021e50 f   sfc_debug:cv_sfinterface.obj
 0001:00020ea0       cvsf_script_init_mcdc      0000000180021ea0 f   sfc_debug:cv_sfinterface.obj
 0001:00020f30       cvsf_script_init_switch    0000000180021f30 f   sfc_debug:cv_sfinterface.obj
 0001:00020fa0       cv_destroy_interface       0000000180021fa0 f   sfc_debug:cv_sfinterface.obj
 0001:00020fc0       cv_create_instance_objects 0000000180021fc0 f   sfc_debug:cv_sfinterface.obj
 0001:00021430       cv_is_enabled              0000000180022430 f   sfc_debug:cv_sfinterface.obj
 0001:00021440       sf_debug_cv_initialize_script 0000000180022440 f   sfc_debug:cv_sfinterface.obj
 0001:000215d0       sf_debug_cv_initialize_instance 00000001800225d0 f   sfc_debug:cv_sfinterface.obj
 0001:00021960       sf_debug_cv_terminate_chart 0000000180022960 f   sfc_debug:cv_sfinterface.obj
 0001:00021a80       cv_call_trans_test         0000000180022a80 f   sfc_debug:cv_sfinterface.obj
 0001:00021a90       cv_call_sub_cond_test      0000000180022a90 f   sfc_debug:cv_sfinterface.obj
 0001:00021ad0       sf_debug_st_initialize_machine 0000000180022ad0 f   sfc_debug:sfdb_data_browse.obj
 0001:00021b80       sf_debug_st_initialize_instance 0000000180022b80 f   sfc_debug:sfdb_data_browse.obj
 0001:00021d90       sf_debug_st_terminate      0000000180022d90 f   sfc_debug:sfdb_data_browse.obj
 0001:00022130       sf_debug_st_set_data_value_ptr_in_machine 0000000180023130 f   sfc_debug:sfdb_data_browse.obj
 0001:000221c0       sf_debug_st_set_data_value_ptr_in_instance 00000001800231c0 f   sfc_debug:sfdb_data_browse.obj
 0001:000222a0       sf_debug_st_unset_data_value_ptr_in_machine 00000001800232a0 f   sfc_debug:sfdb_data_browse.obj
 0001:00022310       sf_debug_st_unset_data_value_ptr_in_instance 0000000180023310 f   sfc_debug:sfdb_data_browse.obj
 0001:000225d0       sf_debug_mx_value          00000001800235d0 f   sfc_debug:sfdb_data_browse.obj
 0001:00022630       sf_debug_mx_packed_vector  0000000180023630 f   sfc_debug:sfdb_data_browse.obj
 0001:00022710       sf_debug_mx_uint_vector    0000000180023710 f   sfc_debug:sfdb_data_browse.obj
 0001:000227c0       sf_debug_st_get_double_value_from_void_ptr_vector 00000001800237c0 f   sfc_debug:sfdb_data_browse.obj
 0001:000232a0       sf_debug_st_browse_data    00000001800242a0 f   sfc_debug:sfdb_data_browse.obj
 0001:00023ae0       sf_debug_hm_initialize_instance 0000000180024ae0 f   sfc_debug:sfdb_handle_management.obj
 0001:00023fc0       sf_debug_hm_get_object_id  0000000180024fc0 f   sfc_debug:sfdb_handle_management.obj
 0001:00024b70       sf_debug_hm_update_chart_visibility 0000000180025b70 f   sfc_debug:sfdb_handle_management.obj
 0001:00025d60       sf_debug_object_is_eml_function 0000000180026d60 f   sfc_debug:sfdb_handle_management.obj
 0001:00025dd0       sf_debug_hm_initialize_ids_in_machine 0000000180026dd0 f   sfc_debug:sfdb_handle_management.obj
 0001:00025f40       sf_debug_hm_initialize_ids_in_chart 0000000180026f40 f   sfc_debug:sfdb_handle_management.obj
 0001:00026040       sf_debug_hm_initialize_chart 0000000180027040 f   sfc_debug:sfdb_handle_management.obj
 0001:00026740       sf_debug_hm_terminate      0000000180027740 f   sfc_debug:sfdb_handle_management.obj
 0001:000267a0       sf_debug_hm_initialize_machine 00000001800277a0 f   sfc_debug:sfdb_handle_management.obj
 0001:00026ec0       sf_debug_ss_initialize     0000000180027ec0 f   sfc_debug:sfdb_symbol_scope.obj
 0001:00026ee0       sf_debug_ss_terminate      0000000180027ee0 f   sfc_debug:sfdb_symbol_scope.obj
 0001:00026f70       sf_debug_ss_push_symbol_scope 0000000180027f70 f   sfc_debug:sfdb_symbol_scope.obj
 0001:00027070       sf_debug_ss_push_symbol_scope_eml 0000000180028070 f   sfc_debug:sfdb_symbol_scope.obj
 0001:000270d0       sf_debug_ss_pop_symbol_scope 00000001800280d0 f   sfc_debug:sfdb_symbol_scope.obj
 0001:00027180       sf_debug_ss_add_symbol     0000000180028180 f   sfc_debug:sfdb_symbol_scope.obj
 0001:000272f0       sf_debug_ss_add_symbol_eml 00000001800282f0 f   sfc_debug:sfdb_symbol_scope.obj
 0001:000281f0       sf_debug_ss_set_data_value 00000001800291f0 f   sfc_debug:sfdb_symbol_scope.obj
 0001:00028640       getInstanceNumber          0000000180029640 f   sfc_debug:sfdb_symbol_scope.obj
 0001:00028710       sf_debug_ss_watch_data     0000000180029710 f   sfc_debug:sfdb_symbol_scope.obj
 0001:00028900       sf_debug_ss_assign_data    0000000180029900 f   sfc_debug:sfdb_symbol_scope.obj
 0001:00029310       get_data_entry_name        000000018002a310 f   sfc_debug:sfdb_symbol_scope.obj
 0001:00029360       sf_debug_ss_whos           000000018002a360 f   sfc_debug:sfdb_symbol_scope.obj
 0001:000299b0       sf_debug_cc_initialize_chart 000000018002a9b0 f   sfc_debug:sfdb_coverage.obj
 0001:0002a3a0       sf_debug_cc_initialize_instance 000000018002b3a0 f   sfc_debug:sfdb_coverage.obj
 0001:0002b0e0       sf_debug_cc_terminate      000000018002c0e0 f   sfc_debug:sfdb_coverage.obj
 0001:0002b1d0       sf_debug_cc_set_transition_maps 000000018002c1d0 f   sfc_debug:sfdb_coverage.obj
 0001:0002b300       sf_debug_cc_set_state_maps 000000018002c300 f   sfc_debug:sfdb_coverage.obj
 0001:0002b3e0       sf_debug_cc_set_transition_weights 000000018002c3e0 f   sfc_debug:sfdb_coverage.obj
 0001:0002b6a0       sf_debug_cc_set_state_weights 000000018002c6a0 f   sfc_debug:sfdb_coverage.obj
 0001:0002b970       sf_debug_cc_mark_transition_guard 000000018002c970 f   sfc_debug:sfdb_coverage.obj
 0001:0002ba00       sf_debug_cc_mark_transition_trigger 000000018002ca00 f   sfc_debug:sfdb_coverage.obj
 0001:0002ba90       sf_debug_cc_mark_transition_decision 000000018002ca90 f   sfc_debug:sfdb_coverage.obj
 0001:0002bb00       sf_debug_cc_mark_transition_condition_action 000000018002cb00 f   sfc_debug:sfdb_coverage.obj
 0001:0002bb50       sf_debug_cc_mark_transition_transition_action 000000018002cb50 f   sfc_debug:sfdb_coverage.obj
 0001:0002bba0       sf_debug_cc_mark_state_entry 000000018002cba0 f   sfc_debug:sfdb_coverage.obj
 0001:0002bbf0       sf_debug_cc_mark_state_during 000000018002cbf0 f   sfc_debug:sfdb_coverage.obj
 0001:0002bc40       sf_debug_cc_mark_state_exit 000000018002cc40 f   sfc_debug:sfdb_coverage.obj
 0001:0002bc90       sf_debug_bm_clear_script_breakpoints 000000018002cc90 f   sfc_debug:sfdb_breakpoints.obj
 0001:0002bcc0       sf_debug_bm_set_script_breakpoint 000000018002ccc0 f   sfc_debug:sfdb_breakpoints.obj
 0001:0002bd40       sf_debug_bm_clear_single_script_breakpoint 000000018002cd40 f   sfc_debug:sfdb_breakpoints.obj
 0001:0002bdc0       sf_debug_bm_query_script_breakpoint 000000018002cdc0 f   sfc_debug:sfdb_breakpoints.obj
 0001:0002be10       sf_debug_bm_initialize_scripts 000000018002ce10 f   sfc_debug:sfdb_breakpoints.obj
 0001:0002c4a0       sf_debug_bm_terminate      000000018002d4a0 f   sfc_debug:sfdb_breakpoints.obj
 0001:0002c780       sf_debug_bm_remove_all_breakpoints_in_machine 000000018002d780 f   sfc_debug:sfdb_breakpoints.obj
 0001:0002c7e0       sf_debug_bm_remove_all_breakpoints_in_chart 000000018002d7e0 f   sfc_debug:sfdb_breakpoints.obj
 0001:0002c930       sf_debug_bm_initialize_global_breakpoints 000000018002d930 f   sfc_debug:sfdb_breakpoints.obj
 0001:0002cab0       sf_debug_bm_set_breakpoint 000000018002dab0 f   sfc_debug:sfdb_breakpoints.obj
 0001:0002d070       sf_debug_bm_set_eml_breakpoint 000000018002e070 f   sfc_debug:sfdb_breakpoints.obj
 0001:0002d100       sf_debug_bm_initialize_machine_breakpoint_map 000000018002e100 f   sfc_debug:sfdb_breakpoints.obj
 0001:0002d520       sf_debug_bm_is_a_breakpoint 000000018002e520 f   sfc_debug:sfdb_breakpoints.obj
 0001:0002da40       sf_debug_bm_get_all_breakpoints_in_machine 000000018002ea40 f   sfc_debug:sfdb_breakpoints.obj
 0001:0002dd40       sf_debug_bm_get_all_breakpoints_in_chart 000000018002ed40 f   sfc_debug:sfdb_breakpoints.obj
 0001:0002e8d0       sf_debug_bm_initialize_machine 000000018002f8d0 f   sfc_debug:sfdb_breakpoints.obj
 0001:0002e9a0       sf_debug_bm_initialize_chart 000000018002f9a0 f   sfc_debug:sfdb_breakpoints.obj
 0001:0002ed90       sf_debug_sc_terminate      000000018002fd90 f   sfc_debug:sfdb_state_consistency.obj
 0001:0002f0b0       sf_debug_sc_is_chart_consistent 00000001800300b0 f   sfc_debug:sfdb_state_consistency.obj
 0001:0002f360       sf_debug_sc_get_consistency_error_info 0000000180030360 f   sfc_debug:sfdb_state_consistency.obj
 0001:0002f770       sf_debug_tm_terminate      0000000180030770 f   sfc_debug:sfdb_call_stack.obj
 0001:0002f820       sf_debug_tm_push_chart_instance 0000000180030820 f   sfc_debug:sfdb_call_stack.obj
 0001:0002f960       sf_debug_tm_pop_chart_instance 0000000180030960 f   sfc_debug:sfdb_call_stack.obj
 0001:0002f9c0       sf_debug_tm_push_trace_node 00000001800309c0 f   sfc_debug:sfdb_call_stack.obj
 0001:0002fb40       sf_debug_tm_pop_trace_node 0000000180030b40 f   sfc_debug:sfdb_call_stack.obj
 0001:0002fbc0       sf_debug_tm_get_current_global_trace_index 0000000180030bc0 f   sfc_debug:sfdb_call_stack.obj
 0001:0002fbd0       sf_debug_tm_get_current_local_trace_index 0000000180030bd0 f   sfc_debug:sfdb_call_stack.obj
 0001:0002fc00       sf_debug_tm_set_cycle_detected_flag 0000000180030c00 f   sfc_debug:sfdb_call_stack.obj
 0001:0002fc40       sf_debug_tm_set_cycle_started_flag 0000000180030c40 f   sfc_debug:sfdb_call_stack.obj
 0001:0002fc80       sf_debug_tm_get_chart_number_from_stack 0000000180030c80 f   sfc_debug:sfdb_call_stack.obj
 0001:0002fe80       sf_debug_tm_browse_trace   0000000180030e80 f   sfc_debug:sfdb_call_stack.obj
 0001:00030190       sf_debug_cd_initialize_instance 0000000180031190 f   sfc_debug:sfdb_cycle_detection.obj
 0001:00030440       sf_debug_cd_mark_processed_transition_in_instance 0000000180031440 f   sfc_debug:sfdb_cycle_detection.obj
 0001:000304e0       sf_debug_cd_checksum_push  00000001800314e0 f   sfc_debug:sfdb_cycle_detection.obj
 0001:00030790       sf_debug_cd_checksum_pop   0000000180031790 f   sfc_debug:sfdb_cycle_detection.obj
 0001:00030800       sf_debug_cd_turn_off_cycle_detection 0000000180031800 f   sfc_debug:sfdb_cycle_detection.obj
 0001:00030850       sf_debug_cd_terminate      0000000180031850 f   sfc_debug:sfdb_cycle_detection.obj
 0001:00030a80       md5_initialize_state       0000000180031a80 f   sfc_debug:ckmd5.obj
 0001:00031510       md5_update_state           0000000180032510 f   sfc_debug:ckmd5.obj
 0001:00031530       md5_get_hash               0000000180032530 f   sfc_debug:ckmd5.obj
 0001:00031560       md5_get_hash_for_a_single_string 0000000180032560 f   sfc_debug:ckmd5.obj
 0001:000315c0       mxGetString_730            00000001800325c0 f   libmx:libmx.dll
 0001:000315c6       mxIsChar                   00000001800325c6 f   libmx:libmx.dll
 0001:000315cc       mxCreateString             00000001800325cc f   libmx:libmx.dll
 0001:000315d2       mxGetClassID               00000001800325d2 f   libmx:libmx.dll
 0001:000315d8       mxGetPr                    00000001800325d8 f   libmx:libmx.dll
 0001:000315de       mxCreateDoubleMatrix_730   00000001800325de f   libmx:libmx.dll
 0001:000315e4       mxIsNumeric                00000001800325e4 f   libmx:libmx.dll
 0001:000315ea       mxIsComplex                00000001800325ea f   libmx:libmx.dll
 0001:000315f0       mxGetN                     00000001800325f0 f   libmx:libmx.dll
 0001:000315f6       mxGetM                     00000001800325f6 f   libmx:libmx.dll
 0001:000315fc       mxCalloc                   00000001800325fc f   libmx:libmx.dll
 0001:00031602       mxGetScalar                0000000180032602 f   libmx:libmx.dll
 0001:00031608       mxDestroyArray             0000000180032608 f   libmx:libmx.dll
 0001:0003160e       mxGetString_700            000000018003260e f   libmx:libmx.dll
 0001:00031614       mxCreateDoubleScalar       0000000180032614 f   libmx:libmx.dll
 0001:0003161a       mxFree                     000000018003261a f   libmx:libmx.dll
 0001:00031620       mxArrayToString            0000000180032620 f   libmx:libmx.dll
 0001:00031626       mxGetNumberOfElements      0000000180032626 f   libmx:libmx.dll
 0001:0003162c       mxDuplicateArray           000000018003262c f   libmx:libmx.dll
 0001:00031632       mxGetField_700             0000000180032632 f   libmx:libmx.dll
 0001:00031638       mxSetFieldByNumber_700     0000000180032638 f   libmx:libmx.dll
 0001:0003163e       mxCreateStructArray_700    000000018003263e f   libmx:libmx.dll
 0001:00031644       mxGetData                  0000000180032644 f   libmx:libmx.dll
 0001:0003164a       mxCreateNumericArray_700   000000018003264a f   libmx:libmx.dll
 0001:00031650       mxIsLogical                0000000180032650 f   libmx:libmx.dll
 0001:00031656       mxCreateDoubleMatrix_700   0000000180032656 f   libmx:libmx.dll
 0001:0003165c       mxCreateCellMatrix_700     000000018003265c f   libmx:libmx.dll
 0001:00031662       mxSetCell_700              0000000180032662 f   libmx:libmx.dll
 0001:00031668       mxGetCell_700              0000000180032668 f   libmx:libmx.dll
 0001:0003166e       mxGetClassName             000000018003266e f   libmx:libmx.dll
 0001:00031674       mxSetField_700             0000000180032674 f   libmx:libmx.dll
 0001:0003167a       mxAddField                 000000018003267a f   libmx:libmx.dll
 0001:00031680       mxIsStruct                 0000000180032680 f   libmx:libmx.dll
 0001:00031686       mxIsA                      0000000180032686 f   libmx:libmx.dll
 0001:0003168c       mxIsClass                  000000018003268c f   libmx:libmx.dll
 0001:00031692       mxGetLogicals              0000000180032692 f   libmx:libmx.dll
 0001:00031698       mxIsSparse                 0000000180032698 f   libmx:libmx.dll
 0001:0003169e       mxGetFieldByNumber_700     000000018003269e f   libmx:libmx.dll
 0001:000316a4       mxGetFieldNameByNumber     00000001800326a4 f   libmx:libmx.dll
 0001:000316aa       mxGetNumberOfFields        00000001800326aa f   libmx:libmx.dll
 0001:000316b0       mxCreateStructMatrix_700   00000001800326b0 f   libmx:libmx.dll
 0001:000316b6       mxGetFieldNumber           00000001800326b6 f   libmx:libmx.dll
 0001:000316bc       mxIsNaN                    00000001800326bc f   libmx:libmx.dll
 0001:000316c2       mxIsEmpty                  00000001800326c2 f   libmx:libmx.dll
 0001:000316c8       mxGetImagData              00000001800326c8 f   libmx:libmx.dll
 0001:000316ce       mxArrayClassIDName         00000001800326ce f   libmx:libmx.dll
 0001:000316d4       mxCreateNumericMatrix_700  00000001800326d4 f   libmx:libmx.dll
 0001:000316da       mxCalcSingleSubscript_700  00000001800326da f   libmx:libmx.dll
 0001:000316e0       mxGetDimensions_700        00000001800326e0 f   libmx:libmx.dll
 0001:000316e6       mxGetNumberOfDimensions_700 00000001800326e6 f   libmx:libmx.dll
 0001:000316ec       mxGetElementSize           00000001800326ec f   libmx:libmx.dll
 0001:000316f2       mxCreateStringFromNChars_700 00000001800326f2 f   libmx:libmx.dll
 0001:000316f8       mxIsLogicalScalarTrue      00000001800326f8 f   libmx:libmx.dll
 0001:000316fe       mxCreateLogicalScalar      00000001800326fe f   libmx:libmx.dll
 0001:00031704       mexUnlock                  0000000180032704 f   libmex:libmex.dll
 0001:0003170a       mexIsLocked                000000018003270a f   libmex:libmex.dll
 0001:00031710       mexWarnMsgTxt              0000000180032710 f   libmex:libmex.dll
 0001:00031716       mexCallMATLAB              0000000180032716 f   libmex:libmex.dll
 0001:0003171c       mexErrMsgTxt               000000018003271c f   libmex:libmex.dll
 0001:00031722       mexMakeArrayPersistent     0000000180032722 f   libmex:libmex.dll
 0001:00031728       mexLock                    0000000180032728 f   libmex:libmex.dll
 0001:0003172e       mexMakeMemoryPersistent    000000018003272e f   libmex:libmex.dll
 0001:00031734       mexSetTrapFlag             0000000180032734 f   libmex:libmex.dll
 0001:0003173a       mexPutVariable             000000018003273a f   libmex:libmex.dll
 0001:00031740       mexGetVariable             0000000180032740 f   libmex:libmex.dll
 0001:00031746       mexFunctionName            0000000180032746 f   libmex:libmex.dll
 0001:0003174c       ssRegisterDataTypeFxpFSlopeFixExpBias 000000018003274c f   libfixedpoint:libfixedpoint.dll
 0001:00031752       ssRegisterDataTypeFxpScaledDouble 0000000180032752 f   libfixedpoint:libfixedpoint.dll
 0001:00031758       utCPUtime                  0000000180032758 f   libut:libut.dll
 0001:0003175e       utVSNprintf                000000018003275e f   libut:libut.dll
 0001:00031764       utFree                     0000000180032764 f   libut:libut.dll
 0001:0003176a       utMalloc                   000000018003276a f   libut:libut.dll
 0001:00031770       utCalloc                   0000000180032770 f   libut:libut.dll
 0001:00031776       utRealloc                  0000000180032776 f   libut:libut.dll
 0001:0003177c       emlrtCreateRootTLS         000000018003277c f   libemlrt:libemlrt.dll
 0001:00031782       emlrtDestroyRootTLS        0000000180032782 f   libemlrt:libemlrt.dll
 0001:00031788       emlrtCheckBuiltInR2012b    0000000180032788 f   libemlrt:libemlrt.dll
 0001:0003178e       emlrtCheckVsBuiltInR2012b  000000018003278e f   libemlrt:libemlrt.dll
 0001:00031794       emlrtCheckEnumR2012b       0000000180032794 f   libemlrt:libemlrt.dll
 0001:0003179a       emlrtCreateEnumR2012b      000000018003279a f   libemlrt:libemlrt.dll
 0001:000317a0       emlrtGetEnumElementR2009a  00000001800327a0 f   libemlrt:libemlrt.dll
 0001:000317a6       emlrtCreateReference       00000001800327a6 f   libemlrt:libemlrt.dll
 0001:000317ac       emlrtImportVsFiArrayR2009b 00000001800327ac f   libemlrt:libemlrt.dll
 0001:000317b2       emlrtNameCapturePostProcessR2012a 00000001800327b2 f   libemlrt:libemlrt.dll
 0001:000317b8       emlrtExtractMessageId      00000001800327b8 f   libemlrt:libemlrt.dll
 0001:000317be       emlrtTranslateMessageIDtoLCPstring 00000001800327be f   libemlrt:libemlrt.dll
 0001:000317c4       emlrtForLoopVectorIsValidR2011b 00000001800327c4 f   libemlrt:libemlrt.dll
 0001:000317ca       emlrtTranslateUTF16MessagetoLCPstring 00000001800327ca f   libemlrt:libemlrt.dll
 0001:000317d0       emlrtGetEnumUnderlyingArrayR2009a 00000001800327d0 f   libemlrt:libemlrt.dll
 0001:000317d6       emlrtIsEnumR2009a          00000001800327d6 f   libemlrt:libemlrt.dll
 0001:000317e0       Robust_MPC_Library_initializer 00000001800327e0 f   Robust_MPC_Library_sfun:Robust_MPC_Library_sfun.obj
 0001:000317f0       Robust_MPC_Library_terminator 00000001800327f0 f   Robust_MPC_Library_sfun:Robust_MPC_Library_sfun.obj
 0001:00031800       sf_Robust_MPC_Library_method_dispatcher 0000000180032800 f   Robust_MPC_Library_sfun:Robust_MPC_Library_sfun.obj
 0001:000318c0       sf_Robust_MPC_Library_process_check_sum_call 00000001800328c0 f   Robust_MPC_Library_sfun:Robust_MPC_Library_sfun.obj
 0001:00031b90       sf_Robust_MPC_Library_autoinheritance_info 0000000180032b90 f   Robust_MPC_Library_sfun:Robust_MPC_Library_sfun.obj
 0001:00031d50       sf_Robust_MPC_Library_get_eml_resolved_functions_info 0000000180032d50 f   Robust_MPC_Library_sfun:Robust_MPC_Library_sfun.obj
 0001:00031e80       sf_Robust_MPC_Library_third_party_uses_info 0000000180032e80 f   Robust_MPC_Library_sfun:Robust_MPC_Library_sfun.obj
 0001:00032020       Robust_MPC_Library_debug_initialize 0000000180033020 f   Robust_MPC_Library_sfun:Robust_MPC_Library_sfun.obj
 0001:000320b0       Robust_MPC_Library_register_exported_symbols 00000001800330b0 f   Robust_MPC_Library_sfun:Robust_MPC_Library_sfun.obj
 0001:000320c0       load_Robust_MPC_Library_optimization_info 00000001800330c0 f   Robust_MPC_Library_sfun:Robust_MPC_Library_sfun.obj
 0001:00032110       unload_Robust_MPC_Library_optimization_info 0000000180033110 f   Robust_MPC_Library_sfun:Robust_MPC_Library_sfun.obj
 0001:00032140       sf_c1_Sao0Rb2K8eEHuTEJX93O2C_Robust_MPC_Library_get_eml_resolved_functions_info 0000000180033140 f   Robust_MPC_Library_sfun:c1_Sao0Rb2K8eEHuTEJX93O2C_Robust_MPC_Library.obj
 0001:00033390       sf_c1_Sao0Rb2K8eEHuTEJX93O2C_Robust_MPC_Library_get_check_sum 0000000180034390 f   Robust_MPC_Library_sfun:c1_Sao0Rb2K8eEHuTEJX93O2C_Robust_MPC_Library.obj
 0001:00033410       sf_c1_Sao0Rb2K8eEHuTEJX93O2C_Robust_MPC_Library_get_autoinheritance_info 0000000180034410 f   Robust_MPC_Library_sfun:c1_Sao0Rb2K8eEHuTEJX93O2C_Robust_MPC_Library.obj
 0001:000344f0       sf_c1_Sao0Rb2K8eEHuTEJX93O2C_Robust_MPC_Library_third_party_uses_info 00000001800354f0 f   Robust_MPC_Library_sfun:c1_Sao0Rb2K8eEHuTEJX93O2C_Robust_MPC_Library.obj
 0001:00034520       sf_internal_get_sim_state_c1_Sao0Rb2K8eEHuTEJX93O2C_Robust_MPC_Library 0000000180035520 f   Robust_MPC_Library_sfun:c1_Sao0Rb2K8eEHuTEJX93O2C_Robust_MPC_Library.obj
 0001:00034a00       sf_internal_set_sim_state_c1_Sao0Rb2K8eEHuTEJX93O2C_Robust_MPC_Library 0000000180035a00 f   Robust_MPC_Library_sfun:c1_Sao0Rb2K8eEHuTEJX93O2C_Robust_MPC_Library.obj
 0001:00034e90       c1_Sao0Rb2K8eEHuTEJX93O2C_Robust_MPC_Library_method_dispatcher 0000000180035e90 f   Robust_MPC_Library_sfun:c1_Sao0Rb2K8eEHuTEJX93O2C_Robust_MPC_Library.obj
 0001:0003dbc0       sf_c1_IFys0ySoH5H7B0jKpOd2xE_Robust_MPC_Library_get_eml_resolved_functions_info 000000018003ebc0 f   Robust_MPC_Library_sfun:c1_IFys0ySoH5H7B0jKpOd2xE_Robust_MPC_Library.obj
 0001:0003edc0       sf_c1_IFys0ySoH5H7B0jKpOd2xE_Robust_MPC_Library_get_check_sum 000000018003fdc0 f   Robust_MPC_Library_sfun:c1_IFys0ySoH5H7B0jKpOd2xE_Robust_MPC_Library.obj
 0001:0003ee40       sf_c1_IFys0ySoH5H7B0jKpOd2xE_Robust_MPC_Library_get_autoinheritance_info 000000018003fe40 f   Robust_MPC_Library_sfun:c1_IFys0ySoH5H7B0jKpOd2xE_Robust_MPC_Library.obj
 0001:0003ff20       sf_c1_IFys0ySoH5H7B0jKpOd2xE_Robust_MPC_Library_third_party_uses_info 0000000180040f20 f   Robust_MPC_Library_sfun:c1_IFys0ySoH5H7B0jKpOd2xE_Robust_MPC_Library.obj
 0001:0003ff50       sf_internal_get_sim_state_c1_IFys0ySoH5H7B0jKpOd2xE_Robust_MPC_Library 0000000180040f50 f   Robust_MPC_Library_sfun:c1_IFys0ySoH5H7B0jKpOd2xE_Robust_MPC_Library.obj
 0001:00040430       sf_internal_set_sim_state_c1_IFys0ySoH5H7B0jKpOd2xE_Robust_MPC_Library 0000000180041430 f   Robust_MPC_Library_sfun:c1_IFys0ySoH5H7B0jKpOd2xE_Robust_MPC_Library.obj
 0001:000408c0       c1_IFys0ySoH5H7B0jKpOd2xE_Robust_MPC_Library_method_dispatcher 00000001800418c0 f   Robust_MPC_Library_sfun:c1_IFys0ySoH5H7B0jKpOd2xE_Robust_MPC_Library.obj
 0001:000491e0       sf_c1_BqLEbDSqkPIlCfV7CVGezF_Robust_MPC_Library_get_eml_resolved_functions_info 000000018004a1e0 f   Robust_MPC_Library_sfun:c1_BqLEbDSqkPIlCfV7CVGezF_Robust_MPC_Library.obj
 0001:0004a410       sf_c1_BqLEbDSqkPIlCfV7CVGezF_Robust_MPC_Library_get_check_sum 000000018004b410 f   Robust_MPC_Library_sfun:c1_BqLEbDSqkPIlCfV7CVGezF_Robust_MPC_Library.obj
 0001:0004a490       sf_c1_BqLEbDSqkPIlCfV7CVGezF_Robust_MPC_Library_get_autoinheritance_info 000000018004b490 f   Robust_MPC_Library_sfun:c1_BqLEbDSqkPIlCfV7CVGezF_Robust_MPC_Library.obj
 0001:0004b570       sf_c1_BqLEbDSqkPIlCfV7CVGezF_Robust_MPC_Library_third_party_uses_info 000000018004c570 f   Robust_MPC_Library_sfun:c1_BqLEbDSqkPIlCfV7CVGezF_Robust_MPC_Library.obj
 0001:0004b5a0       sf_internal_get_sim_state_c1_BqLEbDSqkPIlCfV7CVGezF_Robust_MPC_Library 000000018004c5a0 f   Robust_MPC_Library_sfun:c1_BqLEbDSqkPIlCfV7CVGezF_Robust_MPC_Library.obj
 0001:0004ba70       sf_internal_set_sim_state_c1_BqLEbDSqkPIlCfV7CVGezF_Robust_MPC_Library 000000018004ca70 f   Robust_MPC_Library_sfun:c1_BqLEbDSqkPIlCfV7CVGezF_Robust_MPC_Library.obj
 0001:0004bf00       c1_BqLEbDSqkPIlCfV7CVGezF_Robust_MPC_Library_method_dispatcher 000000018004cf00 f   Robust_MPC_Library_sfun:c1_BqLEbDSqkPIlCfV7CVGezF_Robust_MPC_Library.obj
 0001:00054c8c       __GSHandlerCheckCommon     0000000180055c8c f   MSVCRT:gshandler.obj
 0001:00054cf0       __GSHandlerCheck           0000000180055cf0 f   MSVCRT:gshandler.obj
 0001:00054d0e       strcmp                     0000000180055d0e f   MSVCRT:MSVCR100.dll
 0001:00054d30       __security_check_cookie    0000000180055d30 f   MSVCRT:amdsecgs.obj
 0001:00054d50       free                       0000000180055d50 f   MSVCRT:MSVCR100.dll
 0001:00054d56       sprintf                    0000000180055d56 f   MSVCRT:MSVCR100.dll
 0001:00054d5c       malloc                     0000000180055d5c f   MSVCRT:MSVCR100.dll
 0001:00054d62       strlen                     0000000180055d62 f   MSVCRT:MSVCR100.dll
 0001:00054d68       strcat                     0000000180055d68 f   MSVCRT:MSVCR100.dll
 0001:00054d6e       memcpy                     0000000180055d6e f   MSVCRT:MSVCR100.dll
 0001:00054d74       NtCurrentTeb               0000000180055d74 f i MSVCRT:crtdll.obj
 0001:00054de0       _CRT_INIT                  0000000180055de0 f   MSVCRT:crtdll.obj
 0001:00055178       _DllMainCRTStartup         0000000180056178 f   MSVCRT:crtdll.obj
 0001:000551b6       _setjmp                    00000001800561b6 f   MSVCRT:MSVCR100.dll
 0001:000551bc       strncpy                    00000001800561bc f   MSVCRT:MSVCR100.dll
 0001:000551e0       __chkstk                   00000001800561e0 f   MSVCRT:chkstk.obj
 0001:000551e0       _alloca_probe              00000001800561e0     MSVCRT:chkstk.obj
 0001:0005522e       longjmp                    000000018005622e f   MSVCRT:MSVCR100.dll
 0001:00055234       strncmp                    0000000180056234 f   MSVCRT:MSVCR100.dll
 0001:0005523a       ceil                       000000018005623a f   MSVCRT:MSVCR100.dll
 0001:00055240       strrchr                    0000000180056240 f   MSVCRT:MSVCR100.dll
 0001:00055246       memset                     0000000180056246 f   MSVCRT:MSVCR100.dll
 0001:0005524c       ldexp                      000000018005624c f   MSVCRT:MSVCR100.dll
 0001:00055254       __report_gsfailure         0000000180056254 f   MSVCRT:gs_report.obj
 0001:000553a0       __clean_type_info_names    00000001800563a0 f   MSVCRT:tncleanup.obj
 0001:000553ac       _onexit                    00000001800563ac f   MSVCRT:atonexit.obj
 0001:0005545c       atexit                     000000018005645c f   MSVCRT:atonexit.obj
 0001:00055474       _RTC_Initialize            0000000180056474 f   MSVCRT:_initsect_.obj
 0001:000554ac       _RTC_Terminate             00000001800564ac f   MSVCRT:_initsect_.obj
 0001:000554e4       _malloc_crt                00000001800564e4 f   MSVCRT:MSVCR100.dll
 0001:000554f0       _ValidateImageBase         00000001800564f0 f   MSVCRT:pesect.obj
 0001:00055520       _FindPESection             0000000180056520 f   MSVCRT:pesect.obj
 0001:00055570       _IsNonwritableInCurrentImage 0000000180056570 f   MSVCRT:pesect.obj
 0001:000555b2       _initterm                  00000001800565b2 f   MSVCRT:MSVCR100.dll
 0001:000555b8       _initterm_e                00000001800565b8 f   MSVCRT:MSVCR100.dll
 0001:000555be       _encoded_null              00000001800565be f   MSVCRT:MSVCR100.dll
 0001:000555c4       _amsg_exit                 00000001800565c4 f   MSVCRT:MSVCR100.dll
 0001:000555ca       __C_specific_handler       00000001800565ca f   MSVCRT:MSVCR100.dll
 0001:000555d0       __CppXcptFilter            00000001800565d0 f   MSVCRT:MSVCR100.dll
 0001:000555d8       DllMain                    00000001800565d8 f   MSVCRT:dllmain.obj
 0001:000555fc       __security_init_cookie     00000001800565fc f   MSVCRT:gs_support.obj
 0001:000556b0       __crt_debugger_hook        00000001800566b0 f   MSVCRT:MSVCR100.dll
 0001:000556b6       __clean_type_info_names_internal 00000001800566b6 f   MSVCRT:MSVCR100.dll
 0001:000556bc       _unlock                    00000001800566bc f   MSVCRT:MSVCR100.dll
 0001:000556c2       __dllonexit                00000001800566c2 f   MSVCRT:MSVCR100.dll
 0001:000556c8       _lock                      00000001800566c8 f   MSVCRT:MSVCR100.dll
 0001:000556ce       EncodePointer              00000001800566ce f   kernel32:KERNEL32.dll
 0001:000556d4       DecodePointer              00000001800566d4 f   kernel32:KERNEL32.dll
 0001:000556da       Sleep                      00000001800566da f   kernel32:KERNEL32.dll
 0001:000556e0       TerminateProcess           00000001800566e0 f   kernel32:KERNEL32.dll
 0001:000556e6       GetCurrentProcess          00000001800566e6 f   kernel32:KERNEL32.dll
 0001:000556ec       UnhandledExceptionFilter   00000001800566ec f   kernel32:KERNEL32.dll
 0001:000556f2       SetUnhandledExceptionFilter 00000001800566f2 f   kernel32:KERNEL32.dll
 0001:000556f8       IsDebuggerPresent          00000001800566f8 f   kernel32:KERNEL32.dll
 0001:000556fe       RtlVirtualUnwind           00000001800566fe f   kernel32:KERNEL32.dll
 0001:00055704       RtlLookupFunctionEntry     0000000180056704 f   kernel32:KERNEL32.dll
 0001:0005570a       RtlCaptureContext          000000018005670a f   kernel32:KERNEL32.dll
 0001:00055710       DisableThreadLibraryCalls  0000000180056710 f   kernel32:KERNEL32.dll
 0001:00055716       QueryPerformanceCounter    0000000180056716 f   kernel32:KERNEL32.dll
 0001:0005571c       GetTickCount               000000018005671c f   kernel32:KERNEL32.dll
 0001:00055722       GetCurrentThreadId         0000000180056722 f   kernel32:KERNEL32.dll
 0001:00055728       GetCurrentProcessId        0000000180056728 f   kernel32:KERNEL32.dll
 0001:0005572e       GetSystemTimeAsFileTime    000000018005672e f   kernel32:KERNEL32.dll
 0001:00055734       mxSetField_730             0000000180056734 f   libmx:libmx.dll
 0001:0005573a       mxCreateStructMatrix_730   000000018005673a f   libmx:libmx.dll
 0001:00055740       mxCreateCellMatrix_730     0000000180056740 f   libmx:libmx.dll
 0001:00055746       muDoubleScalarRound        0000000180056746 f   libmwmathutil:libmwmathutil.dll
 0002:00000000       __imp_GetCurrentProcessId  0000000180057000     kernel32:KERNEL32.dll
 0002:00000008       __imp_GetCurrentThreadId   0000000180057008     kernel32:KERNEL32.dll
 0002:00000010       __imp_GetTickCount         0000000180057010     kernel32:KERNEL32.dll
 0002:00000018       __imp_QueryPerformanceCounter 0000000180057018     kernel32:KERNEL32.dll
 0002:00000020       __imp_DisableThreadLibraryCalls 0000000180057020     kernel32:KERNEL32.dll
 0002:00000028       __imp_RtlCaptureContext    0000000180057028     kernel32:KERNEL32.dll
 0002:00000030       __imp_RtlLookupFunctionEntry 0000000180057030     kernel32:KERNEL32.dll
 0002:00000038       __imp_RtlVirtualUnwind     0000000180057038     kernel32:KERNEL32.dll
 0002:00000040       __imp_IsDebuggerPresent    0000000180057040     kernel32:KERNEL32.dll
 0002:00000048       __imp_SetUnhandledExceptionFilter 0000000180057048     kernel32:KERNEL32.dll
 0002:00000050       __imp_UnhandledExceptionFilter 0000000180057050     kernel32:KERNEL32.dll
 0002:00000058       __imp_GetCurrentProcess    0000000180057058     kernel32:KERNEL32.dll
 0002:00000060       __imp_TerminateProcess     0000000180057060     kernel32:KERNEL32.dll
[...]
 0001:0003d3d0       c1_Sao0Rb2K8eEHuTEJX93O2C_d_sf_marshallIn 000000018003e3d0 f   Robust_MPC_Library_sfun:c1_Sao0Rb2K8eEHuTEJX93O2C_Robust_MPC_Library.obj
 0001:0003d4e0       c1_Sao0Rb2K8eEHuTEJX93O2C_e_emlrt_marshallIn 000000018003e4e0 f   Robust_MPC_Library_sfun:c1_Sao0Rb2K8eEHuTEJX93O2C_Robust_MPC_Library.obj
 0001:0003d5d0       c1_Sao0Rb2K8eEHuTEJX93O2C_e_sf_marshallIn 000000018003e5d0 f   Robust_MPC_Library_sfun:c1_Sao0Rb2K8eEHuTEJX93O2C_Robust_MPC_Library.obj
 0001:0003d730       c1_Sao0Rb2K8eEHuTEJX93O2C_f_emlrt_marshallIn 000000018003e730 f   Robust_MPC_Library_sfun:c1_Sao0Rb2K8eEHuTEJX93O2C_Robust_MPC_Library.obj
 0001:0003d840       c1_Sao0Rb2K8eEHuTEJX93O2C_eml_scalar_eg 000000018003e840 f   Robust_MPC_Library_sfun:c1_Sao0Rb2K8eEHuTEJX93O2C_Robust_MPC_Library.obj
 0001:0003d850       c1_Sao0Rb2K8eEHuTEJX93O2C_b_round 000000018003e850 f   Robust_MPC_Library_sfun:c1_Sao0Rb2K8eEHuTEJX93O2C_Robust_MPC_Library.obj
 0001:0003da70       sf_opaque_get_sim_state_c1_Sao0Rb2K8eEHuTEJX93O2C_Robust_MPC_Library 000000018003ea70 f   Robust_MPC_Library_sfun:c1_Sao0Rb2K8eEHuTEJX93O2C_Robust_MPC_Library.obj
 0001:0003da90       sf_opaque_set_sim_state_c1_Sao0Rb2K8eEHuTEJX93O2C_Robust_MPC_Library 000000018003ea90 f   Robust_MPC_Library_sfun:c1_Sao0Rb2K8eEHuTEJX93O2C_Robust_MPC_Library.obj
 0001:0003dac0       sf_opaque_terminate_c1_Sao0Rb2K8eEHuTEJX93O2C_Robust_MPC_Library 000000018003eac0 f   Robust_MPC_Library_sfun:c1_Sao0Rb2K8eEHuTEJX93O2C_Robust_MPC_Library.obj
 0001:0003db40       finalize_c1_Sao0Rb2K8eEHuTEJX93O2C_Robust_MPC_Library 000000018003eb40 f   Robust_MPC_Library_sfun:c1_Sao0Rb2K8eEHuTEJX93O2C_Robust_MPC_Library.obj
 0001:0003db50       sf_opaque_init_subchart_simstructs 000000018003eb50 f   Robust_MPC_Library_sfun:c1_Sao0Rb2K8eEHuTEJX93O2C_Robust_MPC_Library.obj
 0001:0003db70       initSimStructsc1_Sao0Rb2K8eEHuTEJX93O2C_Robust_MPC_Library 000000018003eb70 f   Robust_MPC_Library_sfun:c1_Sao0Rb2K8eEHuTEJX93O2C_Robust_MPC_Library.obj
 0001:0003db80       mdlRTW_c1_Sao0Rb2K8eEHuTEJX93O2C_Robust_MPC_Library 000000018003eb80 f   Robust_MPC_Library_sfun:c1_Sao0Rb2K8eEHuTEJX93O2C_Robust_MPC_Library.obj
 0001:0003e020       c1_IFys0ySoH5H7B0jKpOd2xE_info_helper 000000018003f020 f   Robust_MPC_Library_sfun:c1_IFys0ySoH5H7B0jKpOd2xE_Robust_MPC_Library.obj
 0001:00040040       get_sim_state_c1_IFys0ySoH5H7B0jKpOd2xE_Robust_MPC_Library 0000000180041040 f   Robust_MPC_Library_sfun:c1_IFys0ySoH5H7B0jKpOd2xE_Robust_MPC_Library.obj
 0001:00040370       sf_get_sim_state_info_c1_IFys0ySoH5H7B0jKpOd2xE_Robust_MPC_Library 0000000180041370 f   Robust_MPC_Library_sfun:c1_IFys0ySoH5H7B0jKpOd2xE_Robust_MPC_Library.obj
 0001:00040550       set_sim_state_c1_IFys0ySoH5H7B0jKpOd2xE_Robust_MPC_Library 0000000180041550 f   Robust_MPC_Library_sfun:c1_IFys0ySoH5H7B0jKpOd2xE_Robust_MPC_Library.obj
 0001:000406c0       c1_IFys0ySoH5H7B0jKpOd2xE_update_debugger_state_c1_IFys0ySoH5H7B 00000001800416c0 f   Robust_MPC_Library_sfun:c1_IFys0ySoH5H7B0jKpOd2xE_Robust_MPC_Library.obj
 0001:000406d0       c1_IFys0ySoH5H7B0jKpOd2xE_emlrt_marshallIn 00000001800416d0 f   Robust_MPC_Library_sfun:c1_IFys0ySoH5H7B0jKpOd2xE_Robust_MPC_Library.obj
 0001:00040740       c1_IFys0ySoH5H7B0jKpOd2xE_b_emlrt_marshallIn 0000000180041740 f   Robust_MPC_Library_sfun:c1_IFys0ySoH5H7B0jKpOd2xE_Robust_MPC_Library.obj
 0001:000407d0       c1_IFys0ySoH5H7B0jKpOd2xE_g_emlrt_marshallIn 00000001800417d0 f   Robust_MPC_Library_sfun:c1_IFys0ySoH5H7B0jKpOd2xE_Robust_MPC_Library.obj
 0001:00040830       c1_IFys0ySoH5H7B0jKpOd2xE_h_emlrt_marshallIn 0000000180041830 f   Robust_MPC_Library_sfun:c1_IFys0ySoH5H7B0jKpOd2xE_Robust_MPC_Library.obj
 0001:00040930       mdlProcessParameters_c1_IFys0ySoH5H7B0jKpOd2xE_Robust_MPC_Library 0000000180041930 f   Robust_MPC_Library_sfun:c1_IFys0ySoH5H7B0jKpOd2xE_Robust_MPC_Library.obj
 0001:000409f0       initialize_params_c1_IFys0ySoH5H7B0jKpOd2xE_Robust_MPC_Library 00000001800419f0 f   Robust_MPC_Library_sfun:c1_IFys0ySoH5H7B0jKpOd2xE_Robust_MPC_Library.obj
 0001:00040a00       mdlSetWorkWidths_c1_IFys0ySoH5H7B0jKpOd2xE_Robust_MPC_Library 0000000180041a00 f   Robust_MPC_Library_sfun:c1_IFys0ySoH5H7B0jKpOd2xE_Robust_MPC_Library.obj
 0001:00041070       sf_get_instance_specialization 0000000180042070 f   Robust_MPC_Library_sfun:c1_IFys0ySoH5H7B0jKpOd2xE_Robust_MPC_Library.obj
 0001:00041080       mdlStart_c1_IFys0ySoH5H7B0jKpOd2xE_Robust_MPC_Library 0000000180042080 f   Robust_MPC_Library_sfun:c1_IFys0ySoH5H7B0jKpOd2xE_Robust_MPC_Library.obj
 0001:00041280       init_dsm_address_info      0000000180042280 f   Robust_MPC_Library_sfun:c1_IFys0ySoH5H7B0jKpOd2xE_Robust_MPC_Library.obj
 0001:00041290       chart_debug_initialization 0000000180042290 f   Robust_MPC_Library_sfun:c1_IFys0ySoH5H7B0jKpOd2xE_Robust_MPC_Library.obj
 0001:00042d10       init_script_number_translation 0000000180043d10 f   Robust_MPC_Library_sfun:c1_IFys0ySoH5H7B0jKpOd2xE_Robust_MPC_Library.obj
 0001:00042d20       c1_IFys0ySoH5H7B0jKpOd2xE_sf_marshallOut 0000000180043d20 f   Robust_MPC_Library_sfun:c1_IFys0ySoH5H7B0jKpOd2xE_Robust_MPC_Library.obj
 0001:00042dd0       c1_IFys0ySoH5H7B0jKpOd2xE_sf_marshallIn 0000000180043dd0 f   Robust_MPC_Library_sfun:c1_IFys0ySoH5H7B0jKpOd2xE_Robust_MPC_Library.obj
 0001:00042e70       c1_IFys0ySoH5H7B0jKpOd2xE_b_sf_marshallOut 0000000180043e70 f   Robust_MPC_Library_sfun:c1_IFys0ySoH5H7B0jKpOd2xE_Robust_MPC_Library.obj
 0001:00043000       c1_IFys0ySoH5H7B0jKpOd2xE_c_sf_marshallOut 0000000180044000 f   Robust_MPC_Library_sfun:c1_IFys0ySoH5H7B0jKpOd2xE_Robust_MPC_Library.obj
 0001:00043250       c1_IFys0ySoH5H7B0jKpOd2xE_d_sf_marshallOut 0000000180044250 f   Robust_MPC_Library_sfun:c1_IFys0ySoH5H7B0jKpOd2xE_Robust_MPC_Library.obj
 0001:000433e0       c1_IFys0ySoH5H7B0jKpOd2xE_e_sf_marshallOut 00000001800443e0 f   Robust_MPC_Library_sfun:c1_IFys0ySoH5H7B0jKpOd2xE_Robust_MPC_Library.obj
 0001:00043630       c1_IFys0ySoH5H7B0jKpOd2xE_f_sf_marshallOut 0000000180044630 f   Robust_MPC_Library_sfun:c1_IFys0ySoH5H7B0jKpOd2xE_Robust_MPC_Library.obj
 0001:000437c0       c1_IFys0ySoH5H7B0jKpOd2xE_g_sf_marshallOut 00000001800447c0 f   Robust_MPC_Library_sfun:c1_IFys0ySoH5H7B0jKpOd2xE_Robust_MPC_Library.obj
 0001:00043a10       c1_IFys0ySoH5H7B0jKpOd2xE_h_sf_marshallOut 0000000180044a10 f   Robust_MPC_Library_sfun:c1_IFys0ySoH5H7B0jKpOd2xE_Robust_MPC_Library.obj
 0001:00043b30       sf_opaque_initialize_c1_IFys0ySoH5H7B0jKpOd2xE_Robust_MPC_Library 0000000180044b30 f   Robust_MPC_Library_sfun:c1_IFys0ySoH5H7B0jKpOd2xE_Robust_MPC_Library.obj
 0001:00043b70       initialize_c1_IFys0ySoH5H7B0jKpOd2xE_Robust_MPC_Library 0000000180044b70 f   Robust_MPC_Library_sfun:c1_IFys0ySoH5H7B0jKpOd2xE_Robust_MPC_Library.obj
 0001:00043bc0       sf_opaque_enable_c1_IFys0ySoH5H7B0jKpOd2xE_Robust_MPC_Library 0000000180044bc0 f   Robust_MPC_Library_sfun:c1_IFys0ySoH5H7B0jKpOd2xE_Robust_MPC_Library.obj
 0001:00043be0       enable_c1_IFys0ySoH5H7B0jKpOd2xE_Robust_MPC_Library 0000000180044be0 f   Robust_MPC_Library_sfun:c1_IFys0ySoH5H7B0jKpOd2xE_Robust_MPC_Library.obj
 0001:00043c10       sf_opaque_disable_c1_IFys0ySoH5H7B0jKpOd2xE_Robust_MPC_Library 0000000180044c10 f   Robust_MPC_Library_sfun:c1_IFys0ySoH5H7B0jKpOd2xE_Robust_MPC_Library.obj
 0001:00043c30       disable_c1_IFys0ySoH5H7B0jKpOd2xE_Robust_MPC_Library 0000000180044c30 f   Robust_MPC_Library_sfun:c1_IFys0ySoH5H7B0jKpOd2xE_Robust_MPC_Library.obj
 0001:00043c60       sf_opaque_gateway_c1_IFys0ySoH5H7B0jKpOd2xE_Robust_MPC_Library 0000000180044c60 f   Robust_MPC_Library_sfun:c1_IFys0ySoH5H7B0jKpOd2xE_Robust_MPC_Library.obj
 0001:00043c80       sf_c1_IFys0ySoH5H7B0jKpOd2xE_Robust_MPC_Library 0000000180044c80 f   Robust_MPC_Library_sfun:c1_IFys0ySoH5H7B0jKpOd2xE_Robust_MPC_Library.obj
 0001:00044400       c1_IFys0ySoH5H7B0jKpOd2xE_chartstep_c1_IFys0ySoH5H7B0jKpOd2xE_Ro 0000000180045400 f   Robust_MPC_Library_sfun:c1_IFys0ySoH5H7B0jKpOd2xE_Robust_MPC_Library.obj
 0001:00048710       c1_IFys0ySoH5H7B0jKpOd2xE_i_sf_marshallOut 0000000180049710 f   Robust_MPC_Library_sfun:c1_IFys0ySoH5H7B0jKpOd2xE_Robust_MPC_Library.obj
 0001:00048840       c1_IFys0ySoH5H7B0jKpOd2xE_b_sf_marshallIn 0000000180049840 f   Robust_MPC_Library_sfun:c1_IFys0ySoH5H7B0jKpOd2xE_Robust_MPC_Library.obj
 0001:00048910       c1_IFys0ySoH5H7B0jKpOd2xE_c_emlrt_marshallIn 0000000180049910 f   Robust_MPC_Library_sfun:c1_IFys0ySoH5H7B0jKpOd2xE_Robust_MPC_Library.obj
 0001:000489f0       c1_IFys0ySoH5H7B0jKpOd2xE_c_sf_marshallIn 00000001800499f0 f   Robust_MPC_Library_sfun:c1_IFys0ySoH5H7B0jKpOd2xE_Robust_MPC_Library.obj
 0001:00048b00       c1_IFys0ySoH5H7B0jKpOd2xE_d_emlrt_marshallIn 0000000180049b00 f   Robust_MPC_Library_sfun:c1_IFys0ySoH5H7B0jKpOd2xE_Robust_MPC_Library.obj
 0001:00048c00       c1_IFys0ySoH5H7B0jKpOd2xE_d_sf_marshallIn 0000000180049c00 f   Robust_MPC_Library_sfun:c1_IFys0ySoH5H7B0jKpOd2xE_Robust_MPC_Library.obj
 0001:00048d60       c1_IFys0ySoH5H7B0jKpOd2xE_e_emlrt_marshallIn 0000000180049d60 f   Robust_MPC_Library_sfun:c1_IFys0ySoH5H7B0jKpOd2xE_Robust_MPC_Library.obj
 0001:00048e60       c1_IFys0ySoH5H7B0jKpOd2xE_eml_scalar_eg 0000000180049e60 f   Robust_MPC_Library_sfun:c1_IFys0ySoH5H7B0jKpOd2xE_Robust_MPC_Library.obj
 0001:00048e70       c1_IFys0ySoH5H7B0jKpOd2xE_b_round 0000000180049e70 f   Robust_MPC_Library_sfun:c1_IFys0ySoH5H7B0jKpOd2xE_Robust_MPC_Library.obj
 0001:00049090       sf_opaque_get_sim_state_c1_IFys0ySoH5H7B0jKpOd2xE_Robust_MPC_Library 000000018004a090 f   Robust_MPC_Library_sfun:c1_IFys0ySoH5H7B0jKpOd2xE_Robust_MPC_Library.obj
 0001:000490b0       sf_opaque_set_sim_state_c1_IFys0ySoH5H7B0jKpOd2xE_Robust_MPC_Library 000000018004a0b0 f   Robust_MPC_Library_sfun:c1_IFys0ySoH5H7B0jKpOd2xE_Robust_MPC_Library.obj
 0001:000490e0       sf_opaque_terminate_c1_IFys0ySoH5H7B0jKpOd2xE_Robust_MPC_Library 000000018004a0e0 f   Robust_MPC_Library_sfun:c1_IFys0ySoH5H7B0jKpOd2xE_Robust_MPC_Library.obj
 0001:00049160       finalize_c1_IFys0ySoH5H7B0jKpOd2xE_Robust_MPC_Library 000000018004a160 f   Robust_MPC_Library_sfun:c1_IFys0ySoH5H7B0jKpOd2xE_Robust_MPC_Library.obj
 0001:00049170       sf_opaque_init_subchart_simstructs 000000018004a170 f   Robust_MPC_Library_sfun:c1_IFys0ySoH5H7B0jKpOd2xE_Robust_MPC_Library.obj
 0001:00049190       initSimStructsc1_IFys0ySoH5H7B0jKpOd2xE_Robust_MPC_Library 000000018004a190 f   Robust_MPC_Library_sfun:c1_IFys0ySoH5H7B0jKpOd2xE_Robust_MPC_Library.obj
 0001:000491a0       mdlRTW_c1_IFys0ySoH5H7B0jKpOd2xE_Robust_MPC_Library 000000018004a1a0 f   Robust_MPC_Library_sfun:c1_IFys0ySoH5H7B0jKpOd2xE_Robust_MPC_Library.obj
 0001:00049670       c1_BqLEbDSqkPIlCfV7CVGezF_info_helper 000000018004a670 f   Robust_MPC_Library_sfun:c1_BqLEbDSqkPIlCfV7CVGezF_Robust_MPC_Library.obj
 0001:0004b690       get_sim_state_c1_BqLEbDSqkPIlCfV7CVGezF_Robust_MPC_Library 000000018004c690 f   Robust_MPC_Library_sfun:c1_BqLEbDSqkPIlCfV7CVGezF_Robust_MPC_Library.obj
 0001:0004b9b0       sf_get_sim_state_info_c1_BqLEbDSqkPIlCfV7CVGezF_Robust_MPC_Library 000000018004c9b0 f   Robust_MPC_Library_sfun:c1_BqLEbDSqkPIlCfV7CVGezF_Robust_MPC_Library.obj
 0001:0004bb90       set_sim_state_c1_BqLEbDSqkPIlCfV7CVGezF_Robust_MPC_Library 000000018004cb90 f   Robust_MPC_Library_sfun:c1_BqLEbDSqkPIlCfV7CVGezF_Robust_MPC_Library.obj
 0001:0004bd00       c1_BqLEbDSqkPIlCfV7CVGezF_update_debugger_state_c1_BqLEbDSqkPIlC 000000018004cd00 f   Robust_MPC_Library_sfun:c1_BqLEbDSqkPIlCfV7CVGezF_Robust_MPC_Library.obj
 0001:0004bd10       c1_BqLEbDSqkPIlCfV7CVGezF_emlrt_marshallIn 000000018004cd10 f   Robust_MPC_Library_sfun:c1_BqLEbDSqkPIlCfV7CVGezF_Robust_MPC_Library.obj
 0001:0004bd80       c1_BqLEbDSqkPIlCfV7CVGezF_b_emlrt_marshallIn 000000018004cd80 f   Robust_MPC_Library_sfun:c1_BqLEbDSqkPIlCfV7CVGezF_Robust_MPC_Library.obj
 0001:0004be10       c1_BqLEbDSqkPIlCfV7CVGezF_h_emlrt_marshallIn 000000018004ce10 f   Robust_MPC_Library_sfun:c1_BqLEbDSqkPIlCfV7CVGezF_Robust_MPC_Library.obj
 0001:0004be70       c1_BqLEbDSqkPIlCfV7CVGezF_i_emlrt_marshallIn 000000018004ce70 f   Robust_MPC_Library_sfun:c1_BqLEbDSqkPIlCfV7CVGezF_Robust_MPC_Library.obj
 0001:0004bf70       mdlProcessParameters_c1_BqLEbDSqkPIlCfV7CVGezF_Robust_MPC_Library 000000018004cf70 f   Robust_MPC_Library_sfun:c1_BqLEbDSqkPIlCfV7CVGezF_Robust_MPC_Library.obj
 0001:0004c030       initialize_params_c1_BqLEbDSqkPIlCfV7CVGezF_Robust_MPC_Library 000000018004d030 f   Robust_MPC_Library_sfun:c1_BqLEbDSqkPIlCfV7CVGezF_Robust_MPC_Library.obj
 0001:0004c040       mdlSetWorkWidths_c1_BqLEbDSqkPIlCfV7CVGezF_Robust_MPC_Library 000000018004d040 f   Robust_MPC_Library_sfun:c1_BqLEbDSqkPIlCfV7CVGezF_Robust_MPC_Library.obj
 0001:0004c6b0       sf_get_instance_specialization 000000018004d6b0 f   Robust_MPC_Library_sfun:c1_BqLEbDSqkPIlCfV7CVGezF_Robust_MPC_Library.obj
 0001:0004c6c0       mdlStart_c1_BqLEbDSqkPIlCfV7CVGezF_Robust_MPC_Library 000000018004d6c0 f   Robust_MPC_Library_sfun:c1_BqLEbDSqkPIlCfV7CVGezF_Robust_MPC_Library.obj
 0001:0004c8c0       init_dsm_address_info      000000018004d8c0 f   Robust_MPC_Library_sfun:c1_BqLEbDSqkPIlCfV7CVGezF_Robust_MPC_Library.obj
 0001:0004c8d0       chart_debug_initialization 000000018004d8d0 f   Robust_MPC_Library_sfun:c1_BqLEbDSqkPIlCfV7CVGezF_Robust_MPC_Library.obj
 0001:0004e350       init_script_number_translation 000000018004f350 f   Robust_MPC_Library_sfun:c1_BqLEbDSqkPIlCfV7CVGezF_Robust_MPC_Library.obj
 0001:0004e360       c1_BqLEbDSqkPIlCfV7CVGezF_sf_marshallOut 000000018004f360 f   Robust_MPC_Library_sfun:c1_BqLEbDSqkPIlCfV7CVGezF_Robust_MPC_Library.obj
 0001:0004e410       c1_BqLEbDSqkPIlCfV7CVGezF_sf_marshallIn 000000018004f410 f   Robust_MPC_Library_sfun:c1_BqLEbDSqkPIlCfV7CVGezF_Robust_MPC_Library.obj
 0001:0004e4b0       c1_BqLEbDSqkPIlCfV7CVGezF_b_sf_marshallOut 000000018004f4b0 f   Robust_MPC_Library_sfun:c1_BqLEbDSqkPIlCfV7CVGezF_Robust_MPC_Library.obj
 0001:0004e640       c1_BqLEbDSqkPIlCfV7CVGezF_c_sf_marshallOut 000000018004f640 f   Robust_MPC_Library_sfun:c1_BqLEbDSqkPIlCfV7CVGezF_Robust_MPC_Library.obj
 0001:0004e8a0       c1_BqLEbDSqkPIlCfV7CVGezF_d_sf_marshallOut 000000018004f8a0 f   Robust_MPC_Library_sfun:c1_BqLEbDSqkPIlCfV7CVGezF_Robust_MPC_Library.obj
 0001:0004ea30       c1_BqLEbDSqkPIlCfV7CVGezF_e_sf_marshallOut 000000018004fa30 f   Robust_MPC_Library_sfun:c1_BqLEbDSqkPIlCfV7CVGezF_Robust_MPC_Library.obj
 0001:0004eca0       c1_BqLEbDSqkPIlCfV7CVGezF_f_sf_marshallOut 000000018004fca0 f   Robust_MPC_Library_sfun:c1_BqLEbDSqkPIlCfV7CVGezF_Robust_MPC_Library.obj
 0001:0004ee40       c1_BqLEbDSqkPIlCfV7CVGezF_g_sf_marshallOut 000000018004fe40 f   Robust_MPC_Library_sfun:c1_BqLEbDSqkPIlCfV7CVGezF_Robust_MPC_Library.obj
 0001:0004f020       c1_BqLEbDSqkPIlCfV7CVGezF_h_sf_marshallOut 0000000180050020 f   Robust_MPC_Library_sfun:c1_BqLEbDSqkPIlCfV7CVGezF_Robust_MPC_Library.obj
 0001:0004f170       sf_opaque_initialize_c1_BqLEbDSqkPIlCfV7CVGezF_Robust_MPC_Library 0000000180050170 f   Robust_MPC_Library_sfun:c1_BqLEbDSqkPIlCfV7CVGezF_Robust_MPC_Library.obj
 0001:0004f1b0       initialize_c1_BqLEbDSqkPIlCfV7CVGezF_Robust_MPC_Library 00000001800501b0 f   Robust_MPC_Library_sfun:c1_BqLEbDSqkPIlCfV7CVGezF_Robust_MPC_Library.obj
 0001:0004f200       sf_opaque_enable_c1_BqLEbDSqkPIlCfV7CVGezF_Robust_MPC_Library 0000000180050200 f   Robust_MPC_Library_sfun:c1_BqLEbDSqkPIlCfV7CVGezF_Robust_MPC_Library.obj
 0001:0004f220       enable_c1_BqLEbDSqkPIlCfV7CVGezF_Robust_MPC_Library 0000000180050220 f   Robust_MPC_Library_sfun:c1_BqLEbDSqkPIlCfV7CVGezF_Robust_MPC_Library.obj
 0001:0004f250       sf_opaque_disable_c1_BqLEbDSqkPIlCfV7CVGezF_Robust_MPC_Library 0000000180050250 f   Robust_MPC_Library_sfun:c1_BqLEbDSqkPIlCfV7CVGezF_Robust_MPC_Library.obj
 0001:0004f270       disable_c1_BqLEbDSqkPIlCfV7CVGezF_Robust_MPC_Library 0000000180050270 f   Robust_MPC_Library_sfun:c1_BqLEbDSqkPIlCfV7CVGezF_Robust_MPC_Library.obj
 0001:0004f2a0       sf_opaque_gateway_c1_BqLEbDSqkPIlCfV7CVGezF_Robust_MPC_Library 00000001800502a0 f   Robust_MPC_Library_sfun:c1_BqLEbDSqkPIlCfV7CVGezF_Robust_MPC_Library.obj
 0001:0004f2c0       sf_c1_BqLEbDSqkPIlCfV7CVGezF_Robust_MPC_Library 00000001800502c0 f   Robust_MPC_Library_sfun:c1_BqLEbDSqkPIlCfV7CVGezF_Robust_MPC_Library.obj
 0001:0004fa50       c1_BqLEbDSqkPIlCfV7CVGezF_chartstep_c1_BqLEbDSqkPIlCfV7CVGezF_Ro 0000000180050a50 f   Robust_MPC_Library_sfun:c1_BqLEbDSqkPIlCfV7CVGezF_Robust_MPC_Library.obj
 0001:00053dc0       c1_BqLEbDSqkPIlCfV7CVGezF_i_sf_marshallOut 0000000180054dc0 f   Robust_MPC_Library_sfun:c1_BqLEbDSqkPIlCfV7CVGezF_Robust_MPC_Library.obj
 0001:00053f10       c1_BqLEbDSqkPIlCfV7CVGezF_b_sf_marshallIn 0000000180054f10 f   Robust_MPC_Library_sfun:c1_BqLEbDSqkPIlCfV7CVGezF_Robust_MPC_Library.obj
 0001:00053fe0       c1_BqLEbDSqkPIlCfV7CVGezF_c_emlrt_marshallIn 0000000180054fe0 f   Robust_MPC_Library_sfun:c1_BqLEbDSqkPIlCfV7CVGezF_Robust_MPC_Library.obj
 0001:000540c0       c1_BqLEbDSqkPIlCfV7CVGezF_j_sf_marshallOut 00000001800550c0 f   Robust_MPC_Library_sfun:c1_BqLEbDSqkPIlCfV7CVGezF_Robust_MPC_Library.obj
 0001:00054240       c1_BqLEbDSqkPIlCfV7CVGezF_c_sf_marshallIn 0000000180055240 f   Robust_MPC_Library_sfun:c1_BqLEbDSqkPIlCfV7CVGezF_Robust_MPC_Library.obj
 0001:00054340       c1_BqLEbDSqkPIlCfV7CVGezF_d_emlrt_marshallIn 0000000180055340 f   Robust_MPC_Library_sfun:c1_BqLEbDSqkPIlCfV7CVGezF_Robust_MPC_Library.obj
 0001:00054450       c1_BqLEbDSqkPIlCfV7CVGezF_d_sf_marshallIn 0000000180055450 f   Robust_MPC_Library_sfun:c1_BqLEbDSqkPIlCfV7CVGezF_Robust_MPC_Library.obj
 0001:00054580       c1_BqLEbDSqkPIlCfV7CVGezF_e_emlrt_marshallIn 0000000180055580 f   Robust_MPC_Library_sfun:c1_BqLEbDSqkPIlCfV7CVGezF_Robust_MPC_Library.obj
 0001:00054680       c1_BqLEbDSqkPIlCfV7CVGezF_e_sf_marshallIn 0000000180055680 f   Robust_MPC_Library_sfun:c1_BqLEbDSqkPIlCfV7CVGezF_Robust_MPC_Library.obj
 0001:00054810       c1_BqLEbDSqkPIlCfV7CVGezF_f_emlrt_marshallIn 0000000180055810 f   Robust_MPC_Library_sfun:c1_BqLEbDSqkPIlCfV7CVGezF_Robust_MPC_Library.obj
 0001:00054910       c1_BqLEbDSqkPIlCfV7CVGezF_eml_scalar_eg 0000000180055910 f   Robust_MPC_Library_sfun:c1_BqLEbDSqkPIlCfV7CVGezF_Robust_MPC_Library.obj
 0001:00054920       c1_BqLEbDSqkPIlCfV7CVGezF_b_round 0000000180055920 f   Robust_MPC_Library_sfun:c1_BqLEbDSqkPIlCfV7CVGezF_Robust_MPC_Library.obj
 0001:00054b40       sf_opaque_get_sim_state_c1_BqLEbDSqkPIlCfV7CVGezF_Robust_MPC_Library 0000000180055b40 f   Robust_MPC_Library_sfun:c1_BqLEbDSqkPIlCfV7CVGezF_Robust_MPC_Library.obj
 0001:00054b60       sf_opaque_set_sim_state_c1_BqLEbDSqkPIlCfV7CVGezF_Robust_MPC_Library 0000000180055b60 f   Robust_MPC_Library_sfun:c1_BqLEbDSqkPIlCfV7CVGezF_Robust_MPC_Library.obj
 0001:00054b90       sf_opaque_terminate_c1_BqLEbDSqkPIlCfV7CVGezF_Robust_MPC_Library 0000000180055b90 f   Robust_MPC_Library_sfun:c1_BqLEbDSqkPIlCfV7CVGezF_Robust_MPC_Library.obj
 0001:00054c10       finalize_c1_BqLEbDSqkPIlCfV7CVGezF_Robust_MPC_Library 0000000180055c10 f   Robust_MPC_Library_sfun:c1_BqLEbDSqkPIlCfV7CVGezF_Robust_MPC_Library.obj
 0001:00054c20       sf_opaque_init_subchart_simstructs 0000000180055c20 f   Robust_MPC_Library_sfun:c1_BqLEbDSqkPIlCfV7CVGezF_Robust_MPC_Library.obj
 0001:00054c40       initSimStructsc1_BqLEbDSqkPIlCfV7CVGezF_Robust_MPC_Library 0000000180055c40 f   Robust_MPC_Library_sfun:c1_BqLEbDSqkPIlCfV7CVGezF_Robust_MPC_Library.obj
 0001:00054c50       mdlRTW_c1_BqLEbDSqkPIlCfV7CVGezF_Robust_MPC_Library 0000000180055c50 f   Robust_MPC_Library_sfun:c1_BqLEbDSqkPIlCfV7CVGezF_Robust_MPC_Library.obj
 0001:00054d80       pre_c_init                 0000000180055d80 f   MSVCRT:crtdll.obj
 0001:0005503c       __DllMainCRTStartup        000000018005603c f   MSVCRT:crtdll.obj
 0001:00055750       __DllMainCRTStartup$filt$0 0000000180056750 f   MSVCRT:crtdll.obj
 0001:00055780       __DllMainCRTStartup$fin$1  0000000180056780 f   MSVCRT:crtdll.obj
 0001:0005579a       _onexit$fin$0              000000018005679a f   MSVCRT:atonexit.obj
 0001:000557c0       _IsNonwritableInCurrentImage$filt$0 00000001800567c0 f   MSVCRT:pesect.obj
