 OptimalMPCInput_mdl_sfun

 Timestamp is 521befa8 (Tue Aug 27 02:15:36 2013)

 Preferred load address is 0000000180000000

 Start         Length     Name                   Class
 0001:00000000 0003c994H .text                   CODE
 0001:0003c9a0 00000092H .text$x                 CODE
 0002:00000000 00000498H .idata$5                DATA
 0002:00000498 00000008H .CRT$XCA                DATA
 0002:000004a0 00000008H .CRT$XCZ                DATA
 0002:000004a8 00000008H .CRT$XIA                DATA
 0002:000004b0 00000008H .CRT$XIAA               DATA
 0002:000004b8 00000008H .CRT$XIZ                DATA
 0002:000004c0 00004b2cH .rdata                  DATA
 0002:00004ff0 00000008H .rtc$IAA                DATA
 0002:00004ff8 00000008H .rtc$IZZ                DATA
 0002:00005000 00000008H .rtc$TAA                DATA
 0002:00005008 00000008H .rtc$TZZ                DATA
 0002:00005010 00004244H .xdata                  DATA
 0002:00009254 000000a0H .idata$2                DATA
 0002:000092f4 00000014H .idata$3                DATA
 0002:00009308 00000498H .idata$4                DATA
 0002:000097a0 00000ac6H .idata$6                DATA
 0002:0000a270 0000005eH .edata                  DATA
 0003:00000000 00002a88H .data                   DATA
 0003:00002aa0 00002438H .bss                    DATA
 0004:00000000 000031bcH .pdata                  DATA

  Address         Publics by Value              Rva+Base               Lib:Object

 0000:00000000       ___safe_se_handler_table   0000000000000000     <absolute>
 0000:00000000       ___safe_se_handler_count   0000000000000000     <absolute>
 0000:00000000       __ImageBase                0000000180000000     <linker-defined>
 0001:00000000       sf_c2_OptimalMPCInput_mdl_get_eml_resolved_functions_info 0000000180001000 f   c2_OptimalMPCInput_mdl.obj
 0001:00001250       sf_c2_OptimalMPCInput_mdl_get_check_sum 0000000180002250 f   c2_OptimalMPCInput_mdl.obj
 0001:000012d0       sf_c2_OptimalMPCInput_mdl_get_autoinheritance_info 00000001800022d0 f   c2_OptimalMPCInput_mdl.obj
 0001:00002120       sf_c2_OptimalMPCInput_mdl_third_party_uses_info 0000000180003120 f   c2_OptimalMPCInput_mdl.obj
 0001:00002150       sf_internal_get_sim_state_c2_OptimalMPCInput_mdl 0000000180003150 f   c2_OptimalMPCInput_mdl.obj
 0001:00002570       sf_internal_set_sim_state_c2_OptimalMPCInput_mdl 0000000180003570 f   c2_OptimalMPCInput_mdl.obj
 0001:000029b0       c2_OptimalMPCInput_mdl_method_dispatcher 00000001800039b0 f   c2_OptimalMPCInput_mdl.obj
 0001:0000a820       sf_process_check_sum_call  000000018000b820 f   OptimalMPCInput_mdl_sfun_registry.obj
 0001:0000a870       sf_process_autoinheritance_call 000000018000b870 f   OptimalMPCInput_mdl_sfun_registry.obj
 0001:0000aa10       sf_process_get_third_party_uses_info_call 000000018000ba10 f   OptimalMPCInput_mdl_sfun_registry.obj
 0001:0000abb0       sf_process_get_eml_resolved_functions_info_call 000000018000bbb0 f   OptimalMPCInput_mdl_sfun_registry.obj
 0001:0000ad30       sf_mex_unlock_call         000000018000bd30 f   OptimalMPCInput_mdl_sfun_registry.obj
 0001:0000ade0       sf_machine_global_initializer_called 000000018000bde0 f   OptimalMPCInput_mdl_sfun_registry.obj
 0001:0000ae10       sf_machine_global_method_dispatcher 000000018000be10 f   OptimalMPCInput_mdl_sfun_registry.obj
 0001:0000ae70       sf_machine_global_terminator 000000018000be70 f   OptimalMPCInput_mdl_sfun_registry.obj
 0001:0000aec0       sf_register_machine_exported_symbols 000000018000bec0 f   OptimalMPCInput_mdl_sfun_registry.obj
 0001:0000aee0       callCustomFcn              000000018000bee0 f   OptimalMPCInput_mdl_sfun_registry.obj
 0001:0000aef0       sf_machine_global_initializer 000000018000bef0 f   OptimalMPCInput_mdl_sfun_registry.obj
 0001:0000af70       _ssSetStateAbsTol          000000018000bf70 f   OptimalMPCInput_mdl_sfun_registry.obj
 0001:0000b050       _ssGetAbsTol               000000018000c050 f   OptimalMPCInput_mdl_sfun_registry.obj
 0001:0000b0c0       _ssSetInputPortMatrixDimensions 000000018000c0c0 f   OptimalMPCInput_mdl_sfun_registry.obj
 0001:0000b1d0       _ssSetOutputPortMatrixDimensions 000000018000c1d0 f   OptimalMPCInput_mdl_sfun_registry.obj
 0001:0000b2e0       _ssSetInputPortVectorDimension 000000018000c2e0 f   OptimalMPCInput_mdl_sfun_registry.obj
 0001:0000b3b0       _ssSetOutputPortVectorDimension 000000018000c3b0 f   OptimalMPCInput_mdl_sfun_registry.obj
 0001:0000b480       ssIsRunTimeParamTunable    000000018000c480 f   OptimalMPCInput_mdl_sfun_registry.obj
 0001:0000b4f0       ssGetSFuncBlockHandle      000000018000c4f0 f   OptimalMPCInput_mdl_sfun_registry.obj
 0001:0000b560       _ssGetCurrentInputPortWidth 000000018000c560 f   OptimalMPCInput_mdl_sfun_registry.obj
 0001:0000b680       _ssGetCurrentOutputPortWidth 000000018000c680 f   OptimalMPCInput_mdl_sfun_registry.obj
 0001:0000b7a0       _ssGetCallSystemNumFcnCallDestinations 000000018000c7a0 f   OptimalMPCInput_mdl_sfun_registry.obj
 0001:0000b810       ssWarning                  000000018000c810 f   OptimalMPCInput_mdl_sfun_registry.obj
 0001:0000b920       ssGetIsZeroCrossControlDisabled 000000018000c920 f   OptimalMPCInput_mdl_sfun_registry.obj
 0001:0000b990       ssSetIsInputPortUsedForContZcSignal 000000018000c990 f   OptimalMPCInput_mdl_sfun_registry.obj
 0001:0000ba00       ssSetZcSignalIsZcElementDisc 000000018000ca00 f   OptimalMPCInput_mdl_sfun_registry.obj
 0001:0000bab0       ssSetZcSignalName          000000018000cab0 f   OptimalMPCInput_mdl_sfun_registry.obj
 0001:0000bb20       ssSetZcSignalWidth         000000018000cb20 f   OptimalMPCInput_mdl_sfun_registry.obj
 0001:0000bb90       ssSetZcSignalZcEventType   000000018000cb90 f   OptimalMPCInput_mdl_sfun_registry.obj
 0001:0000bc00       ssSetZcSignalType          000000018000cc00 f   OptimalMPCInput_mdl_sfun_registry.obj
 0001:0000bc70       ssSetZcSignalZcTol         000000018000cc70 f   OptimalMPCInput_mdl_sfun_registry.obj
 0001:0000bce0       ssSetZcSignalNeedsEventNotification 000000018000cce0 f   OptimalMPCInput_mdl_sfun_registry.obj
 0001:0000bd50       ssCreateAndAddZcSignalInfo 000000018000cd50 f   OptimalMPCInput_mdl_sfun_registry.obj
 0001:0000bdc0       ssCloneAndAddZcSignalInfo  000000018000cdc0 f   OptimalMPCInput_mdl_sfun_registry.obj
 0001:0000be30       ssGetNumZcSignals          000000018000ce30 f   OptimalMPCInput_mdl_sfun_registry.obj
 0001:0000bea0       ssGetZcSignalVector        000000018000cea0 f   OptimalMPCInput_mdl_sfun_registry.obj
 0001:0000bf10       ssGetZcSignalZcEvents      000000018000cf10 f   OptimalMPCInput_mdl_sfun_registry.obj
 0001:0000bf80       ssGetZcSignalName          000000018000cf80 f   OptimalMPCInput_mdl_sfun_registry.obj
 0001:0000bff0       ssGetZcSignalWidth         000000018000cff0 f   OptimalMPCInput_mdl_sfun_registry.obj
 0001:0000c060       ssGetZcSignalZcEventType   000000018000d060 f   OptimalMPCInput_mdl_sfun_registry.obj
 0001:0000c0d0       ssGetZcSignalType          000000018000d0d0 f   OptimalMPCInput_mdl_sfun_registry.obj
 0001:0000c140       ssGetZcSignalZcTol         000000018000d140 f   OptimalMPCInput_mdl_sfun_registry.obj
 0001:0000c1c0       ssGetZcSignalNeedsEventNotification 000000018000d1c0 f   OptimalMPCInput_mdl_sfun_registry.obj
 0001:0000c230       ssGetZcSignalIsZcElementDisc 000000018000d230 f   OptimalMPCInput_mdl_sfun_registry.obj
 0001:0000c2d0       ssGetIsInputPortElementContinuous 000000018000d2d0 f   OptimalMPCInput_mdl_sfun_registry.obj
 0001:0000c370       _ssGetInputPortSignalPtrsFcn 000000018000d370 f   OptimalMPCInput_mdl_sfun_registry.obj
 0001:0000c630       _ssGetInputPortSignalFcn   000000018000d630 f   OptimalMPCInput_mdl_sfun_registry.obj
 0001:0000c850       _ssSetInputPortDirectFeedThroughFcn 000000018000d850 f   OptimalMPCInput_mdl_sfun_registry.obj
 0001:0000c9b0       _ssSetInputPortReusableFcn 000000018000d9b0 f   OptimalMPCInput_mdl_sfun_registry.obj
 0001:0000caa0       _ssSetOutputPortReusableFcn 000000018000daa0 f   OptimalMPCInput_mdl_sfun_registry.obj
 0001:0000cb80       ssGetDTypeIdFromMxArray    000000018000db80 f   OptimalMPCInput_mdl_sfun_registry.obj
 0001:0000cca0       ssWriteRTWStr              000000018000dca0 f   OptimalMPCInput_mdl_sfun_registry.obj
 0001:0000cd00       ssWriteRTWMxVectParam      000000018000dd00 f   OptimalMPCInput_mdl_sfun_registry.obj
 0001:0000cd60       ssWriteRTWMx2dMatParam     000000018000dd60 f   OptimalMPCInput_mdl_sfun_registry.obj
 0001:0000cde0       ssWriteRTWNameValuePair    000000018000dde0 f   OptimalMPCInput_mdl_sfun_registry.obj
 0001:0000d2d0       ssWriteRTWParameters       000000018000e2d0 f   OptimalMPCInput_mdl_sfun_registry.obj
 0001:0000d8d0       ssWriteRTWParamSettings    000000018000e8d0 f   OptimalMPCInput_mdl_sfun_registry.obj
 0001:0000dfa0       ssWriteRTWWorkVect         000000018000efa0 f   OptimalMPCInput_mdl_sfun_registry.obj
 0001:0000e4a0       mexFunction                000000018000f4a0 f   OptimalMPCInput_mdl_sfun_registry.obj
 0001:000101d0       ProcessMexSfunctionEveryCall 00000001800111d0 f   OptimalMPCInput_mdl_sfun_registry.obj
 0001:00010340       OptimalMPCInput_mdl_initializer 0000000180011340 f   OptimalMPCInput_mdl_sfun.obj
 0001:00010350       OptimalMPCInput_mdl_terminator 0000000180011350 f   OptimalMPCInput_mdl_sfun.obj
 0001:00010360       sf_OptimalMPCInput_mdl_method_dispatcher 0000000180011360 f   OptimalMPCInput_mdl_sfun.obj
 0001:000103b0       sf_OptimalMPCInput_mdl_process_check_sum_call 00000001800113b0 f   OptimalMPCInput_mdl_sfun.obj
 0001:000107c0       sf_OptimalMPCInput_mdl_autoinheritance_info 00000001800117c0 f   OptimalMPCInput_mdl_sfun.obj
 0001:00010930       sf_OptimalMPCInput_mdl_get_eml_resolved_functions_info 0000000180011930 f   OptimalMPCInput_mdl_sfun.obj
 0001:00010a60       sf_OptimalMPCInput_mdl_third_party_uses_info 0000000180011a60 f   OptimalMPCInput_mdl_sfun.obj
 0001:00010bb0       OptimalMPCInput_mdl_debug_initialize 0000000180011bb0 f   OptimalMPCInput_mdl_sfun.obj
 0001:00010c30       OptimalMPCInput_mdl_register_exported_symbols 0000000180011c30 f   OptimalMPCInput_mdl_sfun.obj
 0001:00010c40       load_OptimalMPCInput_mdl_optimization_info 0000000180011c40 f   OptimalMPCInput_mdl_sfun.obj
 0001:00010c90       unload_OptimalMPCInput_mdl_optimization_info 0000000180011c90 f   OptimalMPCInput_mdl_sfun.obj
 0001:00010db0       sf_mex_mx_is_numeric       0000000180011db0 f   sfc_mex:sfc_mex.obj
 0001:00010df0       strcmp_ignore_ws           0000000180011df0 f   sfc_mex:sfc_mex.obj
 0001:00010f30       sf_mex_duplicatearraysafe  0000000180011f30 f   sfc_mex:sfc_mex.obj
 0001:00011090       sf_set_error_debugger_context_message_fcn 0000000180012090 f   sfc_mex:sfc_mex.obj
 0001:000110a0       sf_set_debugger_matlab_error_fcn 00000001800120a0 f   sfc_mex:sfc_mex.obj
 0001:000110e0       sf_set_error_prefix_string 00000001800120e0 f   sfc_mex:sfc_mex.obj
 0001:00011110       sf_get_error_prefix_string 0000000180012110 f   sfc_mex:sfc_mex.obj
 0001:00011120       sf_mex_enter_parallel_region 0000000180012120 f   sfc_mex:sfc_mex.obj
 0001:00011130       sf_mex_exit_parallel_region 0000000180012130 f   sfc_mex:sfc_mex.obj
 0001:00011140       sf_get_current_jmp_buf_ptr 0000000180012140 f   sfc_mex:sfc_mex.obj
 0001:00011150       sf_set_current_jmp_buf_ptr 0000000180012150 f   sfc_mex:sfc_mex.obj
 0001:00011160       sf_mex_set_halt_simulation 0000000180012160 f   sfc_mex:sfc_mex.obj
 0001:00011170       sf_mex_get_halt_simulation 0000000180012170 f   sfc_mex:sfc_mex.obj
 0001:00011180       sf_mex_clear_error_message 0000000180012180 f   sfc_mex:sfc_mex.obj
 0001:000111a0       sf_mex_get_error_message_for_read 00000001800121a0 f   sfc_mex:sfc_mex.obj
 0001:000111b0       sf_mex_get_error_message_buffer_length 00000001800121b0 f   sfc_mex:sfc_mex.obj
 0001:00011290       sf_mex_warning_message     0000000180012290 f   sfc_mex:sfc_mex.obj
 0001:00011300       sf_mex_v_errbuf_createf    0000000180012300 f   sfc_mex:sfc_mex.obj
 0001:00011310       sf_mex_errbuf_createf      0000000180012310 f   sfc_mex:sfc_mex.obj
 0001:00011340       sf_mex_v_errbuf_catf       0000000180012340 f   sfc_mex:sfc_mex.obj
 0001:00011380       sf_mex_errbuf_catf         0000000180012380 f   sfc_mex:sfc_mex.obj
 0001:000113d0       sf_mex_errbuf_copy         00000001800123d0 f   sfc_mex:sfc_mex.obj
 0001:000113e0       sf_mex_errbuf_clear        00000001800123e0 f   sfc_mex:sfc_mex.obj
 0001:000113f0       sf_mex_errbuf_isempty      00000001800123f0 f   sfc_mex:sfc_mex.obj
 0001:000114f0       sf_mex_set_error_status    00000001800124f0 f   sfc_mex:sfc_mex.obj
 0001:00011540       sf_mex_error_direct_call   0000000180012540 f   sfc_mex:sfc_mex.obj
 0001:00011560       sf_mex_error_message_no_long_jump 0000000180012560 f   sfc_mex:sfc_mex.obj
 0001:00011580       sf_mex_long_jump_on_error  0000000180012580 f   sfc_mex:sfc_mex.obj
 0001:000115b0       sf_mex_call_matlab         00000001800125b0 f   sfc_mex:sfc_mex.obj
 0001:000116d0       sf_mex_check_builtin       00000001800126d0 f   sfc_mex:sfc_mex.obj
 0001:00011770       sf_mex_check_builtin_vs    0000000180012770 f   sfc_mex:sfc_mex.obj
 0001:00011830       sf_mex_check_enum          0000000180012830 f   sfc_mex:sfc_mex.obj
 0001:000118b0       sf_mex_create_enum         00000001800128b0 f   sfc_mex:sfc_mex.obj
 0001:00011920       sf_mex_get_enum_element    0000000180012920 f   sfc_mex:sfc_mex.obj
 0001:00011930       sf_mex_createcellarray     0000000180012930 f   sfc_mex:sfc_mex.obj
 0001:00011940       sf_mex_setcell             0000000180012940 f   sfc_mex:sfc_mex.obj
 0001:00011950       sf_mex_getcell             0000000180012950 f   sfc_mex:sfc_mex.obj
 0001:00011960       sf_mex_dup                 0000000180012960 f   sfc_mex:sfc_mex.obj
 0001:00011980       sf_mex_assign              0000000180012980 f   sfc_mex:sfc_mex.obj
 0001:00011a00       sf_mex_destroy             0000000180012a00 f   sfc_mex:sfc_mex.obj
 0001:00011a30       mx_array_has_fi_type       0000000180012a30 f   sfc_mex:sfc_mex.obj
 0001:00011a60       sf_mex_convert_from_fi     0000000180012a60 f   sfc_mex:sfc_mex.obj
 0001:00011b90       sf_mex_convert_to_double   0000000180012b90 f   sfc_mex:sfc_mex.obj
 0001:00011cb0       sf_mex_import_fi_vs        0000000180012cb0 f   sfc_mex:sfc_mex.obj
 0001:00011ee0       sf_matrix_matrix_index_ok  0000000180012ee0 f   sfc_mex:sfc_mex.obj
 0001:00011f70       sf_vector_vector_index_ok  0000000180012f70 f   sfc_mex:sfc_mex.obj
 0001:00011fa0       ssGetCurrentInputPortDimensions_wrapper 0000000180012fa0 f   sfc_mex:sfc_mex.obj
 0001:00011fc0       ssGetCurrentOutputPortDimensions_wrapper 0000000180012fc0 f   sfc_mex:sfc_mex.obj
 0001:00011fe0       sf_mex_emlrt_context_is_debug_mode 0000000180012fe0 f   sfc_mex:sfc_mex.obj
 0001:00011ff0       sf_mex_emlrt_context_set_debug_mode 0000000180012ff0 f   sfc_mex:sfc_mex.obj
 0001:00012000       sf_mex_emlrtNameCapturePostProcessR2012a 0000000180013000 f   sfc_mex:sfc_mex.obj
 0001:00012070       sf_clear_error_manager_info 0000000180013070 f   sfc_mex:sfc_mex.obj
 0001:000120d0       sf_mex_stop_simulation_abruptly_wo_error 00000001800130d0 f   sfc_mex:sfc_mex.obj
 0001:00012110       sf_mex_error_message       0000000180013110 f   sfc_mex:sfc_mex.obj
 0001:00012180       sf_react_to_error_in_matlab_call 0000000180013180 f   sfc_mex:sfc_mex.obj
 0001:000121b0       sf_mex_addfield            00000001800131b0 f   sfc_mex:sfc_mex.obj
 0001:00012250       sf_mex_getfield            0000000180013250 f   sfc_mex:sfc_mex.obj
 0001:00012550       sf_mex_check_class         0000000180013550 f   sfc_mex:sfc_mex.obj
 0001:000125f0       sf_mex_is_real             00000001800135f0 f   sfc_mex:sfc_mex.obj
 0001:00012a60       sf_mex_decode_encoded_mx_struct_array 0000000180013a60 f   sfc_mex:sfc_mex.obj
 0001:00012d50       sf_mex_lw_bounds_check     0000000180013d50 f   sfc_mex:sfc_mex.obj
 0001:00012d80       sf_mex_lw_size_eq_check_1d 0000000180013d80 f   sfc_mex:sfc_mex.obj
 0001:00012da0       sf_mex_lw_size_eq_check_nd 0000000180013da0 f   sfc_mex:sfc_mex.obj
 0001:00012f80       sf_mex_lw_dim_size_eq_check 0000000180013f80 f   sfc_mex:sfc_mex.obj
 0001:00012fb0       sf_mex_lw_dim_size_geq_check 0000000180013fb0 f   sfc_mex:sfc_mex.obj
 0001:00012fe0       sf_mex_lw_sub_assign_size_check_nd 0000000180013fe0 f   sfc_mex:sfc_mex.obj
 0001:000131b0       sf_mex_lw_runtime_error_msgid 00000001800141b0 f   sfc_mex:sfc_mex.obj
 0001:000132a0       sf_mex_lw_matrix_matrix_index_check 00000001800142a0 f   sfc_mex:sfc_mex.obj
 0001:000132c0       sf_mex_lw_vector_vector_index_check 00000001800142c0 f   sfc_mex:sfc_mex.obj
 0001:00013300       sf_mex_lw_for_loop_vector_check 0000000180014300 f   sfc_mex:sfc_mex.obj
 0001:00013390       sf_mex_lw_non_negative_check 0000000180014390 f   sfc_mex:sfc_mex.obj
 0001:000133d0       sf_mex_overflow_error      00000001800143d0 f   sfc_mex:sfc_mex.obj
 0001:000133e0       sf_mex_dividebyzero_error  00000001800143e0 f   sfc_mex:sfc_mex.obj
 0001:000133f0       sf_mex_unsafe_enum_error   00000001800143f0 f   sfc_mex:sfc_mex.obj
 0001:00013400       sf_emlrtErrHandler         0000000180014400 f   sfc_mex:sfc_mex.obj
 0001:000134e0       sf_mex_size_one_check      00000001800144e0 f   sfc_mex:sfc_mex.obj
 0001:00013500       sf_mex_printf              0000000180014500 f   sfc_mex:sfc_mex.obj
 0001:000136d0       sf_mex_check_size          00000001800146d0 f   sfc_mex:sfc_mex.obj
 0001:00013970       sf_mex_check_struct        0000000180014970 f   sfc_mex:sfc_mex.obj
 0001:00013bd0       sf_mex_check_struct_vs     0000000180014bd0 f   sfc_mex:sfc_mex.obj
 0001:00013c60       sf_mex_check_fi            0000000180014c60 f   sfc_mex:sfc_mex.obj
 0001:00013d60       sf_mex_check_fi_vs         0000000180014d60 f   sfc_mex:sfc_mex.obj
 0001:00013e00       sf_echo_expression         0000000180014e00 f   sfc_mex:sfc_mex.obj
 0001:00013e60       sf_assertion_failed        0000000180014e60 f   sfc_mex:sfc_mex.obj
 0001:00014140       sf_mex_evalin              0000000180015140 f   sfc_mex:sfc_mex.obj
 0001:000143b0       sf_mex_export              00000001800153b0 f   sfc_mex:sfc_mex.obj
 0001:00014470       sf_mex_get_ml_var_no_error 0000000180015470 f   sfc_mex:sfc_mex.obj
 0001:00014610       sf_mex_get_ml_var          0000000180015610 f   sfc_mex:sfc_mex.obj
 0001:00014aa0       ml_set_element_value_in_array 0000000180015aa0 f   sfc_mex:sfc_mex.obj
 0001:00015b60       sf_mex_call_impl           0000000180016b60 f   sfc_mex:sfc_mex.obj
 0001:00015f80       sf_mex_call_debug          0000000180016f80 f   sfc_mex:sfc_mex.obj
 0001:00015fb0       sf_mex_call                0000000180016fb0 f   sfc_mex:sfc_mex.obj
 0001:00016600       sf_mex_createstruct        0000000180017600 f   sfc_mex:sfc_mex.obj
 0001:00016710       sf_mex_createstructarray   0000000180017710 f   sfc_mex:sfc_mex.obj
 0001:00016790       sf_mex_get_mx_datatype_from_sf_datatype 0000000180017790 f   sfc_mex:sfc_mex.obj
 0001:00016aa0       sf_mex_ml_var_sub          0000000180017aa0 f   sfc_mex:sfc_mex.obj
 0001:00016c80       sf_mex_ml_var_subsasgn     0000000180017c80 f   sfc_mex:sfc_mex.obj
 0001:00017080       sf_mex_sub                 0000000180018080 f   sfc_mex:sfc_mex.obj
 0001:00017290       sf_mex_subsasgn            0000000180018290 f   sfc_mex:sfc_mex.obj
 0001:000177a0       sf_mex_create              00000001800187a0 f   sfc_mex:sfc_mex.obj
 0001:00018140       sf_mex_import_named        0000000180019140 f   sfc_mex:sfc_mex.obj
 0001:000181a0       sf_mex_import              00000001800191a0 f   sfc_mex:sfc_mex.obj
 0001:000181f0       sf_mex_import_vs           00000001800191f0 f   sfc_mex:sfc_mex.obj
 0001:00018300       sf_mex_lower_fixpt_mx_array 0000000180019300 f   sfc_mex:sfc_mex.obj
 0001:00018600       sf_send_message_wrapper    0000000180019600 f   sfc_mex:sfc_sf.obj
 0001:00018630       sf_receive_message_wrapper 0000000180019630 f   sfc_mex:sfc_sf.obj
 0001:00018670       sf_check_out_message_wrapper 0000000180019670 f   sfc_mex:sfc_sf.obj
 0001:000186b0       sf_check_in_message_wrapper 00000001800196b0 f   sfc_mex:sfc_sf.obj
 0001:000186f0       sf_no_message_wrapper      00000001800196f0 f   sfc_mex:sfc_sf.obj
 0001:00018a80       sim_mode_is_rtw_gen        0000000180019a80 f   sfc_mex:sfc_sf.obj
 0001:00018ab0       sim_mode_is_external       0000000180019ab0 f   sfc_mex:sfc_sf.obj
 0001:00018ac0       sim_mode_is_modelref_sim   0000000180019ac0 f   sfc_mex:sfc_sf.obj
 0001:00018ae0       mdlInitializeSizes         0000000180019ae0 f   sfc_mex:sfc_sf.obj
 0001:00018b00       mdlInitializeSampleTimes   0000000180019b00 f   sfc_mex:sfc_sf.obj
 0001:00018b40       mdlZeroCrossings           0000000180019b40 f   sfc_mex:sfc_sf.obj
 0001:00018c30       mdlDerivatives             0000000180019c30 f   sfc_mex:sfc_sf.obj
 0001:00018cf0       mdl_initialize_conditions_processing 0000000180019cf0 f   sfc_mex:sfc_sf.obj
 0001:00018d20       mdlInitializeConditions    0000000180019d20 f   sfc_mex:sfc_sf.obj
 0001:00018de0       mdlGetSimState             0000000180019de0 f   sfc_mex:sfc_sf.obj
 0001:00018df0       mdlSetSimState             0000000180019df0 f   sfc_mex:sfc_sf.obj
 0001:00018e00       mdl_ext_mode_exec_processing 0000000180019e00 f   sfc_mex:sfc_sf.obj
 0001:00018e20       mdlExtModeExec             0000000180019e20 f   sfc_mex:sfc_sf.obj
 0001:00018fc0       mdlTerminate               0000000180019fc0 f   sfc_mex:sfc_sf.obj
 0001:00019030       mdlRTW                     000000018001a030 f   sfc_mex:sfc_sf.obj
 0001:00019060       mdlSetWorkWidths           000000018001a060 f   sfc_mex:sfc_sf.obj
 0001:00019070       mdlProcessParameters       000000018001a070 f   sfc_mex:sfc_sf.obj
 0001:00019080       mdl_start_processing       000000018001a080 f   sfc_mex:sfc_sf.obj
 0001:000190e0       mdlStart                   000000018001a0e0 f   sfc_mex:sfc_sf.obj
 0001:000191f0       mdlEnable                  000000018001a1f0 f   sfc_mex:sfc_sf.obj
 0001:000192d0       mdlDisable                 000000018001a2d0 f   sfc_mex:sfc_sf.obj
 0001:00019390       sf_get_chart_instance_ptr  000000018001a390 f   sfc_mex:sfc_sf.obj
 0001:000193b0       sf_load_rtw_optimization_info 000000018001a3b0 f   sfc_mex:sfc_sf.obj
 0001:00019480       sf_update_buildInfo        000000018001a480 f   sfc_mex:sfc_sf.obj
 0001:00019580       sf_rtw_info_uint_prop      000000018001a580 f   sfc_mex:sfc_sf.obj
 0001:000196c0       sf_is_chart_inlinable      000000018001a6c0 f   sfc_mex:sfc_sf.obj
 0001:000196e0       sf_mark_output_events_with_multiple_callers 000000018001a6e0 f   sfc_mex:sfc_sf.obj
 0001:00019870       sf_mark_chart_reusable_outputs 000000018001a870 f   sfc_mex:sfc_sf.obj
 0001:00019ad0       sf_mark_chart_expressionable_inputs 000000018001aad0 f   sfc_mex:sfc_sf.obj
 0001:00019d30       sf_get_subchart_simstruct  000000018001ad30 f   sfc_mex:sfc_sf.obj
 0001:00019d80       sf_get_fixpt_data_type_id  000000018001ad80 f   sfc_mex:sfc_sf.obj
 0001:00019dc0       sf_get_enum_data_type_id   000000018001adc0 f   sfc_mex:sfc_sf.obj
 0001:00019e00       sf_get_param_data_type_id  000000018001ae00 f   sfc_mex:sfc_sf.obj
 0001:00019e30       sf_mex_listen_for_ctrl_c_force 000000018001ae30 f   sfc_mex:sfc_sf.obj
 0001:00019f40       sf_mex_draw_now            000000018001af40 f   sfc_mex:sfc_sf.obj
 0001:00019f80       sf_mex_set_debugger_sim_status_listener_fcn 000000018001af80 f   sfc_mex:sfc_sf.obj
 0001:00019f90       sf_mex_listen_for_ctrl_c   000000018001af90 f   sfc_mex:sfc_sf.obj
 0001:0001a030       sf_mex_get_sfun_param      000000018001b030 f   sfc_mex:sfc_sf.obj
 0001:0001a080       sf_get_runtime_param_data  000000018001b080 f   sfc_mex:sfc_sf.obj
 0001:0001a0c0       sf_call_output_fcn_call    000000018001b0c0 f   sfc_mex:sfc_sf.obj
 0001:0001a200       sf_call_output_fcn_enable  000000018001b200 f   sfc_mex:sfc_sf.obj
 0001:0001a290       sf_call_output_fcn_disable 000000018001b290 f   sfc_mex:sfc_sf.obj
 0001:0001a320       sf_clear_rtw_identifier    000000018001b320 f   sfc_mex:sfc_sf.obj
 0001:0001ab40       sf_set_encoded_dwork_info  000000018001bb40 f   sfc_mex:sfc_sf.obj
 0001:0001ab90       sf_get_dwork_info_from_mat_file 000000018001bb90 f   sfc_mex:sfc_sf.obj
 0001:0001ad50       sf_set_rtw_dwork_info      000000018001bd50 f   sfc_mex:sfc_sf.obj
 0001:0001aec0       mdlOutputs                 000000018001bec0 f   sfc_mex:sfc_sf.obj
 0001:0001afe0       sf_debug_chart_instance_initialized_quick 000000018001bfe0 f   sfc_debug:sfcdebug.obj
 0001:0001b060       sf_debug_disp              000000018001c060 f   sfc_debug:sfcdebug.obj
 0001:0001b330       sf_debug_data_runtime_size_mismatch_error_check 000000018001c330 f   sfc_debug:sfcdebug.obj
 0001:0001b3e0       sf_debug_try_loading_machine 000000018001c3e0 f   sfc_debug:sfcdebug.obj
 0001:0001b4e0       sf_debug_reset_current_state_configuration 000000018001c4e0 f   sfc_debug:sfcdebug.obj
 0001:0001b560       sf_debug_store_current_state_configuration 000000018001c560 f   sfc_debug:sfcdebug.obj
 0001:0001b5e0       sf_debug_restore_previous_state_configuration 000000018001c5e0 f   sfc_debug:sfcdebug.obj
 0001:0001b660       sf_debug_restore_previous_state_configuration2 000000018001c660 f   sfc_debug:sfcdebug.obj
 0001:0001b6e0       sf_debug_get_event_scope   000000018001c6e0 f   sfc_debug:sfcdebug.obj
 0001:0001b850       use_debugger_step_animation 000000018001c850 f   sfc_debug:sfcdebug.obj
 0001:0001b870       sf_debug_get_script_id     000000018001c870 f   sfc_debug:sfcdebug.obj
 0001:0001b900       sf_debug_set_script_translation 000000018001c900 f   sfc_debug:sfcdebug.obj
 0001:0001ba80       sf_debug_extract_message_post_receive_info 000000018001ca80 f   sfc_debug:sfcdebug.obj
 0001:0001bc40       sf_debug_get_current_machine_id 000000018001cc40 f   sfc_debug:sfcdebug.obj
 0001:0001bc60       sf_debug_get_current_optional_integer 000000018001cc60 f   sfc_debug:sfcdebug.obj
 0001:0001bc70       sf_debug_get_current_machine_number 000000018001cc70 f   sfc_debug:sfcdebug.obj
 0001:0001bc90       sf_debug_get_current_machine_name 000000018001cc90 f   sfc_debug:sfcdebug.obj
 0001:0001bcb0       sf_debug_get_current_chart_id 000000018001ccb0 f   sfc_debug:sfcdebug.obj
 0001:0001bcf0       sf_debug_get_current_chart_number 000000018001ccf0 f   sfc_debug:sfcdebug.obj
 0001:0001bd00       sf_debug_get_current_instance_number 000000018001cd00 f   sfc_debug:sfcdebug.obj
 0001:0001bd10       sf_debug_get_current_is_minor_time_step 000000018001cd10 f   sfc_debug:sfcdebug.obj
 0001:0001bd90       sf_debug_get_current_object_type 000000018001cd90 f   sfc_debug:sfcdebug.obj
 0001:0001bda0       sf_debug_get_current_instance_handle 000000018001cda0 f   sfc_debug:sfcdebug.obj
 0001:0001be00       sf_debug_get_current_event_type 000000018001ce00 f   sfc_debug:sfcdebug.obj
 0001:0001be10       sf_debug_get_current_object_id 000000018001ce10 f   sfc_debug:sfcdebug.obj
 0001:0001be50       sf_debug_get_current_active_event_type 000000018001ce50 f   sfc_debug:sfcdebug.obj
 0001:0001be60       sf_debug_get_current_active_event_id 000000018001ce60 f   sfc_debug:sfcdebug.obj
 0001:0001bea0       sf_debug_get_current_tag_type 000000018001cea0 f   sfc_debug:sfcdebug.obj
 0001:0001beb0       sf_debug_get_current_simulation_time 000000018001ceb0 f   sfc_debug:sfcdebug.obj
 0001:0001bec0       sf_debug_get_current_coverage_percentage 000000018001cec0 f   sfc_debug:sfcdebug.obj
 0001:0001bed0       sf_debug_current_statement_context 000000018001ced0 f   sfc_debug:sfcdebug.obj
 0001:0001bf50       sf_debug_get_current_statement_info 000000018001cf50 f   sfc_debug:sfcdebug.obj
 0001:0001c0f0       sf_debug_terminate_instance 000000018001d0f0 f   sfc_debug:sfcdebug.obj
 0001:0001c410       sf_debug_assertion_failed  000000018001d410 f   sfc_debug:sfcdebug.obj
 0001:0001c5e0       sf_debug_create_debug_instance_struct 000000018001d5e0 f   sfc_debug:sfcdebug.obj
 0001:0001c630       sf_debug_set_number_of_data_with_change_event_for_machine 000000018001d630 f   sfc_debug:sfcdebug.obj
 0001:0001c680       sf_debug_set_machine_event_thresholds 000000018001d680 f   sfc_debug:sfcdebug.obj
 0001:0001c6a0       sf_debug_set_machine_event_scope 000000018001d6a0 f   sfc_debug:sfcdebug.obj
 0001:0001c6f0       sf_debug_set_machine_data_thresholds 000000018001d6f0 f   sfc_debug:sfcdebug.obj
 0001:0001c740       sf_debug_set_machine_data_scope 000000018001d740 f   sfc_debug:sfcdebug.obj
 0001:0001c7e0       sf_debug_set_machine_data_name 000000018001d7e0 f   sfc_debug:sfcdebug.obj
 0001:0001c890       sf_debug_set_machine_data_size 000000018001d890 f   sfc_debug:sfcdebug.obj
 0001:0001c9e0       sf_debug_set_machine_data_type 000000018001d9e0 f   sfc_debug:sfcdebug.obj
 0001:0001cb50       sf_debug_get_chart_data_number 000000018001db50 f   sfc_debug:sfcdebug.obj
 0001:0001cb70       sf_debug_get_chart_event_number 000000018001db70 f   sfc_debug:sfcdebug.obj
 0001:0001cb90       sf_debug_set_chart_state_info 000000018001db90 f   sfc_debug:sfcdebug.obj
 0001:0001cc20       sf_debug_set_chart_decomposition 000000018001dc20 f   sfc_debug:sfcdebug.obj
 0001:0001cc90       sf_debug_set_chart_substate_count 000000018001dc90 f   sfc_debug:sfcdebug.obj
 0001:0001cd70       sf_debug_set_chart_substate_index 000000018001dd70 f   sfc_debug:sfcdebug.obj
 0001:0001cdf0       sf_debug_set_chart_state_substate_count 000000018001ddf0 f   sfc_debug:sfcdebug.obj
 0001:0001cf10       sf_debug_set_chart_state_substate_index 000000018001df10 f   sfc_debug:sfcdebug.obj
 0001:0001cfa0       sf_debug_set_number_of_data_with_change_event_for_chart 000000018001dfa0 f   sfc_debug:sfcdebug.obj
 0001:0001d030       sf_debug_set_number_of_states_with_entry_event_for_chart 000000018001e030 f   sfc_debug:sfcdebug.obj
 0001:0001d0b0       sf_debug_set_number_of_states_with_exit_event_for_chart 000000018001e0b0 f   sfc_debug:sfcdebug.obj
 0001:0001d130       sf_debug_set_chart_disable_implicit_casting 000000018001e130 f   sfc_debug:sfcdebug.obj
 0001:0001d1a0       sf_debug_set_chart_event_thresholds 000000018001e1a0 f   sfc_debug:sfcdebug.obj
 0001:0001d220       sf_debug_set_chart_data_compiled_props 000000018001e220 f   sfc_debug:sfcdebug.obj
 0001:0001d560       sf_debug_set_chart_data_props 000000018001e560 f   sfc_debug:sfcdebug.obj
 0001:0001d880       sf_debug_check_fi_license  000000018001e880 f   sfc_debug:sfcdebug.obj
 0001:0001da40       sf_debug_symbol_scope_push 000000018001ea40 f   sfc_debug:sfcdebug.obj
 0001:0001da80       sf_debug_symbol_scope_push_eml 000000018001ea80 f   sfc_debug:sfcdebug.obj
 0001:0001dad0       sf_debug_symbol_scope_pop  000000018001ead0 f   sfc_debug:sfcdebug.obj
 0001:0001db10       sf_debug_symbol_scope_add_importable 000000018001eb10 f   sfc_debug:sfcdebug.obj
 0001:0001db90       sf_debug_symbol_scope_add  000000018001eb90 f   sfc_debug:sfcdebug.obj
 0001:0001dc10       sf_debug_symbol_scope_add_dyn_importable 000000018001ec10 f   sfc_debug:sfcdebug.obj
 0001:0001dcd0       sf_debug_symbol_scope_add_dyn 000000018001ecd0 f   sfc_debug:sfcdebug.obj
 0001:0001dd10       sf_debug_symbol_scope_add_eml_importable 000000018001ed10 f   sfc_debug:sfcdebug.obj
 0001:0001dd50       sf_debug_symbol_scope_add_eml 000000018001ed50 f   sfc_debug:sfcdebug.obj
 0001:0001dd90       sf_debug_symbol_scope_add_eml_dyn_importable 000000018001ed90 f   sfc_debug:sfcdebug.obj
 0001:0001ddf0       sf_debug_symbol_scope_add_eml_dyn 000000018001edf0 f   sfc_debug:sfcdebug.obj
 0001:0001de50       sf_debug_symbol_switch     000000018001ee50 f   sfc_debug:sfcdebug.obj
 0001:0001de70       sf_debug_symbol_scope_add_verbose 000000018001ee70 f   sfc_debug:sfcdebug.obj
 0001:0001df40       sf_debug_set_machine_data_value_ptr 000000018001ef40 f   sfc_debug:sfcdebug.obj
 0001:0001df80       sf_debug_set_instance_data_value_ptr 000000018001ef80 f   sfc_debug:sfcdebug.obj
 0001:0001e050       sf_debug_unset_instance_data_value_ptr 000000018001f050 f   sfc_debug:sfcdebug.obj
 0001:0001e100       sf_debug_set_chart_event_scope 000000018001f100 f   sfc_debug:sfcdebug.obj
 0001:0001e180       sf_debug_set_chart_transition_coverage_maps 000000018001f180 f   sfc_debug:sfcdebug.obj
 0001:0001e280       sf_debug_set_chart_state_coverage_maps 000000018001f280 f   sfc_debug:sfcdebug.obj
 0001:0001e350       sf_debug_set_instance_transition_coverage_weights 000000018001f350 f   sfc_debug:sfcdebug.obj
 0001:0001e3e0       sf_debug_set_instance_state_coverage_weights 000000018001f3e0 f   sfc_debug:sfcdebug.obj
 0001:0001e630       sf_debug_unload_machine    000000018001f630 f   sfc_debug:sfcdebug.obj
 0001:0001e680       sf_debug_load_machine      000000018001f680 f   sfc_debug:sfcdebug.obj
 0001:0001e790       sf_debug_set_active_instance_in_data_dictionary 000000018001f790 f   sfc_debug:sfcdebug.obj
 0001:0001e970       sf_debug_set_active_instance 000000018001f970 f   sfc_debug:sfcdebug.obj
 0001:0001ead0       sf_debug_chart_visiblity_change 000000018001fad0 f   sfc_debug:sfcdebug.obj
 0001:0001ebc0       sf_debug_select_chart      000000018001fbc0 f   sfc_debug:sfcdebug.obj
 0001:0001ed20       sf_debug_set_instance_cv_ids 000000018001fd20 f   sfc_debug:sfcdebug.obj
 0001:0001f050       sf_debug_select_charts     0000000180020050 f   sfc_debug:sfcdebug.obj
 0001:0001f200       sf_debug_initialized       0000000180020200 f   sfc_debug:sfcdebug.obj
 0001:0001f220       sf_debug_is_uninterruptible 0000000180020220 f   sfc_debug:sfcdebug.obj
 0001:0001f250       sf_debug_initialize_debugger_gui 0000000180020250 f   sfc_debug:sfcdebug.obj
 0001:0001f630       sf_debug_resume            0000000180020630 f   sfc_debug:sfcdebug.obj
 0001:0001f650       sf_debug_go                0000000180020650 f   sfc_debug:sfcdebug.obj
 0001:0001f660       sf_debug_break             0000000180020660 f   sfc_debug:sfcdebug.obj
 0001:0001f670       sf_debug_step_over         0000000180020670 f   sfc_debug:sfcdebug.obj
 0001:0001f680       sf_debug_step_out          0000000180020680 f   sfc_debug:sfcdebug.obj
 0001:0001f690       sf_debug_set_disable_all_breakpoints 0000000180020690 f   sfc_debug:sfcdebug.obj
 0001:0001f6a0       sf_debug_disable_all_breakpoints_and_go 00000001800206a0 f   sfc_debug:sfcdebug.obj
 0001:0001f6b0       sf_debug_break_on_chart_entry 00000001800206b0 f   sfc_debug:sfcdebug.obj
 0001:0001f6c0       sf_debug_break_on_event_broadcast 00000001800206c0 f   sfc_debug:sfcdebug.obj
 0001:0001f6d0       sf_debug_break_on_state_entry 00000001800206d0 f   sfc_debug:sfcdebug.obj
 0001:0001f6e0       sf_debug_break_between_times 00000001800206e0 f   sfc_debug:sfcdebug.obj
 0001:0001f700       sf_debug_browse_data       0000000180020700 f   sfc_debug:sfcdebug.obj
 0001:0001f710       sf_debug_watch_data        0000000180020710 f   sfc_debug:sfcdebug.obj
 0001:0001f740       sf_debug_assign_data       0000000180020740 f   sfc_debug:sfcdebug.obj
 0001:0001f750       sf_debug_whos              0000000180020750 f   sfc_debug:sfcdebug.obj
 0001:0001f770       sf_debug_get_consistency_info 0000000180020770 f   sfc_debug:sfcdebug.obj
 0001:0001f780       sf_debug_browse_trace      0000000180020780 f   sfc_debug:sfcdebug.obj
 0001:0001f790       sf_debug_set_breakpoints   0000000180020790 f   sfc_debug:sfcdebug.obj
 0001:0001f900       sf_debug_set_eml_breakpoints 0000000180020900 f   sfc_debug:sfcdebug.obj
 0001:0001fa60       sf_debug_set_script_breakpoints 0000000180020a60 f   sfc_debug:sfcdebug.obj
 0001:0001fae0       sf_debug_add_script_breakpoints 0000000180020ae0 f   sfc_debug:sfcdebug.obj
 0001:0001fb50       sf_debug_clear_script_breakpoints 0000000180020b50 f   sfc_debug:sfcdebug.obj
 0001:0001fbc0       sf_debug_query_script_breakpoints 0000000180020bc0 f   sfc_debug:sfcdebug.obj
 0001:0001fc70       sf_debug_get_eml_script_id 0000000180020c70 f   sfc_debug:sfcdebug.obj
 0001:0001fcc0       sf_debug_set_watch         0000000180020cc0 f   sfc_debug:sfcdebug.obj
 0001:0001fee0       sf_debug_get_instance_handle 0000000180020ee0 f   sfc_debug:sfcdebug.obj
 0001:0001ff70       sf_debug_get_active_states 0000000180020f70 f   sfc_debug:sfcdebug.obj
 0001:0001ff80       sf_debug_set_honor_breakpoints 0000000180020f80 f   sfc_debug:sfcdebug.obj
 0001:0001ff90       sf_debug_get_animation     0000000180020f90 f   sfc_debug:sfcdebug.obj
 0001:0001ffa0       sf_debug_set_animation     0000000180020fa0 f   sfc_debug:sfcdebug.obj
 0001:0001ffb0       sf_debug_animate           0000000180020fb0 f   sfc_debug:sfcdebug.obj
 0001:0001ffd0       sf_debug_cycle_detection_check 0000000180020fd0 f   sfc_debug:sfcdebug.obj
 0001:0001ffe0       sf_debug_data_range_check  0000000180020fe0 f   sfc_debug:sfcdebug.obj
 0001:0001fff0       sf_debug_transition_conflict_check 0000000180020ff0 f   sfc_debug:sfcdebug.obj
 0001:00020000       sf_debug_state_consistency_check 0000000180021000 f   sfc_debug:sfcdebug.obj
 0001:00020010       sf_debug_data_range_check_enabled 0000000180021010 f   sfc_debug:sfcdebug.obj
 0001:00020030       sf_debug_transition_conflict_check_enabled 0000000180021030 f   sfc_debug:sfcdebug.obj
 0001:00020050       sf_debug_transition_conflict_check_begin 0000000180021050 f   sfc_debug:sfcdebug.obj
 0001:00020070       sf_debug_transition_conflict_check_end 0000000180021070 f   sfc_debug:sfcdebug.obj
 0001:00020090       sf_debug_stop_debugging    0000000180021090 f   sfc_debug:sfcdebug.obj
 0001:000200c0       sf_debug_is_cycle_detected 00000001800210c0 f   sfc_debug:sfcdebug.obj
 0001:000200d0       sf_debug_is_array_bounds_detected 00000001800210d0 f   sfc_debug:sfcdebug.obj
 0001:000200e0       sf_debug_get_state_vectors_data_size 00000001800210e0 f   sfc_debug:sfcdebug.obj
 0001:00020120       sf_debug_get_state_vectors_data 0000000180021120 f   sfc_debug:sfcdebug.obj
 0001:00020230       sf_debug_set_state_vectors_data 0000000180021230 f   sfc_debug:sfcdebug.obj
 0001:000204c0       sf_debug_get_script_index  00000001800214c0 f   sfc_debug:sfcdebug.obj
 0001:00020650       sf_debug_add_script        0000000180021650 f   sfc_debug:sfcdebug.obj
 0001:000207e0       cv_eval_point              00000001800217e0 f   sfc_debug:sfcdebug.obj
 0001:00020950       cv_eval_testobjective      0000000180021950 f   sfc_debug:sfcdebug.obj
 0001:00020a60       sf_debug_cv_init_state     0000000180021a60 f   sfc_debug:sfcdebug.obj
 0001:00020b90       sf_debug_cv_init_chart     0000000180021b90 f   sfc_debug:sfcdebug.obj
 0001:00020c80       sf_debug_cv_init_trans     0000000180021c80 f   sfc_debug:sfcdebug.obj
 0001:00020d90       sf_debug_cv_init_saturation 0000000180021d90 f   sfc_debug:sfcdebug.obj
 0001:00020e90       sf_debug_cv_init_testobjectives 0000000180021e90 f   sfc_debug:sfcdebug.obj
 0001:00021070       cv_eml_init_script         0000000180022070 f   sfc_debug:sfcdebug.obj
 0001:00021190       cv_eml_init_fcn            0000000180022190 f   sfc_debug:sfcdebug.obj
 0001:000212a0       cv_eml_init_testobjective  00000001800222a0 f   sfc_debug:sfcdebug.obj
 0001:00021380       cv_eml_init_saturation     0000000180022380 f   sfc_debug:sfcdebug.obj
 0001:00021450       cv_eml_init_if             0000000180022450 f   sfc_debug:sfcdebug.obj
 0001:00021530       cv_eml_init_for            0000000180022530 f   sfc_debug:sfcdebug.obj
 0001:00021600       cv_eml_init_while          0000000180022600 f   sfc_debug:sfcdebug.obj
 0001:000216d0       cv_eml_init_mcdc           00000001800226d0 f   sfc_debug:sfcdebug.obj
 0001:000217f0       cv_eml_init_switch         00000001800227f0 f   sfc_debug:sfcdebug.obj
 0001:000218f0       cv_eml_eval                00000001800228f0 f   sfc_debug:sfcdebug.obj
 0001:000219e0       sf_debug_bm_is_a_eml_breakpoint 00000001800229e0 f   sfc_debug:sfcdebug.obj
 0001:00021b30       sf_debug_temporal_threshold 0000000180022b30 f   sfc_debug:sfcdebug.obj
 0001:00021ea0       sf_debug_transition_conflict_error 0000000180022ea0 f   sfc_debug:sfcdebug.obj
 0001:00022200       sf_debug_state_inconsistency_error 0000000180023200 f   sfc_debug:sfcdebug.obj
 0001:00022320       sf_debug_check_for_state_inconsistency 0000000180023320 f   sfc_debug:sfcdebug.obj
 0001:00022360       sf_debug_cycle_detecton_error 0000000180023360 f   sfc_debug:sfcdebug.obj
 0001:00022ab0       sf_debug_size_eq_check_1d  0000000180023ab0 f   sfc_debug:sfcdebug.obj
 0001:00022ad0       sf_debug_size_eq_check_nd  0000000180023ad0 f   sfc_debug:sfcdebug.obj
 0001:00022cd0       sf_debug_dim_size_eq_check 0000000180023cd0 f   sfc_debug:sfcdebug.obj
 0001:00022d00       sf_debug_dim_size_geq_check 0000000180023d00 f   sfc_debug:sfcdebug.obj
 0001:00022d30       sf_debug_sub_assign_size_check_nd 0000000180023d30 f   sfc_debug:sfcdebug.obj
 0001:00022f10       sf_debug_matrix_matrix_index_check 0000000180023f10 f   sfc_debug:sfcdebug.obj
 0001:00022f60       sf_debug_vector_vector_index_check 0000000180023f60 f   sfc_debug:sfcdebug.obj
 0001:00022fb0       sf_debug_for_loop_vector_check 0000000180023fb0 f   sfc_debug:sfcdebug.obj
 0001:00023050       sf_debug_runtime_error_msgid 0000000180024050 f   sfc_debug:sfcdebug.obj
 0001:000230f0       sf_debug_data_array_bounds_error_check 00000001800240f0 f   sfc_debug:sfcdebug.obj
 0001:00023200       sf_debug_eml_data_array_bounds_error_check 0000000180024200 f   sfc_debug:sfcdebug.obj
 0001:000236c0       sf_debug_integer_check     00000001800246c0 f   sfc_debug:sfcdebug.obj
 0001:000237b0       sf_debug_not_nan_check     00000001800247b0 f   sfc_debug:sfcdebug.obj
 0001:00023880       sf_debug_non_negative_check 0000000180024880 f   sfc_debug:sfcdebug.obj
 0001:00023950       sf_debug_overflow_detection 0000000180024950 f   sfc_debug:sfcdebug.obj
 0001:00023fb0       sf_debug_cast_to_real32_T  0000000180024fb0 f   sfc_debug:sfcdebug.obj
 0001:00024080       sf_debug_cast_to_int8_T    0000000180025080 f   sfc_debug:sfcdebug.obj
 0001:00024150       sf_debug_cast_to_uint8_T   0000000180025150 f   sfc_debug:sfcdebug.obj
 0001:00024220       sf_debug_cast_to_int16_T   0000000180025220 f   sfc_debug:sfcdebug.obj
 0001:000242f0       sf_debug_cast_to_uint16_T  00000001800252f0 f   sfc_debug:sfcdebug.obj
 0001:000243c0       sf_debug_cast_to_int32_T   00000001800253c0 f   sfc_debug:sfcdebug.obj
 0001:00024490       sf_debug_cast_to_uint32_T  0000000180025490 f   sfc_debug:sfcdebug.obj
 0001:00024560       sf_debug_data_range_error  0000000180025560 f   sfc_debug:sfcdebug.obj
 0001:00024870       sf_debug_read_before_write_check 0000000180025870 f   sfc_debug:sfcdebug.obj
 0001:00024ca0       sf_debug_data_range_error_wrapper_min_max 0000000180025ca0 f   sfc_debug:sfcdebug.obj
 0001:00024dc0       sf_debug_data_range_error_wrapper_min 0000000180025dc0 f   sfc_debug:sfcdebug.obj
 0001:00024ed0       sf_debug_data_range_error_wrapper_max 0000000180025ed0 f   sfc_debug:sfcdebug.obj
 0001:00024fe0       sf_debug_data_range_wrapper 0000000180025fe0 f   sfc_debug:sfcdebug.obj
 0001:000250a0       sf_debug_set_current_status_info 00000001800260a0 f   sfc_debug:sfcdebug.obj
 0001:00025440       sf_debug_register_message_post_receive_info 0000000180026440 f   sfc_debug:sfcdebug.obj
 0001:00025690       sf_debug_call              0000000180026690 f   sfc_debug:sfcdebug.obj
 0001:00025ff0       sf_debug_initialize_machine 0000000180026ff0 f   sfc_debug:sfcdebug.obj
 0001:000262a0       sf_debug_initialize_chart  00000001800272a0 f   sfc_debug:sfcdebug.obj
 0001:000266f0       sf_debug_ensure_script     00000001800276f0 f   sfc_debug:sfcdebug.obj
 0001:000267a0       cv_eval_saturation         00000001800277a0 f   sfc_debug:sfcdebug.obj
 0001:00026920       cv_saturation_accum        0000000180027920 f   sfc_debug:sfcdebug.obj
 0001:00026a60       cv_script_init_script      0000000180027a60 f   sfc_debug:sfcdebug.obj
 0001:00026b50       cv_script_init_fcn         0000000180027b50 f   sfc_debug:sfcdebug.obj
 0001:00026c10       cv_script_init_testobjective 0000000180027c10 f   sfc_debug:sfcdebug.obj
 0001:00026cd0       cv_script_init_saturation  0000000180027cd0 f   sfc_debug:sfcdebug.obj
 0001:00026d80       cv_script_init_if          0000000180027d80 f   sfc_debug:sfcdebug.obj
 0001:00026e40       cv_script_init_for         0000000180027e40 f   sfc_debug:sfcdebug.obj
 0001:00026ef0       cv_script_init_while       0000000180027ef0 f   sfc_debug:sfcdebug.obj
 0001:00026fa0       cv_script_init_mcdc        0000000180027fa0 f   sfc_debug:sfcdebug.obj
 0001:000270a0       cv_script_init_switch      00000001800280a0 f   sfc_debug:sfcdebug.obj
 0001:00027180       cv_script_eval             0000000180028180 f   sfc_debug:sfcdebug.obj
 0001:00027250       eml_debug_line_call        0000000180028250 f   sfc_debug:sfcdebug.obj
 0001:00027420       sf_debug_terminate         0000000180028420 f   sfc_debug:sfcdebug.obj
 0001:00027630       sf_debug_set_script_cv_ids 0000000180028630 f   sfc_debug:sfcdebug.obj
 0001:00027760       sf_debug_api               0000000180028760 f   sfc_debug:sfc_api.obj
 0001:00029050       sf_debug_sm_terminate      000000018002a050 f   sfc_debug:sfdb_animation.obj
 0001:00029200       sf_debug_reset_path_objects 000000018002a200 f   sfc_debug:sfdb_animation.obj
 0001:00029280       sf_debug_sm_reset_object_selection_status 000000018002a280 f   sfc_debug:sfdb_animation.obj
 0001:00029320       sf_debug_sm_reset_state_buffer 000000018002a320 f   sfc_debug:sfdb_animation.obj
 0001:000293f0       sf_debug_sm_store_state_buffer 000000018002a3f0 f   sfc_debug:sfdb_animation.obj
 0001:00029470       sf_debug_sm_restore_state_buffer1 000000018002a470 f   sfc_debug:sfdb_animation.obj
 0001:000294e0       sf_debug_sm_restore_state_buffer2 000000018002a4e0 f   sfc_debug:sfdb_animation.obj
 0001:00029550       sf_debug_sm_chart_active   000000018002a550 f   sfc_debug:sfdb_animation.obj
 0001:000295a0       sf_debug_sm_select_active_objects 000000018002a5a0 f   sfc_debug:sfdb_animation.obj
 0001:00029a70       sf_debug_sm_is_chart_active 000000018002aa70 f   sfc_debug:sfdb_animation.obj
 0001:00029ab0       sf_debug_sm_is_state_active 000000018002aab0 f   sfc_debug:sfdb_animation.obj
 0001:00029cf0       sf_debug_sm_get_active_states 000000018002acf0 f   sfc_debug:sfdb_animation.obj
 0001:0002a2a0       sf_debug_sm_initialize_instance 000000018002b2a0 f   sfc_debug:sfdb_animation.obj
 0001:0002a4b0       sf_debug_sm_change_object_selection_status 000000018002b4b0 f   sfc_debug:sfdb_animation.obj
 0001:0002a780       cv_create_interface        000000018002b780 f   sfc_debug:cv_sfinterface.obj
 0001:0002aa90       cv_init_trans              000000018002ba90 f   sfc_debug:cv_sfinterface.obj
 0001:0002aae0       cv_init_saturation         000000018002bae0 f   sfc_debug:cv_sfinterface.obj
 0001:0002ab20       cv_init_testobjective      000000018002bb20 f   sfc_debug:cv_sfinterface.obj
 0001:0002ab60       cv_init_state              000000018002bb60 f   sfc_debug:cv_sfinterface.obj
 0001:0002abd0       cv_init_chart              000000018002bbd0 f   sfc_debug:cv_sfinterface.obj
 0001:0002ac20       cv_dec_update_call         000000018002bc20 f   sfc_debug:cv_sfinterface.obj
 0001:0002ac60       cv_cond_update_call        000000018002bc60 f   sfc_debug:cv_sfinterface.obj
 0001:0002aca0       cv_saturation_update_call  000000018002bca0 f   sfc_debug:cv_sfinterface.obj
 0001:0002ace0       cv_saturation_update_accum 000000018002bce0 f   sfc_debug:cv_sfinterface.obj
 0001:0002ad20       cv_testobjective_update_call 000000018002bd20 f   sfc_debug:cv_sfinterface.obj
 0001:0002ad60       cv_sigrange_update         000000018002bd60 f   sfc_debug:cv_sfinterface.obj
 0001:0002ada0       cvsf_eml_eval              000000018002bda0 f   sfc_debug:cv_sfinterface.obj
 0001:0002ae80       cvsf_eml_init_script       000000018002be80 f   sfc_debug:cv_sfinterface.obj
 0001:0002af10       cvsf_eml_init_fcn          000000018002bf10 f   sfc_debug:cv_sfinterface.obj
 0001:0002af70       cvsf_eml_init_testobjective 000000018002bf70 f   sfc_debug:cv_sfinterface.obj
 0001:0002afd0       cvsf_eml_init_saturation   000000018002bfd0 f   sfc_debug:cv_sfinterface.obj
 0001:0002b020       cvsf_eml_init_if           000000018002c020 f   sfc_debug:cv_sfinterface.obj
 0001:0002b080       cvsf_eml_init_for          000000018002c080 f   sfc_debug:cv_sfinterface.obj
 0001:0002b0d0       cvsf_eml_init_while        000000018002c0d0 f   sfc_debug:cv_sfinterface.obj
 0001:0002b120       cvsf_eml_init_mcdc         000000018002c120 f   sfc_debug:cv_sfinterface.obj
 0001:0002b1b0       cvsf_eml_init_switch       000000018002c1b0 f   sfc_debug:cv_sfinterface.obj
 0001:0002b220       cvsf_script_eval           000000018002c220 f   sfc_debug:cv_sfinterface.obj
 0001:0002b300       cvsf_script_init_script    000000018002c300 f   sfc_debug:cv_sfinterface.obj
 0001:0002b390       cvsf_script_init_fcn       000000018002c390 f   sfc_debug:cv_sfinterface.obj
 0001:0002b3f0       cvsf_script_init_testobjective 000000018002c3f0 f   sfc_debug:cv_sfinterface.obj
 0001:0002b450       cvsf_script_init_saturation 000000018002c450 f   sfc_debug:cv_sfinterface.obj
 0001:0002b4a0       cvsf_script_init_if        000000018002c4a0 f   sfc_debug:cv_sfinterface.obj
 0001:0002b500       cvsf_script_init_for       000000018002c500 f   sfc_debug:cv_sfinterface.obj
 0001:0002b550       cvsf_script_init_while     000000018002c550 f   sfc_debug:cv_sfinterface.obj
 0001:0002b5a0       cvsf_script_init_mcdc      000000018002c5a0 f   sfc_debug:cv_sfinterface.obj
 0001:0002b630       cvsf_script_init_switch    000000018002c630 f   sfc_debug:cv_sfinterface.obj
 0001:0002b6a0       cv_destroy_interface       000000018002c6a0 f   sfc_debug:cv_sfinterface.obj
 0001:0002b6c0       cv_create_instance_objects 000000018002c6c0 f   sfc_debug:cv_sfinterface.obj
 0001:0002bb30       cv_is_enabled              000000018002cb30 f   sfc_debug:cv_sfinterface.obj
 0001:0002bb40       sf_debug_cv_initialize_script 000000018002cb40 f   sfc_debug:cv_sfinterface.obj
 0001:0002bcd0       sf_debug_cv_initialize_instance 000000018002ccd0 f   sfc_debug:cv_sfinterface.obj
 0001:0002c060       sf_debug_cv_terminate_chart 000000018002d060 f   sfc_debug:cv_sfinterface.obj
 0001:0002c180       cv_call_trans_test         000000018002d180 f   sfc_debug:cv_sfinterface.obj
 0001:0002c190       cv_call_sub_cond_test      000000018002d190 f   sfc_debug:cv_sfinterface.obj
 0001:0002c1d0       sf_debug_st_initialize_machine 000000018002d1d0 f   sfc_debug:sfdb_data_browse.obj
 0001:0002c280       sf_debug_st_initialize_instance 000000018002d280 f   sfc_debug:sfdb_data_browse.obj
 0001:0002c490       sf_debug_st_terminate      000000018002d490 f   sfc_debug:sfdb_data_browse.obj
 0001:0002c830       sf_debug_st_set_data_value_ptr_in_machine 000000018002d830 f   sfc_debug:sfdb_data_browse.obj
 0001:0002c8c0       sf_debug_st_set_data_value_ptr_in_instance 000000018002d8c0 f   sfc_debug:sfdb_data_browse.obj
 0001:0002c9a0       sf_debug_st_unset_data_value_ptr_in_machine 000000018002d9a0 f   sfc_debug:sfdb_data_browse.obj
 0001:0002ca10       sf_debug_st_unset_data_value_ptr_in_instance 000000018002da10 f   sfc_debug:sfdb_data_browse.obj
 0001:0002ccd0       sf_debug_mx_value          000000018002dcd0 f   sfc_debug:sfdb_data_browse.obj
 0001:0002cd30       sf_debug_mx_packed_vector  000000018002dd30 f   sfc_debug:sfdb_data_browse.obj
 0001:0002ce10       sf_debug_mx_uint_vector    000000018002de10 f   sfc_debug:sfdb_data_browse.obj
 0001:0002cec0       sf_debug_st_get_double_value_from_void_ptr_vector 000000018002dec0 f   sfc_debug:sfdb_data_browse.obj
 0001:0002d9a0       sf_debug_st_browse_data    000000018002e9a0 f   sfc_debug:sfdb_data_browse.obj
 0001:0002e1e0       sf_debug_hm_initialize_instance 000000018002f1e0 f   sfc_debug:sfdb_handle_management.obj
 0001:0002e6c0       sf_debug_hm_get_object_id  000000018002f6c0 f   sfc_debug:sfdb_handle_management.obj
 0001:0002f270       sf_debug_hm_update_chart_visibility 0000000180030270 f   sfc_debug:sfdb_handle_management.obj
 0001:00030460       sf_debug_object_is_eml_function 0000000180031460 f   sfc_debug:sfdb_handle_management.obj
 0001:000304d0       sf_debug_hm_initialize_ids_in_machine 00000001800314d0 f   sfc_debug:sfdb_handle_management.obj
 0001:00030640       sf_debug_hm_initialize_ids_in_chart 0000000180031640 f   sfc_debug:sfdb_handle_management.obj
 0001:00030740       sf_debug_hm_initialize_chart 0000000180031740 f   sfc_debug:sfdb_handle_management.obj
 0001:00030e40       sf_debug_hm_terminate      0000000180031e40 f   sfc_debug:sfdb_handle_management.obj
 0001:00030ea0       sf_debug_hm_initialize_machine 0000000180031ea0 f   sfc_debug:sfdb_handle_management.obj
 0001:000315c0       sf_debug_ss_initialize     00000001800325c0 f   sfc_debug:sfdb_symbol_scope.obj
 0001:000315e0       sf_debug_ss_terminate      00000001800325e0 f   sfc_debug:sfdb_symbol_scope.obj
 0001:00031670       sf_debug_ss_push_symbol_scope 0000000180032670 f   sfc_debug:sfdb_symbol_scope.obj
 0001:00031770       sf_debug_ss_push_symbol_scope_eml 0000000180032770 f   sfc_debug:sfdb_symbol_scope.obj
 0001:000317d0       sf_debug_ss_pop_symbol_scope 00000001800327d0 f   sfc_debug:sfdb_symbol_scope.obj
 0001:00031880       sf_debug_ss_add_symbol     0000000180032880 f   sfc_debug:sfdb_symbol_scope.obj
 0001:000319f0       sf_debug_ss_add_symbol_eml 00000001800329f0 f   sfc_debug:sfdb_symbol_scope.obj
 0001:000328f0       sf_debug_ss_set_data_value 00000001800338f0 f   sfc_debug:sfdb_symbol_scope.obj
 0001:00032d40       getInstanceNumber          0000000180033d40 f   sfc_debug:sfdb_symbol_scope.obj
 0001:00032e10       sf_debug_ss_watch_data     0000000180033e10 f   sfc_debug:sfdb_symbol_scope.obj
 0001:00033000       sf_debug_ss_assign_data    0000000180034000 f   sfc_debug:sfdb_symbol_scope.obj
 0001:00033a10       get_data_entry_name        0000000180034a10 f   sfc_debug:sfdb_symbol_scope.obj
 0001:00033a60       sf_debug_ss_whos           0000000180034a60 f   sfc_debug:sfdb_symbol_scope.obj
 0001:000340b0       sf_debug_cc_initialize_chart 00000001800350b0 f   sfc_debug:sfdb_coverage.obj
 0001:00034aa0       sf_debug_cc_initialize_instance 0000000180035aa0 f   sfc_debug:sfdb_coverage.obj
 0001:000357e0       sf_debug_cc_terminate      00000001800367e0 f   sfc_debug:sfdb_coverage.obj
 0001:000358d0       sf_debug_cc_set_transition_maps 00000001800368d0 f   sfc_debug:sfdb_coverage.obj
 0001:00035a00       sf_debug_cc_set_state_maps 0000000180036a00 f   sfc_debug:sfdb_coverage.obj
 0001:00035ae0       sf_debug_cc_set_transition_weights 0000000180036ae0 f   sfc_debug:sfdb_coverage.obj
 0001:00035da0       sf_debug_cc_set_state_weights 0000000180036da0 f   sfc_debug:sfdb_coverage.obj
 0001:00036070       sf_debug_cc_mark_transition_guard 0000000180037070 f   sfc_debug:sfdb_coverage.obj
 0001:00036100       sf_debug_cc_mark_transition_trigger 0000000180037100 f   sfc_debug:sfdb_coverage.obj
 0001:00036190       sf_debug_cc_mark_transition_decision 0000000180037190 f   sfc_debug:sfdb_coverage.obj
 0001:00036200       sf_debug_cc_mark_transition_condition_action 0000000180037200 f   sfc_debug:sfdb_coverage.obj
 0001:00036250       sf_debug_cc_mark_transition_transition_action 0000000180037250 f   sfc_debug:sfdb_coverage.obj
 0001:000362a0       sf_debug_cc_mark_state_entry 00000001800372a0 f   sfc_debug:sfdb_coverage.obj
 0001:000362f0       sf_debug_cc_mark_state_during 00000001800372f0 f   sfc_debug:sfdb_coverage.obj
 0001:00036340       sf_debug_cc_mark_state_exit 0000000180037340 f   sfc_debug:sfdb_coverage.obj
 0001:00036390       sf_debug_bm_clear_script_breakpoints 0000000180037390 f   sfc_debug:sfdb_breakpoints.obj
 0001:000363c0       sf_debug_bm_set_script_breakpoint 00000001800373c0 f   sfc_debug:sfdb_breakpoints.obj
 0001:00036440       sf_debug_bm_clear_single_script_breakpoint 0000000180037440 f   sfc_debug:sfdb_breakpoints.obj
 0001:000364c0       sf_debug_bm_query_script_breakpoint 00000001800374c0 f   sfc_debug:sfdb_breakpoints.obj
 0001:00036510       sf_debug_bm_initialize_scripts 0000000180037510 f   sfc_debug:sfdb_breakpoints.obj
 0001:00036ba0       sf_debug_bm_terminate      0000000180037ba0 f   sfc_debug:sfdb_breakpoints.obj
 0001:00036e80       sf_debug_bm_remove_all_breakpoints_in_machine 0000000180037e80 f   sfc_debug:sfdb_breakpoints.obj
 0001:00036ee0       sf_debug_bm_remove_all_breakpoints_in_chart 0000000180037ee0 f   sfc_debug:sfdb_breakpoints.obj
 0001:00037030       sf_debug_bm_initialize_global_breakpoints 0000000180038030 f   sfc_debug:sfdb_breakpoints.obj
 0001:000371b0       sf_debug_bm_set_breakpoint 00000001800381b0 f   sfc_debug:sfdb_breakpoints.obj
 0001:00037770       sf_debug_bm_set_eml_breakpoint 0000000180038770 f   sfc_debug:sfdb_breakpoints.obj
 0001:00037800       sf_debug_bm_initialize_machine_breakpoint_map 0000000180038800 f   sfc_debug:sfdb_breakpoints.obj
 0001:00037c20       sf_debug_bm_is_a_breakpoint 0000000180038c20 f   sfc_debug:sfdb_breakpoints.obj
 0001:00038140       sf_debug_bm_get_all_breakpoints_in_machine 0000000180039140 f   sfc_debug:sfdb_breakpoints.obj
 0001:00038440       sf_debug_bm_get_all_breakpoints_in_chart 0000000180039440 f   sfc_debug:sfdb_breakpoints.obj
 0001:00038fd0       sf_debug_bm_initialize_machine 0000000180039fd0 f   sfc_debug:sfdb_breakpoints.obj
 0001:000390a0       sf_debug_bm_initialize_chart 000000018003a0a0 f   sfc_debug:sfdb_breakpoints.obj
 0001:00039490       sf_debug_sc_terminate      000000018003a490 f   sfc_debug:sfdb_state_consistency.obj
 0001:000397b0       sf_debug_sc_is_chart_consistent 000000018003a7b0 f   sfc_debug:sfdb_state_consistency.obj
 0001:00039a60       sf_debug_sc_get_consistency_error_info 000000018003aa60 f   sfc_debug:sfdb_state_consistency.obj
 0001:00039e70       sf_debug_tm_terminate      000000018003ae70 f   sfc_debug:sfdb_call_stack.obj
 0001:00039f20       sf_debug_tm_push_chart_instance 000000018003af20 f   sfc_debug:sfdb_call_stack.obj
 0001:0003a060       sf_debug_tm_pop_chart_instance 000000018003b060 f   sfc_debug:sfdb_call_stack.obj
 0001:0003a0c0       sf_debug_tm_push_trace_node 000000018003b0c0 f   sfc_debug:sfdb_call_stack.obj
 0001:0003a240       sf_debug_tm_pop_trace_node 000000018003b240 f   sfc_debug:sfdb_call_stack.obj
 0001:0003a2c0       sf_debug_tm_get_current_global_trace_index 000000018003b2c0 f   sfc_debug:sfdb_call_stack.obj
 0001:0003a2d0       sf_debug_tm_get_current_local_trace_index 000000018003b2d0 f   sfc_debug:sfdb_call_stack.obj
 0001:0003a300       sf_debug_tm_set_cycle_detected_flag 000000018003b300 f   sfc_debug:sfdb_call_stack.obj
 0001:0003a340       sf_debug_tm_set_cycle_started_flag 000000018003b340 f   sfc_debug:sfdb_call_stack.obj
 0001:0003a380       sf_debug_tm_get_chart_number_from_stack 000000018003b380 f   sfc_debug:sfdb_call_stack.obj
 0001:0003a580       sf_debug_tm_browse_trace   000000018003b580 f   sfc_debug:sfdb_call_stack.obj
 0001:0003a890       sf_debug_cd_initialize_instance 000000018003b890 f   sfc_debug:sfdb_cycle_detection.obj
 0001:0003ab40       sf_debug_cd_mark_processed_transition_in_instance 000000018003bb40 f   sfc_debug:sfdb_cycle_detection.obj
 0001:0003abe0       sf_debug_cd_checksum_push  000000018003bbe0 f   sfc_debug:sfdb_cycle_detection.obj
 0001:0003ae90       sf_debug_cd_checksum_pop   000000018003be90 f   sfc_debug:sfdb_cycle_detection.obj
 0001:0003af00       sf_debug_cd_turn_off_cycle_detection 000000018003bf00 f   sfc_debug:sfdb_cycle_detection.obj
 0001:0003af50       sf_debug_cd_terminate      000000018003bf50 f   sfc_debug:sfdb_cycle_detection.obj
 0001:0003b180       md5_initialize_state       000000018003c180 f   sfc_debug:ckmd5.obj
 0001:0003bc10       md5_update_state           000000018003cc10 f   sfc_debug:ckmd5.obj
 0001:0003bc30       md5_get_hash               000000018003cc30 f   sfc_debug:ckmd5.obj
 0001:0003bc60       md5_get_hash_for_a_single_string 000000018003cc60 f   sfc_debug:ckmd5.obj
 0001:0003bcc0       mxGetPr                    000000018003ccc0 f   libmx:libmx.dll
 0001:0003bcc6       mxCreateDoubleScalar       000000018003ccc6 f   libmx:libmx.dll
 0001:0003bccc       mxCreateDoubleMatrix_730   000000018003cccc f   libmx:libmx.dll
 0001:0003bcd2       mxSetField_730             000000018003ccd2 f   libmx:libmx.dll
 0001:0003bcd8       mxCreateString             000000018003ccd8 f   libmx:libmx.dll
 0001:0003bcde       mxCreateStructMatrix_730   000000018003ccde f   libmx:libmx.dll
 0001:0003bce4       mxCreateCellMatrix_730     000000018003cce4 f   libmx:libmx.dll
 0001:0003bcea       mxDestroyArray             000000018003ccea f   libmx:libmx.dll
 0001:0003bcf0       mxDuplicateArray           000000018003ccf0 f   libmx:libmx.dll
 0001:0003bcf6       mxGetString_730            000000018003ccf6 f   libmx:libmx.dll
 0001:0003bcfc       mxIsChar                   000000018003ccfc f   libmx:libmx.dll
 0001:0003bd02       mxGetClassID               000000018003cd02 f   libmx:libmx.dll
 0001:0003bd08       mxIsNumeric                000000018003cd08 f   libmx:libmx.dll
 0001:0003bd0e       mxIsComplex                000000018003cd0e f   libmx:libmx.dll
 0001:0003bd14       mxGetN                     000000018003cd14 f   libmx:libmx.dll
 0001:0003bd1a       mxGetM                     000000018003cd1a f   libmx:libmx.dll
 0001:0003bd20       mxCalloc                   000000018003cd20 f   libmx:libmx.dll
 0001:0003bd26       mxGetScalar                000000018003cd26 f   libmx:libmx.dll
 0001:0003bd2c       mxIsLogical                000000018003cd2c f   libmx:libmx.dll
 0001:0003bd32       mxCreateDoubleMatrix_700   000000018003cd32 f   libmx:libmx.dll
 0001:0003bd38       mxFree                     000000018003cd38 f   libmx:libmx.dll
 0001:0003bd3e       mxArrayToString            000000018003cd3e f   libmx:libmx.dll
 0001:0003bd44       mxCreateCellMatrix_700     000000018003cd44 f   libmx:libmx.dll
 0001:0003bd4a       mxSetCell_700              000000018003cd4a f   libmx:libmx.dll
 0001:0003bd50       mxGetCell_700              000000018003cd50 f   libmx:libmx.dll
 0001:0003bd56       mxGetClassName             000000018003cd56 f   libmx:libmx.dll
 0001:0003bd5c       mxSetField_700             000000018003cd5c f   libmx:libmx.dll
 0001:0003bd62       mxAddField                 000000018003cd62 f   libmx:libmx.dll
 0001:0003bd68       mxGetField_700             000000018003cd68 f   libmx:libmx.dll
 0001:0003bd6e       mxGetNumberOfElements      000000018003cd6e f   libmx:libmx.dll
 0001:0003bd74       mxIsStruct                 000000018003cd74 f   libmx:libmx.dll
 0001:0003bd7a       mxIsA                      000000018003cd7a f   libmx:libmx.dll
 0001:0003bd80       mxIsClass                  000000018003cd80 f   libmx:libmx.dll
 0001:0003bd86       mxGetLogicals              000000018003cd86 f   libmx:libmx.dll
 0001:0003bd8c       mxIsSparse                 000000018003cd8c f   libmx:libmx.dll
 0001:0003bd92       mxSetFieldByNumber_700     000000018003cd92 f   libmx:libmx.dll
 0001:0003bd98       mxGetFieldByNumber_700     000000018003cd98 f   libmx:libmx.dll
 0001:0003bd9e       mxGetFieldNameByNumber     000000018003cd9e f   libmx:libmx.dll
 0001:0003bda4       mxGetNumberOfFields        000000018003cda4 f   libmx:libmx.dll
 0001:0003bdaa       mxCreateStructMatrix_700   000000018003cdaa f   libmx:libmx.dll
 0001:0003bdb0       mxGetFieldNumber           000000018003cdb0 f   libmx:libmx.dll
 0001:0003bdb6       mxIsNaN                    000000018003cdb6 f   libmx:libmx.dll
 0001:0003bdbc       mxIsEmpty                  000000018003cdbc f   libmx:libmx.dll
 0001:0003bdc2       mxGetData                  000000018003cdc2 f   libmx:libmx.dll
 0001:0003bdc8       mxGetImagData              000000018003cdc8 f   libmx:libmx.dll
 0001:0003bdce       mxArrayClassIDName         000000018003cdce f   libmx:libmx.dll
 0001:0003bdd4       mxCreateNumericMatrix_700  000000018003cdd4 f   libmx:libmx.dll
 0001:0003bdda       mxCreateStructArray_700    000000018003cdda f   libmx:libmx.dll
 0001:0003bde0       mxCalcSingleSubscript_700  000000018003cde0 f   libmx:libmx.dll
 0001:0003bde6       mxGetDimensions_700        000000018003cde6 f   libmx:libmx.dll
 0001:0003bdec       mxGetNumberOfDimensions_700 000000018003cdec f   libmx:libmx.dll
 0001:0003bdf2       mxCreateNumericArray_700   000000018003cdf2 f   libmx:libmx.dll
 0001:0003bdf8       mxGetElementSize           000000018003cdf8 f   libmx:libmx.dll
 0001:0003bdfe       mxCreateStringFromNChars_700 000000018003cdfe f   libmx:libmx.dll
 0001:0003be04       mxGetString_700            000000018003ce04 f   libmx:libmx.dll
 0001:0003be0a       mxIsLogicalScalarTrue      000000018003ce0a f   libmx:libmx.dll
 0001:0003be10       mxCreateLogicalScalar      000000018003ce10 f   libmx:libmx.dll
 0001:0003be16       mexUnlock                  000000018003ce16 f   libmex:libmex.dll
 0001:0003be1c       mexIsLocked                000000018003ce1c f   libmex:libmex.dll
 0001:0003be22       mexWarnMsgTxt              000000018003ce22 f   libmex:libmex.dll
 0001:0003be28       mexCallMATLAB              000000018003ce28 f   libmex:libmex.dll
 0001:0003be2e       mexErrMsgTxt               000000018003ce2e f   libmex:libmex.dll
 0001:0003be34       mexMakeArrayPersistent     000000018003ce34 f   libmex:libmex.dll
 0001:0003be3a       mexSetTrapFlag             000000018003ce3a f   libmex:libmex.dll
 0001:0003be40       mexPutVariable             000000018003ce40 f   libmex:libmex.dll
 0001:0003be46       mexGetVariable             000000018003ce46 f   libmex:libmex.dll
 0001:0003be4c       mexLock                    000000018003ce4c f   libmex:libmex.dll
 0001:0003be52       mexMakeMemoryPersistent    000000018003ce52 f   libmex:libmex.dll
 0001:0003be58       mexFunctionName            000000018003ce58 f   libmex:libmex.dll
 0001:0003be5e       ssRegisterDataTypeFxpFSlopeFixExpBias 000000018003ce5e f   libfixedpoint:libfixedpoint.dll
 0001:0003be64       ssRegisterDataTypeFxpScaledDouble 000000018003ce64 f   libfixedpoint:libfixedpoint.dll
 0001:0003be6a       utMalloc                   000000018003ce6a f   libut:libut.dll
 0001:0003be70       utFree                     000000018003ce70 f   libut:libut.dll
 0001:0003be76       utVSNprintf                000000018003ce76 f   libut:libut.dll
 0001:0003be7c       utCPUtime                  000000018003ce7c f   libut:libut.dll
 0001:0003be82       utCalloc                   000000018003ce82 f   libut:libut.dll
 0001:0003be88       utRealloc                  000000018003ce88 f   libut:libut.dll
 0001:0003be8e       muDoubleScalarRound        000000018003ce8e f   libmwmathutil:libmwmathutil.dll
 0001:0003be94       emlrtCreateRootTLS         000000018003ce94 f   libemlrt:libemlrt.dll
 0001:0003be9a       emlrtDestroyRootTLS        000000018003ce9a f   libemlrt:libemlrt.dll
 0001:0003bea0       emlrtCheckBuiltInR2012b    000000018003cea0 f   libemlrt:libemlrt.dll
 0001:0003bea6       emlrtCheckVsBuiltInR2012b  000000018003cea6 f   libemlrt:libemlrt.dll
 0001:0003beac       emlrtCheckEnumR2012b       000000018003ceac f   libemlrt:libemlrt.dll
 0001:0003beb2       emlrtCreateEnumR2012b      000000018003ceb2 f   libemlrt:libemlrt.dll
 0001:0003beb8       emlrtGetEnumElementR2009a  000000018003ceb8 f   libemlrt:libemlrt.dll
 0001:0003bebe       emlrtCreateReference       000000018003cebe f   libemlrt:libemlrt.dll
 0001:0003bec4       emlrtImportVsFiArrayR2009b 000000018003cec4 f   libemlrt:libemlrt.dll
 0001:0003beca       emlrtNameCapturePostProcessR2012a 000000018003ceca f   libemlrt:libemlrt.dll
 0001:0003bed0       emlrtExtractMessageId      000000018003ced0 f   libemlrt:libemlrt.dll
 0001:0003bed6       emlrtTranslateMessageIDtoLCPstring 000000018003ced6 f   libemlrt:libemlrt.dll
 0001:0003bedc       emlrtForLoopVectorIsValidR2011b 000000018003cedc f   libemlrt:libemlrt.dll
 0001:0003bee2       emlrtTranslateUTF16MessagetoLCPstring 000000018003cee2 f   libemlrt:libemlrt.dll
 0001:0003bee8       emlrtGetEnumUnderlyingArrayR2009a 000000018003cee8 f   libemlrt:libemlrt.dll
 0001:0003beee       emlrtIsEnumR2009a          000000018003ceee f   libemlrt:libemlrt.dll
 0001:0003bef4       __GSHandlerCheckCommon     000000018003cef4 f   MSVCRT:gshandler.obj
 0001:0003bf58       __GSHandlerCheck           000000018003cf58 f   MSVCRT:gshandler.obj
 0001:0003bf76       strlen                     000000018003cf76 f   MSVCRT:MSVCR100.dll
 0001:0003bf90       __security_check_cookie    000000018003cf90 f   MSVCRT:amdsecgs.obj
 0001:0003bfb0       memset                     000000018003cfb0 f   MSVCRT:MSVCR100.dll
 0001:0003bfd0       _alloca_probe              000000018003cfd0     MSVCRT:chkstk.obj
 0001:0003bfd0       __chkstk                   000000018003cfd0 f   MSVCRT:chkstk.obj
 0001:0003c01e       strcmp                     000000018003d01e f   MSVCRT:MSVCR100.dll
 0001:0003c024       free                       000000018003d024 f   MSVCRT:MSVCR100.dll
 0001:0003c02a       sprintf                    000000018003d02a f   MSVCRT:MSVCR100.dll
 0001:0003c030       malloc                     000000018003d030 f   MSVCRT:MSVCR100.dll
 0001:0003c036       strcat                     000000018003d036 f   MSVCRT:MSVCR100.dll
 0001:0003c03c       memcpy                     000000018003d03c f   MSVCRT:MSVCR100.dll
 0001:0003c044       NtCurrentTeb               000000018003d044 f i MSVCRT:crtdll.obj
 0001:0003c0b0       _CRT_INIT                  000000018003d0b0 f   MSVCRT:crtdll.obj
 0001:0003c448       _DllMainCRTStartup         000000018003d448 f   MSVCRT:crtdll.obj
 0001:0003c486       strncpy                    000000018003d486 f   MSVCRT:MSVCR100.dll
 0001:0003c48c       longjmp                    000000018003d48c f   MSVCRT:MSVCR100.dll
 0001:0003c492       strncmp                    000000018003d492 f   MSVCRT:MSVCR100.dll
 0001:0003c498       ceil                       000000018003d498 f   MSVCRT:MSVCR100.dll
 0001:0003c49e       strrchr                    000000018003d49e f   MSVCRT:MSVCR100.dll
 0001:0003c4a4       _setjmp                    000000018003d4a4 f   MSVCRT:MSVCR100.dll
 0001:0003c4aa       ldexp                      000000018003d4aa f   MSVCRT:MSVCR100.dll
 0001:0003c4b0       __report_gsfailure         000000018003d4b0 f   MSVCRT:gs_report.obj
 0001:0003c5fc       __clean_type_info_names    000000018003d5fc f   MSVCRT:tncleanup.obj
 0001:0003c608       _onexit                    000000018003d608 f   MSVCRT:atonexit.obj
 0001:0003c6b8       atexit                     000000018003d6b8 f   MSVCRT:atonexit.obj
 0001:0003c6d0       _RTC_Initialize            000000018003d6d0 f   MSVCRT:_initsect_.obj
 0001:0003c708       _RTC_Terminate             000000018003d708 f   MSVCRT:_initsect_.obj
 0001:0003c740       _malloc_crt                000000018003d740 f   MSVCRT:MSVCR100.dll
 0001:0003c750       _ValidateImageBase         000000018003d750 f   MSVCRT:pesect.obj
 0001:0003c780       _FindPESection             000000018003d780 f   MSVCRT:pesect.obj
 0001:0003c7d0       _IsNonwritableInCurrentImage 000000018003d7d0 f   MSVCRT:pesect.obj
 0001:0003c812       _initterm                  000000018003d812 f   MSVCRT:MSVCR100.dll
 0001:0003c818       _initterm_e                000000018003d818 f   MSVCRT:MSVCR100.dll
 0001:0003c81e       _encoded_null              000000018003d81e f   MSVCRT:MSVCR100.dll
 0001:0003c824       _amsg_exit                 000000018003d824 f   MSVCRT:MSVCR100.dll
 0001:0003c82a       __C_specific_handler       000000018003d82a f   MSVCRT:MSVCR100.dll
 0001:0003c830       __CppXcptFilter            000000018003d830 f   MSVCRT:MSVCR100.dll
 0001:0003c838       DllMain                    000000018003d838 f   MSVCRT:dllmain.obj
 0001:0003c85c       __security_init_cookie     000000018003d85c f   MSVCRT:gs_support.obj
 0001:0003c910       __crt_debugger_hook        000000018003d910 f   MSVCRT:MSVCR100.dll
 0001:0003c916       __clean_type_info_names_internal 000000018003d916 f   MSVCRT:MSVCR100.dll
 0001:0003c91c       _unlock                    000000018003d91c f   MSVCRT:MSVCR100.dll
 0001:0003c922       __dllonexit                000000018003d922 f   MSVCRT:MSVCR100.dll
 0001:0003c928       _lock                      000000018003d928 f   MSVCRT:MSVCR100.dll
 0001:0003c92e       EncodePointer              000000018003d92e f   kernel32:KERNEL32.dll
 0001:0003c934       DecodePointer              000000018003d934 f   kernel32:KERNEL32.dll
 0001:0003c93a       Sleep                      000000018003d93a f   kernel32:KERNEL32.dll
 0001:0003c940       TerminateProcess           000000018003d940 f   kernel32:KERNEL32.dll
 0001:0003c946       GetCurrentProcess          000000018003d946 f   kernel32:KERNEL32.dll
 0001:0003c94c       UnhandledExceptionFilter   000000018003d94c f   kernel32:KERNEL32.dll
 0001:0003c952       SetUnhandledExceptionFilter 000000018003d952 f   kernel32:KERNEL32.dll
 0001:0003c958       IsDebuggerPresent          000000018003d958 f   kernel32:KERNEL32.dll
 0001:0003c95e       RtlVirtualUnwind           000000018003d95e f   kernel32:KERNEL32.dll
 0001:0003c964       RtlLookupFunctionEntry     000000018003d964 f   kernel32:KERNEL32.dll
 0001:0003c96a       RtlCaptureContext          000000018003d96a f   kernel32:KERNEL32.dll
 0001:0003c970       DisableThreadLibraryCalls  000000018003d970 f   kernel32:KERNEL32.dll
 0001:0003c976       QueryPerformanceCounter    000000018003d976 f   kernel32:KERNEL32.dll
 0001:0003c97c       GetTickCount               000000018003d97c f   kernel32:KERNEL32.dll
 0001:0003c982       GetCurrentThreadId         000000018003d982 f   kernel32:KERNEL32.dll
 0001:0003c988       GetCurrentProcessId        000000018003d988 f   kernel32:KERNEL32.dll
 0001:0003c98e       GetSystemTimeAsFileTime    000000018003d98e f   kernel32:KERNEL32.dll
 0002:00000000       __imp_GetSystemTimeAsFileTime 000000018003e000     kernel32:KERNEL32.dll
 0002:00000008       __imp_GetCurrentProcessId  000000018003e008     kernel32:KERNEL32.dll
 0002:00000010       __imp_GetCurrentThreadId   000000018003e010     kernel32:KERNEL32.dll
 0002:00000018       __imp_GetTickCount         000000018003e018     kernel32:KERNEL32.dll
 0002:00000020       __imp_QueryPerformanceCounter 000000018003e020     kernel32:KERNEL32.dll
 0002:00000028       __imp_DisableThreadLibraryCalls 000000018003e028     kernel32:KERNEL32.dll
 0002:00000030       __imp_RtlCaptureContext    000000018003e030     kernel32:KERNEL32.dll
 0002:00000038       __imp_RtlLookupFunctionEntry 000000018003e038     kernel32:KERNEL32.dll
 0002:00000040       __imp_RtlVirtualUnwind     000000018003e040     kernel32:KERNEL32.dll
 0002:00000048       __imp_IsDebuggerPresent    000000018003e048     kernel32:KERNEL32.dll
 0002:00000050       __imp_SetUnhandledExceptionFilter 000000018003e050     kernel32:KERNEL32.dll
 0002:00000058       __imp_UnhandledExceptionFilter 000000018003e058     kernel32:KERNEL32.dll
 0002:00000060       __imp_GetCurrentProcess    000000018003e060     kernel32:KERNEL32.dll
 0002:00000068       __imp_TerminateProcess     000000018003e068     kernel32:KERNEL32.dll
 0002:00000070       __imp_Sleep                000000018003e070     kernel32:KERNEL32.dll
 0002:00000078       __imp_DecodePointer        000000018003e078     kernel32:KERNEL32.dll
 0002:00000080       __imp_EncodePointer        000000018003e080     kernel32:KERNEL32.dll
 0002:00000088       \177KERNEL32_NULL_THUNK_DATA 000000018003e088     kernel32:KERNEL32.dll
 0002:00000090       __imp__onexit              000000018003e090     MSVCRT:MSVCR100.dll
 0002:00000098       __imp__lock                000000018003e098     MSVCRT:MSVCR100.dll
 0002:000000a0       __imp___dllonexit          000000018003e0a0     MSVCRT:MSVCR100.dll
 0002:000000a8       __imp__unlock              000000018003e0a8     MSVCRT:MSVCR100.dll
 0002:000000b0       __imp___clean_type_info_names_internal 000000018003e0b0     MSVCRT:MSVCR100.dll
 0002:000000b8       __imp___crt_debugger_hook  000000018003e0b8     MSVCRT:MSVCR100.dll
 0002:000000c0       __imp___CppXcptFilter      000000018003e0c0     MSVCRT:MSVCR100.dll
 0002:000000c8       __imp___C_specific_handler 000000018003e0c8     MSVCRT:MSVCR100.dll
 0002:000000d0       __imp__amsg_exit           000000018003e0d0     MSVCRT:MSVCR100.dll
 0002:000000d8       __imp__encoded_null        000000018003e0d8     MSVCRT:MSVCR100.dll
 0002:000000e0       __imp__initterm_e          000000018003e0e0     MSVCRT:MSVCR100.dll
 0002:000000e8       __imp__initterm            000000018003e0e8     MSVCRT:MSVCR100.dll
 0002:000000f0       __imp__malloc_crt          000000018003e0f0     MSVCRT:MSVCR100.dll
 0002:000000f8       __imp_ldexp                000000018003e0f8     MSVCRT:MSVCR100.dll
 0002:00000100       __imp__setjmp              000000018003e100     MSVCRT:MSVCR100.dll
 0002:00000108       __imp_strrchr              000000018003e108     MSVCRT:MSVCR100.dll
 0002:00000110       __imp_ceil                 000000018003e110     MSVCRT:MSVCR100.dll
 0002:00000118       __imp_strncmp              000000018003e118     MSVCRT:MSVCR100.dll
 0002:00000120       __imp_longjmp              000000018003e120     MSVCRT:MSVCR100.dll
 0002:00000128       __imp_strncpy              000000018003e128     MSVCRT:MSVCR100.dll
 0002:00000130       __imp_memcpy               000000018003e130     MSVCRT:MSVCR100.dll
 0002:00000138       __imp_strcat               000000018003e138     MSVCRT:MSVCR100.dll
 0002:00000140       __imp_malloc               000000018003e140     MSVCRT:MSVCR100.dll
 0002:00000148       __imp_sprintf              000000018003e148     MSVCRT:MSVCR100.dll
 0002:00000150       __imp_free                 000000018003e150     MSVCRT:MSVCR100.dll
 0002:00000158       __imp_strcmp               000000018003e158     MSVCRT:MSVCR100.dll
 0002:00000160       __imp_memset               000000018003e160     MSVCRT:MSVCR100.dll
 0002:00000168       __imp_strlen               000000018003e168     MSVCRT:MSVCR100.dll
 0002:00000170       \177MSVCR100_NULL_THUNK_DATA 000000018003e170     MSVCRT:MSVCR100.dll
 0002:00000178       __imp_emlrtIsEnumR2009a    000000018003e178     libemlrt:libemlrt.dll
 0002:00000180       __imp_emlrtGetEnumUnderlyingArrayR2009a 000000018003e180     libemlrt:libemlrt.dll
 0002:00000188       __imp_emlrtTranslateUTF16MessagetoLCPstring 000000018003e188     libemlrt:libemlrt.dll
 0002:00000190       __imp_emlrtForLoopVectorIsValidR2011b 000000018003e190     libemlrt:libemlrt.dll
 0002:00000198       __imp_emlrtTranslateMessageIDtoLCPstring 000000018003e198     libemlrt:libemlrt.dll
 0002:000001a0       __imp_emlrtExtractMessageId 000000018003e1a0     libemlrt:libemlrt.dll
 0002:000001a8       __imp_emlrtNameCapturePostProcessR2012a 000000018003e1a8     libemlrt:libemlrt.dll
 0002:000001b0       __imp_emlrtImportVsFiArrayR2009b 000000018003e1b0     libemlrt:libemlrt.dll
 0002:000001b8       __imp_emlrtCreateReference 000000018003e1b8     libemlrt:libemlrt.dll
 0002:000001c0       __imp_emlrtGetEnumElementR2009a 000000018003e1c0     libemlrt:libemlrt.dll
 0002:000001c8       __imp_emlrtCreateEnumR2012b 000000018003e1c8     libemlrt:libemlrt.dll
 0002:000001d0       __imp_emlrtCheckEnumR2012b 000000018003e1d0     libemlrt:libemlrt.dll
 0002:000001d8       __imp_emlrtCheckVsBuiltInR2012b 000000018003e1d8     libemlrt:libemlrt.dll
 0002:000001e0       __imp_emlrtCheckBuiltInR2012b 000000018003e1e0     libemlrt:libemlrt.dll
 0002:000001e8       __imp_emlrtDestroyRootTLS  000000018003e1e8     libemlrt:libemlrt.dll
 0002:000001f0       __imp_emlrtCreateRootTLS   000000018003e1f0     libemlrt:libemlrt.dll
 0002:000001f8       \177libemlrt_NULL_THUNK_DATA 000000018003e1f8     libemlrt:libemlrt.dll
 0002:00000200       __imp_ssRegisterDataTypeFxpScaledDouble 000000018003e200     libfixedpoint:libfixedpoint.dll
 0002:00000208       __imp_ssRegisterDataTypeFxpFSlopeFixExpBias 000000018003e208     libfixedpoint:libfixedpoint.dll
[...]
 0001:00012650       sf_mex_check_complex       0000000180013650 f   sfc_mex:sfc_mex.obj
 0001:000126e0       sf_mex_check_sparse        00000001800136e0 f   sfc_mex:sfc_mex.obj
 0001:00012740       sf_mex_check_numerictype   0000000180013740 f   sfc_mex:sfc_mex.obj
 0001:000128d0       sf_mex_check_fimath        00000001800138d0 f   sfc_mex:sfc_mex.obj
 0001:00013430       size_mismatch_error        0000000180014430 f   sfc_mex:sfc_mex.obj
 0001:00013ea0       check_array_dimensions     0000000180014ea0 f   sfc_mex:sfc_mex.obj
 0001:00013f10       check_input_mxarray        0000000180014f10 f   sfc_mex:sfc_mex.obj
 0001:00014650       sf_numeric_value_to_double 0000000180015650 f   sfc_mex:sfc_mex.obj
 0001:000146a0       ml_generic_out_of_bounds_check 00000001800156a0 f   sfc_mex:sfc_mex.obj
 0001:00014860       ml_get_element_value_from_array 0000000180015860 f   sfc_mex:sfc_mex.obj
 0001:00014c00       _ml_generic_castability_check 0000000180015c00 f   sfc_mex:sfc_mex.obj
 0001:00015350       ml_generic_castability_check 0000000180016350 f   sfc_mex:sfc_mex.obj
 0001:000153f0       ml_check_mx_array_for_single_castability 00000001800163f0 f   sfc_mex:sfc_mex.obj
 0001:00015490       ml_check_mx_array_for_logical_castability 0000000180016490 f   sfc_mex:sfc_mex.obj
 0001:00015530       ml_check_mx_array_for_int8_castability 0000000180016530 f   sfc_mex:sfc_mex.obj
 0001:000155e0       ml_check_mx_array_for_uint8_castability 00000001800165e0 f   sfc_mex:sfc_mex.obj
 0001:00015640       ml_check_mx_array_for_int16_castability 0000000180016640 f   sfc_mex:sfc_mex.obj
 0001:000156a0       ml_check_mx_array_for_uint16_castability 00000001800166a0 f   sfc_mex:sfc_mex.obj
 0001:00015700       ml_check_mx_array_for_int32_castability 0000000180016700 f   sfc_mex:sfc_mex.obj
 0001:00015760       ml_check_mx_array_for_uint32_castability 0000000180016760 f   sfc_mex:sfc_mex.obj
 0001:000157c0       ml_check_mx_array_for_castability 00000001800167c0 f   sfc_mex:sfc_mex.obj
 0001:00015fe0       set_data_value             0000000180016fe0 f   sfc_mex:sfc_mex.obj
 0001:00016350       get_data_value             0000000180017350 f   sfc_mex:sfc_mex.obj
 0001:00016460       get_next_element_address   0000000180017460 f   sfc_mex:sfc_mex.obj
 0001:00016530       sf_normalize_index         0000000180017530 f   sfc_mex:sfc_mex.obj
 0001:000168e0       ml_array_index_bound_check 00000001800178e0 f   sfc_mex:sfc_mex.obj
 0001:00017460       mx_value                   0000000180018460 f   sfc_mex:sfc_mex.obj
 0001:000174b0       sf_create_numeric_array    00000001800184b0 f   sfc_mex:sfc_mex.obj
 0001:00017550       sf_mex_assign_to_mx_array  0000000180018550 f   sfc_mex:sfc_mex.obj
 0001:000178c0       assign_from_mx_array       00000001800188c0 f   sfc_mex:sfc_mex.obj
 0001:00018020       sf_mex_import_v            0000000180019020 f   sfc_mex:sfc_mex.obj
 0001:00018730       get_machine_and_chart_file_number 0000000180019730 f   sfc_mex:sfc_sf.obj
 0001:00018820       get_sfun_block_specialization 0000000180019820 f   sfc_mex:sfc_sf.obj
 0001:000188d0       call_sf_machine_global_method_dispatcher 00000001800198d0 f   sfc_mex:sfc_sf.obj
 0001:00018b20       mdl_zeroCrossings_processing 0000000180019b20 f   sfc_mex:sfc_sf.obj
 0001:00018c00       mdl_derivatives_processing 0000000180019c00 f   sfc_mex:sfc_sf.obj
 0001:00018ee0       mdl_outputs_continuous_legacy 0000000180019ee0 f   sfc_mex:sfc_sf.obj
 0001:00018f60       mdl_outputs_processing     0000000180019f60 f   sfc_mex:sfc_sf.obj
 0001:000191d0       mdl_enable_processing      000000018001a1d0 f   sfc_mex:sfc_sf.obj
 0001:000192b0       mdl_disable_processing     000000018001a2b0 f   sfc_mex:sfc_sf.obj
 0001:0001a140       sf_call_output_fcn_enable_disable 000000018001b140 f   sfc_mex:sfc_sf.obj
 0001:0001a3c0       set_dwork_information_from_mx_array 000000018001b3c0 f   sfc_mex:sfc_sf.obj
 0001:0001acb0       ptr2mxStruct               000000018001bcb0 f   sfc_mex:sfc_sf.obj
 0001:0001afc0       SNPRINTF_WRAPPER           000000018001bfc0 f   sfc_debug:sfcdebug.obj
 0001:0001aff0       sf_debug_chart_instance_initialized 000000018001bff0 f   sfc_debug:sfcdebug.obj
 0001:0001b190       sfrtAddSize                000000018001c190 f   sfc_debug:sfcdebug.obj
 0001:0001b250       sfrtGenSizeString          000000018001c250 f   sfc_debug:sfcdebug.obj
 0001:0001b9a0       fill_single_message_info   000000018001c9a0 f   sfc_debug:sfcdebug.obj
 0001:0001bc20       sf_debug_sim_status_listener 000000018001cc20 f   sfc_debug:sfcdebug.obj
 0001:0001c1b0       sf_debug_form_mask_bits    000000018001d1b0 f   sfc_debug:sfcdebug.obj
 0001:0001c1d0       sf_debug_form_sf_data_type_offsets 000000018001d1d0 f   sfc_debug:sfcdebug.obj
 0001:0001c290       sf_debug_free_all          000000018001d290 f   sfc_debug:sfcdebug.obj
 0001:0001c420       sf_debug_append_debugger_context 000000018001d420 f   sfc_debug:sfcdebug.obj
 0001:0001c790       local_strdup               000000018001d790 f   sfc_debug:sfcdebug.obj
 0001:0001d710       sf_debug_em_terminate      000000018001e710 f   sfc_debug:sfcdebug.obj
 0001:0001d750       sf_debug_push_eml_function 000000018001e750 f   sfc_debug:sfcdebug.obj
 0001:0001d7f0       sf_debug_pop_eml_function  000000018001e7f0 f   sfc_debug:sfcdebug.obj
 0001:0001e490       sf_debug_get_machine_number_from_id_or_name 000000018001f490 f   sfc_debug:sfcdebug.obj
 0001:0001e5e0       sf_debug_get_chart_number_from_id 000000018001f5e0 f   sfc_debug:sfcdebug.obj
 0001:0001f3c0       sf_debug_transfer_control_to_debugger_GUI 00000001800203c0 f   sfc_debug:sfcdebug.obj
 0001:00020330       sf_debug_scripts_rehash    0000000180021330 f   sfc_debug:sfcdebug.obj
 0001:00020540       sf_debug_get_script_line_count 0000000180021540 f   sfc_debug:sfcdebug.obj
 0001:00020f90       cv_eml_state_cvId          0000000180021f90 f   sfc_debug:sfcdebug.obj
 0001:00021000       cv_eml_trans_cvId          0000000180022000 f   sfc_debug:sfcdebug.obj
 0001:00022480       sf_debug_data_array_bounds_error 0000000180023480 f   sfc_debug:sfcdebug.obj
 0001:00022830       eml_debug_runtime_error_doclink 0000000180023830 f   sfc_debug:sfcdebug.obj
 0001:000229a0       sf_debug_runtime_error     00000001800239a0 f   sfc_debug:sfcdebug.obj
 0001:00022a10       sf_debug_matlab_error      0000000180023a10 f   sfc_debug:sfcdebug.obj
 0001:00023380       sf_debug_data_value_error  0000000180024380 f   sfc_debug:sfcdebug.obj
 0001:00023c50       sf_debug_data_loss_error   0000000180024c50 f   sfc_debug:sfcdebug.obj
 0001:00024b70       call_cv_range_check        0000000180025b70 f   sfc_debug:sfcdebug.obj
 0001:000253d0       sf_debug_invoke_cycle_detection_code 00000001800263d0 f   sfc_debug:sfcdebug.obj
 0001:00025f40       sf_reset_debug_info_struct 0000000180026f40 f   sfc_debug:sfcdebug.obj
 0001:00026730       cv_script_cvId             0000000180027730 f   sfc_debug:sfcdebug.obj
 0001:000278f0       sfc_api_chart_visible      00000001800288f0 f   sfc_debug:sfc_api.obj
 0001:00027980       sfc_api_active_instance    0000000180028980 f   sfc_debug:sfc_api.obj
 0001:00027a10       sfc_api_machine_load       0000000180028a10 f   sfc_debug:sfc_api.obj
 0001:00027b00       sfc_api_debugger_alive     0000000180028b00 f   sfc_debug:sfc_api.obj
 0001:00027b10       sfc_api_go                 0000000180028b10 f   sfc_debug:sfc_api.obj
 0001:00027b20       sfc_api_step_over          0000000180028b20 f   sfc_debug:sfc_api.obj
 0001:00027b30       sfc_api_step_out           0000000180028b30 f   sfc_debug:sfc_api.obj
 0001:00027b40       sfc_api_resume             0000000180028b40 f   sfc_debug:sfc_api.obj
 0001:00027b50       sfc_api_break              0000000180028b50 f   sfc_debug:sfc_api.obj
 0001:00027b60       sfc_api_stop_debugging     0000000180028b60 f   sfc_debug:sfc_api.obj
 0001:00027bc0       sfc_api_is_cycle_detected  0000000180028bc0 f   sfc_debug:sfc_api.obj
 0001:00027c20       sfc_api_is_array_bounds_detected 0000000180028c20 f   sfc_debug:sfc_api.obj
 0001:00027c80       sfc_api_set_disable_all_breakpoints 0000000180028c80 f   sfc_debug:sfc_api.obj
 0001:00027d00       sfc_api_disable_all_breakpoints_and_go 0000000180028d00 f   sfc_debug:sfc_api.obj
 0001:00027d10       sfc_api_close              0000000180028d10 f   sfc_debug:sfc_api.obj
 0001:00027d20       sfc_api_browse_data        0000000180028d20 f   sfc_debug:sfc_api.obj
 0001:00027da0       sfc_api_watch_data         0000000180028da0 f   sfc_debug:sfc_api.obj
 0001:00027eb0       sfc_api_extract_message_post_receive_info 0000000180028eb0 f   sfc_debug:sfc_api.obj
 0001:00027ed0       sfc_api_assign_data        0000000180028ed0 f   sfc_debug:sfc_api.obj
 0001:00027f80       sfc_api_whos               0000000180028f80 f   sfc_debug:sfc_api.obj
 0001:00028010       sfc_api_get_consistency_info 0000000180029010 f   sfc_debug:sfc_api.obj
 0001:00028020       sfc_api_browse_trace       0000000180029020 f   sfc_debug:sfc_api.obj
 0001:00028030       sfc_api_break_on_chart_entry 0000000180029030 f   sfc_debug:sfc_api.obj
 0001:00028060       sfc_api_break_on_event_broadcast 0000000180029060 f   sfc_debug:sfc_api.obj
 0001:00028090       sfc_api_break_on_state_entry 0000000180029090 f   sfc_debug:sfc_api.obj
 0001:000280c0       sfc_api_set_watch          00000001800290c0 f   sfc_debug:sfc_api.obj
 0001:00028170       sfc_api_set_breakpoints    0000000180029170 f   sfc_debug:sfc_api.obj
 0001:00028230       sfc_api_set_eml_breakpoints 0000000180029230 f   sfc_debug:sfc_api.obj
 0001:000282d0       sfc_api_set_script_breakpoints 00000001800292d0 f   sfc_debug:sfc_api.obj
 0001:00028330       sfc_api_add_script_breakpoints 0000000180029330 f   sfc_debug:sfc_api.obj
 0001:00028390       sfc_api_clear_script_breakpoints 0000000180029390 f   sfc_debug:sfc_api.obj
 0001:000283f0       sfc_api_query_script_breakpoints 00000001800293f0 f   sfc_debug:sfc_api.obj
 0001:00028460       sfc_api_get_script_id      0000000180029460 f   sfc_debug:sfc_api.obj
 0001:00028520       sfc_api_get_active_states  0000000180029520 f   sfc_debug:sfc_api.obj
 0001:000285b0       sfc_api_break_between_times 00000001800295b0 f   sfc_debug:sfc_api.obj
 0001:00028620       sfc_api_get_instance_handle 0000000180029620 f   sfc_debug:sfc_api.obj
 0001:000286f0       sfc_api_set_animation      00000001800296f0 f   sfc_debug:sfc_api.obj
 0001:00028740       sfc_api_select_chart       0000000180029740 f   sfc_debug:sfc_api.obj
 0001:000287b0       sfc_api_select_charts      00000001800297b0 f   sfc_debug:sfc_api.obj
 0001:000287e0       sfc_api_cycle_detection_check 00000001800297e0 f   sfc_debug:sfc_api.obj
 0001:00028830       sfc_api_data_range_check   0000000180029830 f   sfc_debug:sfc_api.obj
 0001:00028880       sfc_api_transition_conflict_check 0000000180029880 f   sfc_debug:sfc_api.obj
 0001:000288d0       sfc_api_state_consistency_check 00000001800298d0 f   sfc_debug:sfc_api.obj
 0001:00028920       sfc_api_set_instance_cv_ids 0000000180029920 f   sfc_debug:sfc_api.obj
 0001:00028a50       sfc_api_set_script_cv_ids  0000000180029a50 f   sfc_debug:sfc_api.obj
 0001:00028b20       sfc_api_get_current_machine_id 0000000180029b20 f   sfc_debug:sfc_api.obj
 0001:00028b50       sfc_api_get_current_machine_number 0000000180029b50 f   sfc_debug:sfc_api.obj
 0001:00028b80       sfc_api_get_current_chart_number 0000000180029b80 f   sfc_debug:sfc_api.obj
 0001:00028bb0       sfc_api_get_current_instance_number 0000000180029bb0 f   sfc_debug:sfc_api.obj
 0001:00028be0       sfc_api_get_current_instance_handle 0000000180029be0 f   sfc_debug:sfc_api.obj
 0001:00028c00       sfc_api_get_current_is_minor_time_step 0000000180029c00 f   sfc_debug:sfc_api.obj
 0001:00028c30       sfc_api_get_current_machine_name 0000000180029c30 f   sfc_debug:sfc_api.obj
 0001:00028c50       sfc_api_get_current_chart_id 0000000180029c50 f   sfc_debug:sfc_api.obj
 0001:00028c80       sfc_api_get_current_object_type 0000000180029c80 f   sfc_debug:sfc_api.obj
 0001:00028cb0       sfc_api_get_current_event_type 0000000180029cb0 f   sfc_debug:sfc_api.obj
 0001:00028ce0       sfc_api_get_current_object_id 0000000180029ce0 f   sfc_debug:sfc_api.obj
 0001:00028d10       sfc_get_current_active_event_type 0000000180029d10 f   sfc_debug:sfc_api.obj
 0001:00028d40       sfc_api_get_current_active_event_id 0000000180029d40 f   sfc_debug:sfc_api.obj
 0001:00028d70       sfc_api_get_current_simulation_time 0000000180029d70 f   sfc_debug:sfc_api.obj
 0001:00028d90       sfc_get_current_tag_type   0000000180029d90 f   sfc_debug:sfc_api.obj
 0001:00028dc0       sfc_get_current_coverage_percentage 0000000180029dc0 f   sfc_debug:sfc_api.obj
 0001:00028de0       sfc_get_current_statement_context 0000000180029de0 f   sfc_debug:sfc_api.obj
 0001:00028e00       sfc_get_current_optional_integer 0000000180029e00 f   sfc_debug:sfc_api.obj
 0001:00028e30       sfc_get_current_statement_info 0000000180029e30 f   sfc_debug:sfc_api.obj
 0001:00028ed0       sfc_api_get                0000000180029ed0 f   sfc_debug:sfc_api.obj
 0001:00029b30       sf_debug_sm_fill_state_activity_data 000000018002ab30 f   sfc_debug:sfdb_animation.obj
 0001:0002c370       void_ptr_stack_vector_free_total 000000018002d370 f   sfc_debug:sfdb_data_browse.obj
 0001:0002c3f0       sf_debug_st_terminate_machine 000000018002d3f0 f   sfc_debug:sfdb_data_browse.obj
 0001:0002c430       sf_debug_st_terminate_instance 000000018002d430 f   sfc_debug:sfdb_data_browse.obj
 0001:0002c7e0       push_on_to_void_ptr_stack  000000018002d7e0 f   sfc_debug:sfdb_data_browse.obj
 0001:0002c970       pop_from_void_ptr_stack    000000018002d970 f   sfc_debug:sfdb_data_browse.obj
 0001:0002caa0       sf_debug_st_get_data_value 000000018002daa0 f   sfc_debug:sfdb_data_browse.obj
 0001:0002cfd0       mx_value                   000000018002dfd0 f   sfc_debug:sfdb_data_browse.obj
 0001:0002d010       sf_debug_st_fill_data_struct 000000018002e010 f   sfc_debug:sfdb_data_browse.obj
 0001:0002d350       data_type_format_strings   000000018002e350 f   sfc_debug:sfdb_data_browse.obj
 0001:0002d400       sf_debug_st_fill_data      000000018002e400 f   sfc_debug:sfdb_data_browse.obj
 0001:0002e0f0       sf_debug_hm_get_simulink_handle 000000018002f0f0 f   sfc_debug:sfdb_handle_management.obj
 0001:0002eba0       sf_debug_hm_initialize_globals 000000018002fba0 f   sfc_debug:sfdb_handle_management.obj
 0001:0002eca0       sf_debug_hm_get_machine_debug_flag 000000018002fca0 f   sfc_debug:sfdb_handle_management.obj
 0001:0002ee10       sf_debug_hm_get_machine_id 000000018002fe10 f   sfc_debug:sfdb_handle_management.obj
 0001:0002ef30       sf_debug_hm_get_chart_id   000000018002ff30 f   sfc_debug:sfdb_handle_management.obj
 0001:0002f0d0       sf_debug_hm_register_executing_SFunction 00000001800300d0 f   sfc_debug:sfdb_handle_management.obj
 0001:0002f460       sf_debug_hm_form_object_boolean_properties 0000000180030460 f   sfc_debug:sfdb_handle_management.obj
 0001:0002f730       sf_debug_hm_form_object_properties 0000000180030730 f   sfc_debug:sfdb_handle_management.obj
 0001:0002f970       sf_debug_hm_terminate_charts 0000000180030970 f   sfc_debug:sfdb_handle_management.obj
 0001:00030050       sf_debug_hm_terminate_machines 0000000180031050 f   sfc_debug:sfdb_handle_management.obj
 0001:00031ac0       sf_debug_ss_copy_dimension 0000000180032ac0 f   sfc_debug:sfdb_symbol_scope.obj
 0001:00031b80       sf_debug_ss_get_number_elements 0000000180032b80 f   sfc_debug:sfdb_symbol_scope.obj
 0001:00031ba0       sf_debug_ss_fill_data_struct 0000000180032ba0 f   sfc_debug:sfdb_symbol_scope.obj
 0001:00031ef0       sf_debug_ss_reset_data_info 0000000180032ef0 f   sfc_debug:sfdb_symbol_scope.obj
 0001:00031f50       sf_debug_fill_data_info_by_symbol_scope_entry 0000000180032f50 f   sfc_debug:sfdb_symbol_scope.obj
 0001:00032010       sf_debug_fill_data_info_by_data_vector 0000000180033010 f   sfc_debug:sfdb_symbol_scope.obj
 0001:00032260       get_data_info_helper       0000000180033260 f   sfc_debug:sfdb_symbol_scope.obj
 0001:00032550       sf_debug_ss_get_data_info  0000000180033550 f   sfc_debug:sfdb_symbol_scope.obj
 0001:00032770       sf_debug_select_mex_function 0000000180033770 f   sfc_debug:sfdb_symbol_scope.obj
 0001:000327a0       sf_debug_is_dyn_matrix_initialized 00000001800337a0 f   sfc_debug:sfdb_symbol_scope.obj
 0001:000327c0       sf_debug_ss_set_data_value_try 00000001800337c0 f   sfc_debug:sfdb_symbol_scope.obj
 0001:000329b0       sf_debug_ss_get_data_value 00000001800339b0 f   sfc_debug:sfdb_symbol_scope.obj
 0001:00033110       sf_debug_ss_data_bytes_string 0000000180034110 f   sfc_debug:sfdb_symbol_scope.obj
 0001:000331a0       sf_debug_ss_data_class_string 00000001800341a0 f   sfc_debug:sfdb_symbol_scope.obj
 0001:00033520       sf_debug_ss_data_size_string 0000000180034520 f   sfc_debug:sfdb_symbol_scope.obj
 0001:00033600       sf_debug_ss_data_create_data_info_struct 0000000180034600 f   sfc_debug:sfdb_symbol_scope.obj
 0001:000338b0       sf_debug_ss_data_create_name_value_pair 00000001800348b0 f   sfc_debug:sfdb_symbol_scope.obj
 0001:00033950       sf_debug_ss_data_get_whos_info 0000000180034950 f   sfc_debug:sfdb_symbol_scope.obj
 0001:00033960       same_named_data_in_data_array 0000000180034960 f   sfc_debug:sfdb_symbol_scope.obj
 0001:000350f0       sf_debug_cc_terminate_chart 00000001800360f0 f   sfc_debug:sfdb_coverage.obj
 0001:00035400       sf_debug_cc_terminate_instance 0000000180036400 f   sfc_debug:sfdb_coverage.obj
 0001:00035fd0       sf_debug_cc_mark_object_if_needed 0000000180036fd0 f   sfc_debug:sfdb_coverage.obj
 0001:00036850       sf_debug_bm_initialize_eml 0000000180037850 f   sfc_debug:sfdb_breakpoints.obj
 0001:00037910       sf_debug_bm_map_debug_tag_to_breakpoint_tag 0000000180038910 f   sfc_debug:sfdb_breakpoints.obj
 0001:000379f0       sf_debug_bm_is_a_eml_breakpoint_impl 00000001800389f0 f   sfc_debug:sfdb_breakpoints.obj
 0001:00039320       sf_debug_sc_push_on_error_stack 000000018003a320 f   sfc_debug:sfdb_state_consistency.obj
 0001:00039440       sf_debug_sc_reset_error_stack 000000018003a440 f   sfc_debug:sfdb_state_consistency.obj
 0001:000395d0       sf_debug_sc_is_state_inconsistent 000000018003a5d0 f   sfc_debug:sfdb_state_consistency.obj
 0001:000398c0       sf_debug_sc_fill_consistency_info 000000018003a8c0 f   sfc_debug:sfdb_state_consistency.obj
 0001:00039e60       void_assertion_fcn         000000018003ae60 f   sfc_debug:sfdb_call_stack.obj
 0001:0003a3b0       sf_debug_tm_fill_local_trace 000000018003b3b0 f   sfc_debug:sfdb_call_stack.obj
 0001:0003a950       sf_debug_cd_terminate_instance 000000018003b950 f   sfc_debug:sfdb_cycle_detection.obj
 0001:0003a9b0       sf_debug_cd_free_checksum_stack 000000018003b9b0 f   sfc_debug:sfdb_cycle_detection.obj
 0001:0003aa00       sf_debug_cd_reset_pack_strings 000000018003ba00 f   sfc_debug:sfdb_cycle_detection.obj
 0001:0003b0a0       md5file_clear              000000018003c0a0 f   sfc_debug:ckmd5.obj
 0001:0003b0d0       Encode                     000000018003c0d0 f   sfc_debug:ckmd5.obj
 0001:0003b120       Decode                     000000018003c120 f   sfc_debug:ckmd5.obj
 0001:0003b1c0       MD5Transform               000000018003c1c0 f   sfc_debug:ckmd5.obj
 0001:0003ba20       md5file_addn               000000018003ca20 f   sfc_debug:ckmd5.obj
 0001:0003baf0       md5file_hash               000000018003caf0 f   sfc_debug:ckmd5.obj
 0001:0003c050       pre_c_init                 000000018003d050 f   MSVCRT:crtdll.obj
 0001:0003c30c       __DllMainCRTStartup        000000018003d30c f   MSVCRT:crtdll.obj
 0001:0003c9a0       __DllMainCRTStartup$filt$0 000000018003d9a0 f   MSVCRT:crtdll.obj
 0001:0003c9d0       __DllMainCRTStartup$fin$1  000000018003d9d0 f   MSVCRT:crtdll.obj
 0001:0003c9ea       _onexit$fin$0              000000018003d9ea f   MSVCRT:atonexit.obj
 0001:0003ca10       _IsNonwritableInCurrentImage$filt$0 000000018003da10 f   MSVCRT:pesect.obj
