 some_testing_sfun

 Timestamp is 5220d33b (Fri Aug 30 19:15:39 2013)

 Preferred load address is 0000000180000000

 Start         Length     Name                   Class
 0001:00000000 0004188aH .text                   CODE
 0001:00041890 00000092H .text$x                 CODE
 0002:00000000 00000498H .idata$5                DATA
 0002:00000498 00000008H .CRT$XCA                DATA
 0002:000004a0 00000008H .CRT$XCZ                DATA
 0002:000004a8 00000008H .CRT$XIA                DATA
 0002:000004b0 00000008H .CRT$XIAA               DATA
 0002:000004b8 00000008H .CRT$XIZ                DATA
 0002:000004c0 00004b7cH .rdata                  DATA
 0002:00005040 00000008H .rtc$IAA                DATA
 0002:00005048 00000008H .rtc$IZZ                DATA
 0002:00005050 00000008H .rtc$TAA                DATA
 0002:00005058 00000008H .rtc$TZZ                DATA
 0002:00005060 000043b4H .xdata                  DATA
 0002:00009414 000000a0H .idata$2                DATA
 0002:000094b4 00000014H .idata$3                DATA
 0002:000094c8 00000498H .idata$4                DATA
 0002:00009960 00000ac6H .idata$6                DATA
 0002:0000a430 00000057H .edata                  DATA
 0003:00000000 000033d8H .data                   DATA
 0003:000033e0 00002438H .bss                    DATA
 0004:00000000 000033a8H .pdata                  DATA

  Address         Publics by Value              Rva+Base               Lib:Object

 0000:00000000       ___safe_se_handler_table   0000000000000000     <absolute>
 0000:00000000       ___safe_se_handler_count   0000000000000000     <absolute>
 0000:00000000       __ImageBase                0000000180000000     <linker-defined>
 0001:00000000       sf_c2_some_testing_get_eml_resolved_functions_info 0000000180001000 f   c2_some_testing.obj
 0001:00000080       sf_c2_some_testing_get_check_sum 0000000180001080 f   c2_some_testing.obj
 0001:00000100       sf_c2_some_testing_get_autoinheritance_info 0000000180001100 f   c2_some_testing.obj
 0001:000008f0       sf_c2_some_testing_third_party_uses_info 00000001800018f0 f   c2_some_testing.obj
 0001:00000920       sf_internal_get_sim_state_c2_some_testing 0000000180001920 f   c2_some_testing.obj
 0001:00000c70       sf_internal_set_sim_state_c2_some_testing 0000000180001c70 f   c2_some_testing.obj
 0001:00001070       c2_some_testing_method_dispatcher 0000000180002070 f   c2_some_testing.obj
 0001:000032f0       sf_process_check_sum_call  00000001800042f0 f   some_testing_sfun_registry.obj
 0001:00003360       sf_process_autoinheritance_call 0000000180004360 f   some_testing_sfun_registry.obj
 0001:000035a0       sf_process_get_third_party_uses_info_call 00000001800045a0 f   some_testing_sfun_registry.obj
 0001:000037e0       sf_process_get_eml_resolved_functions_info_call 00000001800047e0 f   some_testing_sfun_registry.obj
 0001:000039d0       sf_mex_unlock_call         00000001800049d0 f   some_testing_sfun_registry.obj
 0001:00003a80       sf_machine_global_initializer_called 0000000180004a80 f   some_testing_sfun_registry.obj
 0001:00003ab0       sf_machine_global_method_dispatcher 0000000180004ab0 f   some_testing_sfun_registry.obj
 0001:00003b50       sf_machine_global_terminator 0000000180004b50 f   some_testing_sfun_registry.obj
 0001:00003ba0       sf_register_machine_exported_symbols 0000000180004ba0 f   some_testing_sfun_registry.obj
 0001:00003bd0       callCustomFcn              0000000180004bd0 f   some_testing_sfun_registry.obj
 0001:00003be0       sf_machine_global_initializer 0000000180004be0 f   some_testing_sfun_registry.obj
 0001:00003c70       _ssSetStateAbsTol          0000000180004c70 f   some_testing_sfun_registry.obj
 0001:00003d50       _ssGetAbsTol               0000000180004d50 f   some_testing_sfun_registry.obj
 0001:00003dc0       _ssSetInputPortMatrixDimensions 0000000180004dc0 f   some_testing_sfun_registry.obj
 0001:00003ed0       _ssSetOutputPortMatrixDimensions 0000000180004ed0 f   some_testing_sfun_registry.obj
 0001:00003fe0       _ssSetInputPortVectorDimension 0000000180004fe0 f   some_testing_sfun_registry.obj
 0001:000040b0       _ssSetOutputPortVectorDimension 00000001800050b0 f   some_testing_sfun_registry.obj
 0001:00004180       ssIsRunTimeParamTunable    0000000180005180 f   some_testing_sfun_registry.obj
 0001:000041f0       ssGetSFuncBlockHandle      00000001800051f0 f   some_testing_sfun_registry.obj
 0001:00004260       _ssGetCurrentInputPortWidth 0000000180005260 f   some_testing_sfun_registry.obj
 0001:00004380       _ssGetCurrentOutputPortWidth 0000000180005380 f   some_testing_sfun_registry.obj
 0001:000044a0       _ssGetCallSystemNumFcnCallDestinations 00000001800054a0 f   some_testing_sfun_registry.obj
 0001:00004510       ssWarning                  0000000180005510 f   some_testing_sfun_registry.obj
 0001:00004620       ssGetIsZeroCrossControlDisabled 0000000180005620 f   some_testing_sfun_registry.obj
 0001:00004690       ssSetIsInputPortUsedForContZcSignal 0000000180005690 f   some_testing_sfun_registry.obj
 0001:00004700       ssSetZcSignalIsZcElementDisc 0000000180005700 f   some_testing_sfun_registry.obj
 0001:000047b0       ssSetZcSignalName          00000001800057b0 f   some_testing_sfun_registry.obj
 0001:00004820       ssSetZcSignalWidth         0000000180005820 f   some_testing_sfun_registry.obj
 0001:00004890       ssSetZcSignalZcEventType   0000000180005890 f   some_testing_sfun_registry.obj
 0001:00004900       ssSetZcSignalType          0000000180005900 f   some_testing_sfun_registry.obj
 0001:00004970       ssSetZcSignalZcTol         0000000180005970 f   some_testing_sfun_registry.obj
 0001:000049e0       ssSetZcSignalNeedsEventNotification 00000001800059e0 f   some_testing_sfun_registry.obj
 0001:00004a50       ssCreateAndAddZcSignalInfo 0000000180005a50 f   some_testing_sfun_registry.obj
 0001:00004ac0       ssCloneAndAddZcSignalInfo  0000000180005ac0 f   some_testing_sfun_registry.obj
 0001:00004b30       ssGetNumZcSignals          0000000180005b30 f   some_testing_sfun_registry.obj
 0001:00004ba0       ssGetZcSignalVector        0000000180005ba0 f   some_testing_sfun_registry.obj
 0001:00004c10       ssGetZcSignalZcEvents      0000000180005c10 f   some_testing_sfun_registry.obj
 0001:00004c80       ssGetZcSignalName          0000000180005c80 f   some_testing_sfun_registry.obj
 0001:00004cf0       ssGetZcSignalWidth         0000000180005cf0 f   some_testing_sfun_registry.obj
 0001:00004d60       ssGetZcSignalZcEventType   0000000180005d60 f   some_testing_sfun_registry.obj
 0001:00004dd0       ssGetZcSignalType          0000000180005dd0 f   some_testing_sfun_registry.obj
 0001:00004e40       ssGetZcSignalZcTol         0000000180005e40 f   some_testing_sfun_registry.obj
 0001:00004ec0       ssGetZcSignalNeedsEventNotification 0000000180005ec0 f   some_testing_sfun_registry.obj
 0001:00004f30       ssGetZcSignalIsZcElementDisc 0000000180005f30 f   some_testing_sfun_registry.obj
 0001:00004fd0       ssGetIsInputPortElementContinuous 0000000180005fd0 f   some_testing_sfun_registry.obj
 0001:00005070       _ssGetInputPortSignalPtrsFcn 0000000180006070 f   some_testing_sfun_registry.obj
 0001:00005330       _ssGetInputPortSignalFcn   0000000180006330 f   some_testing_sfun_registry.obj
 0001:00005550       _ssSetInputPortDirectFeedThroughFcn 0000000180006550 f   some_testing_sfun_registry.obj
 0001:000056b0       _ssSetInputPortReusableFcn 00000001800066b0 f   some_testing_sfun_registry.obj
 0001:000057a0       _ssSetOutputPortReusableFcn 00000001800067a0 f   some_testing_sfun_registry.obj
 0001:00005880       ssGetDTypeIdFromMxArray    0000000180006880 f   some_testing_sfun_registry.obj
 0001:000059a0       ssWriteRTWStr              00000001800069a0 f   some_testing_sfun_registry.obj
 0001:00005a00       ssWriteRTWMxVectParam      0000000180006a00 f   some_testing_sfun_registry.obj
 0001:00005a60       ssWriteRTWMx2dMatParam     0000000180006a60 f   some_testing_sfun_registry.obj
 0001:00005ae0       ssWriteRTWNameValuePair    0000000180006ae0 f   some_testing_sfun_registry.obj
 0001:00005fd0       ssWriteRTWParameters       0000000180006fd0 f   some_testing_sfun_registry.obj
 0001:000065d0       ssWriteRTWParamSettings    00000001800075d0 f   some_testing_sfun_registry.obj
 0001:00006ca0       ssWriteRTWWorkVect         0000000180007ca0 f   some_testing_sfun_registry.obj
 0001:000071a0       mexFunction                00000001800081a0 f   some_testing_sfun_registry.obj
 0001:00008ed0       ProcessMexSfunctionEveryCall 0000000180009ed0 f   some_testing_sfun_registry.obj
 0001:00009040       some_testing_initializer   000000018000a040 f   some_testing_sfun.obj
 0001:00009050       some_testing_terminator    000000018000a050 f   some_testing_sfun.obj
 0001:00009060       sf_some_testing_method_dispatcher 000000018000a060 f   some_testing_sfun.obj
 0001:000090b0       sf_some_testing_process_check_sum_call 000000018000a0b0 f   some_testing_sfun.obj
 0001:000094c0       sf_some_testing_autoinheritance_info 000000018000a4c0 f   some_testing_sfun.obj
 0001:00009630       sf_some_testing_get_eml_resolved_functions_info 000000018000a630 f   some_testing_sfun.obj
 0001:00009760       sf_some_testing_third_party_uses_info 000000018000a760 f   some_testing_sfun.obj
 0001:000098b0       some_testing_debug_initialize 000000018000a8b0 f   some_testing_sfun.obj
 0001:00009930       some_testing_register_exported_symbols 000000018000a930 f   some_testing_sfun.obj
 0001:00009940       load_some_testing_optimization_info 000000018000a940 f   some_testing_sfun.obj
 0001:00009990       unload_some_testing_optimization_info 000000018000a990 f   some_testing_sfun.obj
 0001:00009ab0       sf_mex_mx_is_numeric       000000018000aab0 f   sfc_mex:sfc_mex.obj
 0001:00009af0       strcmp_ignore_ws           000000018000aaf0 f   sfc_mex:sfc_mex.obj
 0001:00009c30       sf_mex_duplicatearraysafe  000000018000ac30 f   sfc_mex:sfc_mex.obj
 0001:00009d90       sf_set_error_debugger_context_message_fcn 000000018000ad90 f   sfc_mex:sfc_mex.obj
 0001:00009da0       sf_set_debugger_matlab_error_fcn 000000018000ada0 f   sfc_mex:sfc_mex.obj
 0001:00009de0       sf_set_error_prefix_string 000000018000ade0 f   sfc_mex:sfc_mex.obj
 0001:00009e10       sf_get_error_prefix_string 000000018000ae10 f   sfc_mex:sfc_mex.obj
 0001:00009e20       sf_mex_enter_parallel_region 000000018000ae20 f   sfc_mex:sfc_mex.obj
 0001:00009e30       sf_mex_exit_parallel_region 000000018000ae30 f   sfc_mex:sfc_mex.obj
 0001:00009e40       sf_get_current_jmp_buf_ptr 000000018000ae40 f   sfc_mex:sfc_mex.obj
 0001:00009e50       sf_set_current_jmp_buf_ptr 000000018000ae50 f   sfc_mex:sfc_mex.obj
 0001:00009e60       sf_mex_set_halt_simulation 000000018000ae60 f   sfc_mex:sfc_mex.obj
 0001:00009e70       sf_mex_get_halt_simulation 000000018000ae70 f   sfc_mex:sfc_mex.obj
 0001:00009e80       sf_mex_clear_error_message 000000018000ae80 f   sfc_mex:sfc_mex.obj
 0001:00009ea0       sf_mex_get_error_message_for_read 000000018000aea0 f   sfc_mex:sfc_mex.obj
 0001:00009eb0       sf_mex_get_error_message_buffer_length 000000018000aeb0 f   sfc_mex:sfc_mex.obj
 0001:00009f90       sf_mex_warning_message     000000018000af90 f   sfc_mex:sfc_mex.obj
 0001:0000a000       sf_mex_v_errbuf_createf    000000018000b000 f   sfc_mex:sfc_mex.obj
 0001:0000a010       sf_mex_errbuf_createf      000000018000b010 f   sfc_mex:sfc_mex.obj
 0001:0000a040       sf_mex_v_errbuf_catf       000000018000b040 f   sfc_mex:sfc_mex.obj
 0001:0000a080       sf_mex_errbuf_catf         000000018000b080 f   sfc_mex:sfc_mex.obj
 0001:0000a0d0       sf_mex_errbuf_copy         000000018000b0d0 f   sfc_mex:sfc_mex.obj
 0001:0000a0e0       sf_mex_errbuf_clear        000000018000b0e0 f   sfc_mex:sfc_mex.obj
 0001:0000a0f0       sf_mex_errbuf_isempty      000000018000b0f0 f   sfc_mex:sfc_mex.obj
 0001:0000a1f0       sf_mex_set_error_status    000000018000b1f0 f   sfc_mex:sfc_mex.obj
 0001:0000a240       sf_mex_error_direct_call   000000018000b240 f   sfc_mex:sfc_mex.obj
 0001:0000a260       sf_mex_error_message_no_long_jump 000000018000b260 f   sfc_mex:sfc_mex.obj
 0001:0000a280       sf_mex_long_jump_on_error  000000018000b280 f   sfc_mex:sfc_mex.obj
 0001:0000a2b0       sf_mex_call_matlab         000000018000b2b0 f   sfc_mex:sfc_mex.obj
 0001:0000a3d0       sf_mex_check_builtin       000000018000b3d0 f   sfc_mex:sfc_mex.obj
 0001:0000a470       sf_mex_check_builtin_vs    000000018000b470 f   sfc_mex:sfc_mex.obj
 0001:0000a530       sf_mex_check_enum          000000018000b530 f   sfc_mex:sfc_mex.obj
 0001:0000a5b0       sf_mex_create_enum         000000018000b5b0 f   sfc_mex:sfc_mex.obj
 0001:0000a620       sf_mex_get_enum_element    000000018000b620 f   sfc_mex:sfc_mex.obj
 0001:0000a630       sf_mex_createcellarray     000000018000b630 f   sfc_mex:sfc_mex.obj
 0001:0000a640       sf_mex_setcell             000000018000b640 f   sfc_mex:sfc_mex.obj
 0001:0000a650       sf_mex_getcell             000000018000b650 f   sfc_mex:sfc_mex.obj
 0001:0000a660       sf_mex_dup                 000000018000b660 f   sfc_mex:sfc_mex.obj
 0001:0000a680       sf_mex_assign              000000018000b680 f   sfc_mex:sfc_mex.obj
 0001:0000a700       sf_mex_destroy             000000018000b700 f   sfc_mex:sfc_mex.obj
 0001:0000a730       mx_array_has_fi_type       000000018000b730 f   sfc_mex:sfc_mex.obj
 0001:0000a760       sf_mex_convert_from_fi     000000018000b760 f   sfc_mex:sfc_mex.obj
 0001:0000a890       sf_mex_convert_to_double   000000018000b890 f   sfc_mex:sfc_mex.obj
 0001:0000a9b0       sf_mex_import_fi_vs        000000018000b9b0 f   sfc_mex:sfc_mex.obj
 0001:0000abe0       sf_matrix_matrix_index_ok  000000018000bbe0 f   sfc_mex:sfc_mex.obj
 0001:0000ac70       sf_vector_vector_index_ok  000000018000bc70 f   sfc_mex:sfc_mex.obj
 0001:0000aca0       ssGetCurrentInputPortDimensions_wrapper 000000018000bca0 f   sfc_mex:sfc_mex.obj
 0001:0000acc0       ssGetCurrentOutputPortDimensions_wrapper 000000018000bcc0 f   sfc_mex:sfc_mex.obj
 0001:0000ace0       sf_mex_emlrt_context_is_debug_mode 000000018000bce0 f   sfc_mex:sfc_mex.obj
 0001:0000acf0       sf_mex_emlrt_context_set_debug_mode 000000018000bcf0 f   sfc_mex:sfc_mex.obj
 0001:0000ad00       sf_mex_emlrtNameCapturePostProcessR2012a 000000018000bd00 f   sfc_mex:sfc_mex.obj
 0001:0000ad70       sf_clear_error_manager_info 000000018000bd70 f   sfc_mex:sfc_mex.obj
 0001:0000add0       sf_mex_stop_simulation_abruptly_wo_error 000000018000bdd0 f   sfc_mex:sfc_mex.obj
 0001:0000ae10       sf_mex_error_message       000000018000be10 f   sfc_mex:sfc_mex.obj
 0001:0000ae80       sf_react_to_error_in_matlab_call 000000018000be80 f   sfc_mex:sfc_mex.obj
 0001:0000aeb0       sf_mex_addfield            000000018000beb0 f   sfc_mex:sfc_mex.obj
 0001:0000af50       sf_mex_getfield            000000018000bf50 f   sfc_mex:sfc_mex.obj
 0001:0000b250       sf_mex_check_class         000000018000c250 f   sfc_mex:sfc_mex.obj
 0001:0000b2f0       sf_mex_is_real             000000018000c2f0 f   sfc_mex:sfc_mex.obj
 0001:0000b760       sf_mex_decode_encoded_mx_struct_array 000000018000c760 f   sfc_mex:sfc_mex.obj
 0001:0000ba50       sf_mex_lw_bounds_check     000000018000ca50 f   sfc_mex:sfc_mex.obj
 0001:0000ba80       sf_mex_lw_size_eq_check_1d 000000018000ca80 f   sfc_mex:sfc_mex.obj
 0001:0000baa0       sf_mex_lw_size_eq_check_nd 000000018000caa0 f   sfc_mex:sfc_mex.obj
 0001:0000bc80       sf_mex_lw_dim_size_eq_check 000000018000cc80 f   sfc_mex:sfc_mex.obj
 0001:0000bcb0       sf_mex_lw_dim_size_geq_check 000000018000ccb0 f   sfc_mex:sfc_mex.obj
 0001:0000bce0       sf_mex_lw_sub_assign_size_check_nd 000000018000cce0 f   sfc_mex:sfc_mex.obj
 0001:0000beb0       sf_mex_lw_runtime_error_msgid 000000018000ceb0 f   sfc_mex:sfc_mex.obj
 0001:0000bfa0       sf_mex_lw_matrix_matrix_index_check 000000018000cfa0 f   sfc_mex:sfc_mex.obj
 0001:0000bfc0       sf_mex_lw_vector_vector_index_check 000000018000cfc0 f   sfc_mex:sfc_mex.obj
 0001:0000c000       sf_mex_lw_for_loop_vector_check 000000018000d000 f   sfc_mex:sfc_mex.obj
 0001:0000c090       sf_mex_lw_non_negative_check 000000018000d090 f   sfc_mex:sfc_mex.obj
 0001:0000c0d0       sf_mex_overflow_error      000000018000d0d0 f   sfc_mex:sfc_mex.obj
 0001:0000c0e0       sf_mex_dividebyzero_error  000000018000d0e0 f   sfc_mex:sfc_mex.obj
 0001:0000c0f0       sf_mex_unsafe_enum_error   000000018000d0f0 f   sfc_mex:sfc_mex.obj
 0001:0000c100       sf_emlrtErrHandler         000000018000d100 f   sfc_mex:sfc_mex.obj
 0001:0000c1e0       sf_mex_size_one_check      000000018000d1e0 f   sfc_mex:sfc_mex.obj
 0001:0000c200       sf_mex_printf              000000018000d200 f   sfc_mex:sfc_mex.obj
 0001:0000c3d0       sf_mex_check_size          000000018000d3d0 f   sfc_mex:sfc_mex.obj
 0001:0000c670       sf_mex_check_struct        000000018000d670 f   sfc_mex:sfc_mex.obj
 0001:0000c8d0       sf_mex_check_struct_vs     000000018000d8d0 f   sfc_mex:sfc_mex.obj
 0001:0000c960       sf_mex_check_fi            000000018000d960 f   sfc_mex:sfc_mex.obj
 0001:0000ca60       sf_mex_check_fi_vs         000000018000da60 f   sfc_mex:sfc_mex.obj
 0001:0000cb00       sf_echo_expression         000000018000db00 f   sfc_mex:sfc_mex.obj
 0001:0000cb60       sf_assertion_failed        000000018000db60 f   sfc_mex:sfc_mex.obj
 0001:0000ce40       sf_mex_evalin              000000018000de40 f   sfc_mex:sfc_mex.obj
 0001:0000d0b0       sf_mex_export              000000018000e0b0 f   sfc_mex:sfc_mex.obj
 0001:0000d170       sf_mex_get_ml_var_no_error 000000018000e170 f   sfc_mex:sfc_mex.obj
 0001:0000d310       sf_mex_get_ml_var          000000018000e310 f   sfc_mex:sfc_mex.obj
 0001:0000d7a0       ml_set_element_value_in_array 000000018000e7a0 f   sfc_mex:sfc_mex.obj
 0001:0000e860       sf_mex_call_impl           000000018000f860 f   sfc_mex:sfc_mex.obj
 0001:0000ec80       sf_mex_call_debug          000000018000fc80 f   sfc_mex:sfc_mex.obj
 0001:0000ecb0       sf_mex_call                000000018000fcb0 f   sfc_mex:sfc_mex.obj
 0001:0000f300       sf_mex_createstruct        0000000180010300 f   sfc_mex:sfc_mex.obj
 0001:0000f410       sf_mex_createstructarray   0000000180010410 f   sfc_mex:sfc_mex.obj
 0001:0000f490       sf_mex_get_mx_datatype_from_sf_datatype 0000000180010490 f   sfc_mex:sfc_mex.obj
 0001:0000f7a0       sf_mex_ml_var_sub          00000001800107a0 f   sfc_mex:sfc_mex.obj
 0001:0000f980       sf_mex_ml_var_subsasgn     0000000180010980 f   sfc_mex:sfc_mex.obj
 0001:0000fd80       sf_mex_sub                 0000000180010d80 f   sfc_mex:sfc_mex.obj
 0001:0000ff90       sf_mex_subsasgn            0000000180010f90 f   sfc_mex:sfc_mex.obj
 0001:000104a0       sf_mex_create              00000001800114a0 f   sfc_mex:sfc_mex.obj
 0001:00010e40       sf_mex_import_named        0000000180011e40 f   sfc_mex:sfc_mex.obj
 0001:00010ea0       sf_mex_import              0000000180011ea0 f   sfc_mex:sfc_mex.obj
 0001:00010ef0       sf_mex_import_vs           0000000180011ef0 f   sfc_mex:sfc_mex.obj
 0001:00011000       sf_mex_lower_fixpt_mx_array 0000000180012000 f   sfc_mex:sfc_mex.obj
 0001:00011300       sf_send_message_wrapper    0000000180012300 f   sfc_mex:sfc_sf.obj
 0001:00011330       sf_receive_message_wrapper 0000000180012330 f   sfc_mex:sfc_sf.obj
 0001:00011370       sf_check_out_message_wrapper 0000000180012370 f   sfc_mex:sfc_sf.obj
 0001:000113b0       sf_check_in_message_wrapper 00000001800123b0 f   sfc_mex:sfc_sf.obj
 0001:000113f0       sf_no_message_wrapper      00000001800123f0 f   sfc_mex:sfc_sf.obj
 0001:00011780       sim_mode_is_rtw_gen        0000000180012780 f   sfc_mex:sfc_sf.obj
 0001:000117b0       sim_mode_is_external       00000001800127b0 f   sfc_mex:sfc_sf.obj
 0001:000117c0       sim_mode_is_modelref_sim   00000001800127c0 f   sfc_mex:sfc_sf.obj
 0001:000117e0       mdlInitializeSizes         00000001800127e0 f   sfc_mex:sfc_sf.obj
 0001:00011800       mdlInitializeSampleTimes   0000000180012800 f   sfc_mex:sfc_sf.obj
 0001:00011840       mdlZeroCrossings           0000000180012840 f   sfc_mex:sfc_sf.obj
 0001:00011930       mdlDerivatives             0000000180012930 f   sfc_mex:sfc_sf.obj
 0001:000119f0       mdl_initialize_conditions_processing 00000001800129f0 f   sfc_mex:sfc_sf.obj
 0001:00011a20       mdlInitializeConditions    0000000180012a20 f   sfc_mex:sfc_sf.obj
 0001:00011ae0       mdlGetSimState             0000000180012ae0 f   sfc_mex:sfc_sf.obj
 0001:00011af0       mdlSetSimState             0000000180012af0 f   sfc_mex:sfc_sf.obj
 0001:00011b00       mdl_ext_mode_exec_processing 0000000180012b00 f   sfc_mex:sfc_sf.obj
 0001:00011b20       mdlExtModeExec             0000000180012b20 f   sfc_mex:sfc_sf.obj
 0001:00011cc0       mdlTerminate               0000000180012cc0 f   sfc_mex:sfc_sf.obj
 0001:00011d30       mdlRTW                     0000000180012d30 f   sfc_mex:sfc_sf.obj
 0001:00011d60       mdlSetWorkWidths           0000000180012d60 f   sfc_mex:sfc_sf.obj
 0001:00011d70       mdlProcessParameters       0000000180012d70 f   sfc_mex:sfc_sf.obj
 0001:00011d80       mdl_start_processing       0000000180012d80 f   sfc_mex:sfc_sf.obj
 0001:00011de0       mdlStart                   0000000180012de0 f   sfc_mex:sfc_sf.obj
 0001:00011ef0       mdlEnable                  0000000180012ef0 f   sfc_mex:sfc_sf.obj
 0001:00011fd0       mdlDisable                 0000000180012fd0 f   sfc_mex:sfc_sf.obj
 0001:00012090       sf_get_chart_instance_ptr  0000000180013090 f   sfc_mex:sfc_sf.obj
 0001:000120b0       sf_load_rtw_optimization_info 00000001800130b0 f   sfc_mex:sfc_sf.obj
 0001:00012180       sf_update_buildInfo        0000000180013180 f   sfc_mex:sfc_sf.obj
 0001:00012280       sf_rtw_info_uint_prop      0000000180013280 f   sfc_mex:sfc_sf.obj
 0001:000123c0       sf_is_chart_inlinable      00000001800133c0 f   sfc_mex:sfc_sf.obj
 0001:000123e0       sf_mark_output_events_with_multiple_callers 00000001800133e0 f   sfc_mex:sfc_sf.obj
 0001:00012570       sf_mark_chart_reusable_outputs 0000000180013570 f   sfc_mex:sfc_sf.obj
 0001:000127d0       sf_mark_chart_expressionable_inputs 00000001800137d0 f   sfc_mex:sfc_sf.obj
 0001:00012a30       sf_get_subchart_simstruct  0000000180013a30 f   sfc_mex:sfc_sf.obj
 0001:00012a80       sf_get_fixpt_data_type_id  0000000180013a80 f   sfc_mex:sfc_sf.obj
 0001:00012ac0       sf_get_enum_data_type_id   0000000180013ac0 f   sfc_mex:sfc_sf.obj
 0001:00012b00       sf_get_param_data_type_id  0000000180013b00 f   sfc_mex:sfc_sf.obj
 0001:00012b30       sf_mex_listen_for_ctrl_c_force 0000000180013b30 f   sfc_mex:sfc_sf.obj
 0001:00012c40       sf_mex_draw_now            0000000180013c40 f   sfc_mex:sfc_sf.obj
 0001:00012c80       sf_mex_set_debugger_sim_status_listener_fcn 0000000180013c80 f   sfc_mex:sfc_sf.obj
 0001:00012c90       sf_mex_listen_for_ctrl_c   0000000180013c90 f   sfc_mex:sfc_sf.obj
 0001:00012d30       sf_mex_get_sfun_param      0000000180013d30 f   sfc_mex:sfc_sf.obj
 0001:00012d80       sf_get_runtime_param_data  0000000180013d80 f   sfc_mex:sfc_sf.obj
 0001:00012dc0       sf_call_output_fcn_call    0000000180013dc0 f   sfc_mex:sfc_sf.obj
 0001:00012f00       sf_call_output_fcn_enable  0000000180013f00 f   sfc_mex:sfc_sf.obj
 0001:00012f90       sf_call_output_fcn_disable 0000000180013f90 f   sfc_mex:sfc_sf.obj
 0001:00013020       sf_clear_rtw_identifier    0000000180014020 f   sfc_mex:sfc_sf.obj
 0001:00013840       sf_set_encoded_dwork_info  0000000180014840 f   sfc_mex:sfc_sf.obj
 0001:00013890       sf_get_dwork_info_from_mat_file 0000000180014890 f   sfc_mex:sfc_sf.obj
 0001:00013a50       sf_set_rtw_dwork_info      0000000180014a50 f   sfc_mex:sfc_sf.obj
 0001:00013bc0       mdlOutputs                 0000000180014bc0 f   sfc_mex:sfc_sf.obj
 0001:00013ce0       sf_debug_chart_instance_initialized_quick 0000000180014ce0 f   sfc_debug:sfcdebug.obj
 0001:00013d60       sf_debug_disp              0000000180014d60 f   sfc_debug:sfcdebug.obj
 0001:00014030       sf_debug_data_runtime_size_mismatch_error_check 0000000180015030 f   sfc_debug:sfcdebug.obj
 0001:000140e0       sf_debug_try_loading_machine 00000001800150e0 f   sfc_debug:sfcdebug.obj
 0001:000141e0       sf_debug_reset_current_state_configuration 00000001800151e0 f   sfc_debug:sfcdebug.obj
 0001:00014260       sf_debug_store_current_state_configuration 0000000180015260 f   sfc_debug:sfcdebug.obj
 0001:000142e0       sf_debug_restore_previous_state_configuration 00000001800152e0 f   sfc_debug:sfcdebug.obj
 0001:00014360       sf_debug_restore_previous_state_configuration2 0000000180015360 f   sfc_debug:sfcdebug.obj
 0001:000143e0       sf_debug_get_event_scope   00000001800153e0 f   sfc_debug:sfcdebug.obj
 0001:00014550       use_debugger_step_animation 0000000180015550 f   sfc_debug:sfcdebug.obj
 0001:00014570       sf_debug_get_script_id     0000000180015570 f   sfc_debug:sfcdebug.obj
 0001:00014600       sf_debug_set_script_translation 0000000180015600 f   sfc_debug:sfcdebug.obj
 0001:00014780       sf_debug_extract_message_post_receive_info 0000000180015780 f   sfc_debug:sfcdebug.obj
 0001:00014940       sf_debug_get_current_machine_id 0000000180015940 f   sfc_debug:sfcdebug.obj
 0001:00014960       sf_debug_get_current_optional_integer 0000000180015960 f   sfc_debug:sfcdebug.obj
 0001:00014970       sf_debug_get_current_machine_number 0000000180015970 f   sfc_debug:sfcdebug.obj
 0001:00014990       sf_debug_get_current_machine_name 0000000180015990 f   sfc_debug:sfcdebug.obj
 0001:000149b0       sf_debug_get_current_chart_id 00000001800159b0 f   sfc_debug:sfcdebug.obj
 0001:000149f0       sf_debug_get_current_chart_number 00000001800159f0 f   sfc_debug:sfcdebug.obj
 0001:00014a00       sf_debug_get_current_instance_number 0000000180015a00 f   sfc_debug:sfcdebug.obj
 0001:00014a10       sf_debug_get_current_is_minor_time_step 0000000180015a10 f   sfc_debug:sfcdebug.obj
 0001:00014a90       sf_debug_get_current_object_type 0000000180015a90 f   sfc_debug:sfcdebug.obj
 0001:00014aa0       sf_debug_get_current_instance_handle 0000000180015aa0 f   sfc_debug:sfcdebug.obj
 0001:00014b00       sf_debug_get_current_event_type 0000000180015b00 f   sfc_debug:sfcdebug.obj
 0001:00014b10       sf_debug_get_current_object_id 0000000180015b10 f   sfc_debug:sfcdebug.obj
 0001:00014b50       sf_debug_get_current_active_event_type 0000000180015b50 f   sfc_debug:sfcdebug.obj
 0001:00014b60       sf_debug_get_current_active_event_id 0000000180015b60 f   sfc_debug:sfcdebug.obj
 0001:00014ba0       sf_debug_get_current_tag_type 0000000180015ba0 f   sfc_debug:sfcdebug.obj
 0001:00014bb0       sf_debug_get_current_simulation_time 0000000180015bb0 f   sfc_debug:sfcdebug.obj
 0001:00014bc0       sf_debug_get_current_coverage_percentage 0000000180015bc0 f   sfc_debug:sfcdebug.obj
 0001:00014bd0       sf_debug_current_statement_context 0000000180015bd0 f   sfc_debug:sfcdebug.obj
 0001:00014c50       sf_debug_get_current_statement_info 0000000180015c50 f   sfc_debug:sfcdebug.obj
 0001:00014df0       sf_debug_terminate_instance 0000000180015df0 f   sfc_debug:sfcdebug.obj
 0001:00015110       sf_debug_assertion_failed  0000000180016110 f   sfc_debug:sfcdebug.obj
 0001:000152e0       sf_debug_create_debug_instance_struct 00000001800162e0 f   sfc_debug:sfcdebug.obj
 0001:00015330       sf_debug_set_number_of_data_with_change_event_for_machine 0000000180016330 f   sfc_debug:sfcdebug.obj
 0001:00015380       sf_debug_set_machine_event_thresholds 0000000180016380 f   sfc_debug:sfcdebug.obj
 0001:000153a0       sf_debug_set_machine_event_scope 00000001800163a0 f   sfc_debug:sfcdebug.obj
 0001:000153f0       sf_debug_set_machine_data_thresholds 00000001800163f0 f   sfc_debug:sfcdebug.obj
 0001:00015440       sf_debug_set_machine_data_scope 0000000180016440 f   sfc_debug:sfcdebug.obj
 0001:000154e0       sf_debug_set_machine_data_name 00000001800164e0 f   sfc_debug:sfcdebug.obj
 0001:00015590       sf_debug_set_machine_data_size 0000000180016590 f   sfc_debug:sfcdebug.obj
 0001:000156e0       sf_debug_set_machine_data_type 00000001800166e0 f   sfc_debug:sfcdebug.obj
 0001:00015850       sf_debug_get_chart_data_number 0000000180016850 f   sfc_debug:sfcdebug.obj
 0001:00015870       sf_debug_get_chart_event_number 0000000180016870 f   sfc_debug:sfcdebug.obj
 0001:00015890       sf_debug_set_chart_state_info 0000000180016890 f   sfc_debug:sfcdebug.obj
 0001:00015920       sf_debug_set_chart_decomposition 0000000180016920 f   sfc_debug:sfcdebug.obj
 0001:00015990       sf_debug_set_chart_substate_count 0000000180016990 f   sfc_debug:sfcdebug.obj
 0001:00015a70       sf_debug_set_chart_substate_index 0000000180016a70 f   sfc_debug:sfcdebug.obj
 0001:00015af0       sf_debug_set_chart_state_substate_count 0000000180016af0 f   sfc_debug:sfcdebug.obj
 0001:00015c10       sf_debug_set_chart_state_substate_index 0000000180016c10 f   sfc_debug:sfcdebug.obj
 0001:00015ca0       sf_debug_set_number_of_data_with_change_event_for_chart 0000000180016ca0 f   sfc_debug:sfcdebug.obj
 0001:00015d30       sf_debug_set_number_of_states_with_entry_event_for_chart 0000000180016d30 f   sfc_debug:sfcdebug.obj
 0001:00015db0       sf_debug_set_number_of_states_with_exit_event_for_chart 0000000180016db0 f   sfc_debug:sfcdebug.obj
 0001:00015e30       sf_debug_set_chart_disable_implicit_casting 0000000180016e30 f   sfc_debug:sfcdebug.obj
 0001:00015ea0       sf_debug_set_chart_event_thresholds 0000000180016ea0 f   sfc_debug:sfcdebug.obj
 0001:00015f20       sf_debug_set_chart_data_compiled_props 0000000180016f20 f   sfc_debug:sfcdebug.obj
 0001:00016260       sf_debug_set_chart_data_props 0000000180017260 f   sfc_debug:sfcdebug.obj
 0001:00016580       sf_debug_check_fi_license  0000000180017580 f   sfc_debug:sfcdebug.obj
 0001:00016740       sf_debug_symbol_scope_push 0000000180017740 f   sfc_debug:sfcdebug.obj
 0001:00016780       sf_debug_symbol_scope_push_eml 0000000180017780 f   sfc_debug:sfcdebug.obj
 0001:000167d0       sf_debug_symbol_scope_pop  00000001800177d0 f   sfc_debug:sfcdebug.obj
 0001:00016810       sf_debug_symbol_scope_add_importable 0000000180017810 f   sfc_debug:sfcdebug.obj
 0001:00016890       sf_debug_symbol_scope_add  0000000180017890 f   sfc_debug:sfcdebug.obj
 0001:00016910       sf_debug_symbol_scope_add_dyn_importable 0000000180017910 f   sfc_debug:sfcdebug.obj
 0001:000169d0       sf_debug_symbol_scope_add_dyn 00000001800179d0 f   sfc_debug:sfcdebug.obj
 0001:00016a10       sf_debug_symbol_scope_add_eml_importable 0000000180017a10 f   sfc_debug:sfcdebug.obj
 0001:00016a50       sf_debug_symbol_scope_add_eml 0000000180017a50 f   sfc_debug:sfcdebug.obj
 0001:00016a90       sf_debug_symbol_scope_add_eml_dyn_importable 0000000180017a90 f   sfc_debug:sfcdebug.obj
 0001:00016af0       sf_debug_symbol_scope_add_eml_dyn 0000000180017af0 f   sfc_debug:sfcdebug.obj
 0001:00016b50       sf_debug_symbol_switch     0000000180017b50 f   sfc_debug:sfcdebug.obj
 0001:00016b70       sf_debug_symbol_scope_add_verbose 0000000180017b70 f   sfc_debug:sfcdebug.obj
 0001:00016c40       sf_debug_set_machine_data_value_ptr 0000000180017c40 f   sfc_debug:sfcdebug.obj
 0001:00016c80       sf_debug_set_instance_data_value_ptr 0000000180017c80 f   sfc_debug:sfcdebug.obj
 0001:00016d50       sf_debug_unset_instance_data_value_ptr 0000000180017d50 f   sfc_debug:sfcdebug.obj
 0001:00016e00       sf_debug_set_chart_event_scope 0000000180017e00 f   sfc_debug:sfcdebug.obj
 0001:00016e80       sf_debug_set_chart_transition_coverage_maps 0000000180017e80 f   sfc_debug:sfcdebug.obj
 0001:00016f80       sf_debug_set_chart_state_coverage_maps 0000000180017f80 f   sfc_debug:sfcdebug.obj
 0001:00017050       sf_debug_set_instance_transition_coverage_weights 0000000180018050 f   sfc_debug:sfcdebug.obj
 0001:000170e0       sf_debug_set_instance_state_coverage_weights 00000001800180e0 f   sfc_debug:sfcdebug.obj
 0001:00017330       sf_debug_unload_machine    0000000180018330 f   sfc_debug:sfcdebug.obj
 0001:00017380       sf_debug_load_machine      0000000180018380 f   sfc_debug:sfcdebug.obj
 0001:00017490       sf_debug_set_active_instance_in_data_dictionary 0000000180018490 f   sfc_debug:sfcdebug.obj
 0001:00017670       sf_debug_set_active_instance 0000000180018670 f   sfc_debug:sfcdebug.obj
 0001:000177d0       sf_debug_chart_visiblity_change 00000001800187d0 f   sfc_debug:sfcdebug.obj
 0001:000178c0       sf_debug_select_chart      00000001800188c0 f   sfc_debug:sfcdebug.obj
 0001:00017a20       sf_debug_set_instance_cv_ids 0000000180018a20 f   sfc_debug:sfcdebug.obj
 0001:00017d50       sf_debug_select_charts     0000000180018d50 f   sfc_debug:sfcdebug.obj
 0001:00017f00       sf_debug_initialized       0000000180018f00 f   sfc_debug:sfcdebug.obj
 0001:00017f20       sf_debug_is_uninterruptible 0000000180018f20 f   sfc_debug:sfcdebug.obj
 0001:00017f50       sf_debug_initialize_debugger_gui 0000000180018f50 f   sfc_debug:sfcdebug.obj
 0001:00018330       sf_debug_resume            0000000180019330 f   sfc_debug:sfcdebug.obj
 0001:00018350       sf_debug_go                0000000180019350 f   sfc_debug:sfcdebug.obj
 0001:00018360       sf_debug_break             0000000180019360 f   sfc_debug:sfcdebug.obj
 0001:00018370       sf_debug_step_over         0000000180019370 f   sfc_debug:sfcdebug.obj
 0001:00018380       sf_debug_step_out          0000000180019380 f   sfc_debug:sfcdebug.obj
 0001:00018390       sf_debug_set_disable_all_breakpoints 0000000180019390 f   sfc_debug:sfcdebug.obj
 0001:000183a0       sf_debug_disable_all_breakpoints_and_go 00000001800193a0 f   sfc_debug:sfcdebug.obj
 0001:000183b0       sf_debug_break_on_chart_entry 00000001800193b0 f   sfc_debug:sfcdebug.obj
 0001:000183c0       sf_debug_break_on_event_broadcast 00000001800193c0 f   sfc_debug:sfcdebug.obj
 0001:000183d0       sf_debug_break_on_state_entry 00000001800193d0 f   sfc_debug:sfcdebug.obj
 0001:000183e0       sf_debug_break_between_times 00000001800193e0 f   sfc_debug:sfcdebug.obj
 0001:00018400       sf_debug_browse_data       0000000180019400 f   sfc_debug:sfcdebug.obj
 0001:00018410       sf_debug_watch_data        0000000180019410 f   sfc_debug:sfcdebug.obj
 0001:00018440       sf_debug_assign_data       0000000180019440 f   sfc_debug:sfcdebug.obj
 0001:00018450       sf_debug_whos              0000000180019450 f   sfc_debug:sfcdebug.obj
 0001:00018470       sf_debug_get_consistency_info 0000000180019470 f   sfc_debug:sfcdebug.obj
 0001:00018480       sf_debug_browse_trace      0000000180019480 f   sfc_debug:sfcdebug.obj
 0001:00018490       sf_debug_set_breakpoints   0000000180019490 f   sfc_debug:sfcdebug.obj
 0001:00018600       sf_debug_set_eml_breakpoints 0000000180019600 f   sfc_debug:sfcdebug.obj
 0001:00018760       sf_debug_set_script_breakpoints 0000000180019760 f   sfc_debug:sfcdebug.obj
 0001:000187e0       sf_debug_add_script_breakpoints 00000001800197e0 f   sfc_debug:sfcdebug.obj
 0001:00018850       sf_debug_clear_script_breakpoints 0000000180019850 f   sfc_debug:sfcdebug.obj
 0001:000188c0       sf_debug_query_script_breakpoints 00000001800198c0 f   sfc_debug:sfcdebug.obj
 0001:00018970       sf_debug_get_eml_script_id 0000000180019970 f   sfc_debug:sfcdebug.obj
 0001:000189c0       sf_debug_set_watch         00000001800199c0 f   sfc_debug:sfcdebug.obj
 0001:00018be0       sf_debug_get_instance_handle 0000000180019be0 f   sfc_debug:sfcdebug.obj
 0001:00018c70       sf_debug_get_active_states 0000000180019c70 f   sfc_debug:sfcdebug.obj
 0001:00018c80       sf_debug_set_honor_breakpoints 0000000180019c80 f   sfc_debug:sfcdebug.obj
 0001:00018c90       sf_debug_get_animation     0000000180019c90 f   sfc_debug:sfcdebug.obj
 0001:00018ca0       sf_debug_set_animation     0000000180019ca0 f   sfc_debug:sfcdebug.obj
 0001:00018cb0       sf_debug_animate           0000000180019cb0 f   sfc_debug:sfcdebug.obj
 0001:00018cd0       sf_debug_cycle_detection_check 0000000180019cd0 f   sfc_debug:sfcdebug.obj
 0001:00018ce0       sf_debug_data_range_check  0000000180019ce0 f   sfc_debug:sfcdebug.obj
 0001:00018cf0       sf_debug_transition_conflict_check 0000000180019cf0 f   sfc_debug:sfcdebug.obj
 0001:00018d00       sf_debug_state_consistency_check 0000000180019d00 f   sfc_debug:sfcdebug.obj
 0001:00018d10       sf_debug_data_range_check_enabled 0000000180019d10 f   sfc_debug:sfcdebug.obj
 0001:00018d30       sf_debug_transition_conflict_check_enabled 0000000180019d30 f   sfc_debug:sfcdebug.obj
 0001:00018d50       sf_debug_transition_conflict_check_begin 0000000180019d50 f   sfc_debug:sfcdebug.obj
 0001:00018d70       sf_debug_transition_conflict_check_end 0000000180019d70 f   sfc_debug:sfcdebug.obj
 0001:00018d90       sf_debug_stop_debugging    0000000180019d90 f   sfc_debug:sfcdebug.obj
 0001:00018dc0       sf_debug_is_cycle_detected 0000000180019dc0 f   sfc_debug:sfcdebug.obj
 0001:00018dd0       sf_debug_is_array_bounds_detected 0000000180019dd0 f   sfc_debug:sfcdebug.obj
 0001:00018de0       sf_debug_get_state_vectors_data_size 0000000180019de0 f   sfc_debug:sfcdebug.obj
 0001:00018e20       sf_debug_get_state_vectors_data 0000000180019e20 f   sfc_debug:sfcdebug.obj
 0001:00018f30       sf_debug_set_state_vectors_data 0000000180019f30 f   sfc_debug:sfcdebug.obj
 0001:000191c0       sf_debug_get_script_index  000000018001a1c0 f   sfc_debug:sfcdebug.obj
 0001:00019350       sf_debug_add_script        000000018001a350 f   sfc_debug:sfcdebug.obj
 0001:000194e0       cv_eval_point              000000018001a4e0 f   sfc_debug:sfcdebug.obj
 0001:00019650       cv_eval_testobjective      000000018001a650 f   sfc_debug:sfcdebug.obj
 0001:00019760       sf_debug_cv_init_state     000000018001a760 f   sfc_debug:sfcdebug.obj
 0001:00019890       sf_debug_cv_init_chart     000000018001a890 f   sfc_debug:sfcdebug.obj
 0001:00019980       sf_debug_cv_init_trans     000000018001a980 f   sfc_debug:sfcdebug.obj
 0001:00019a90       sf_debug_cv_init_saturation 000000018001aa90 f   sfc_debug:sfcdebug.obj
 0001:00019b90       sf_debug_cv_init_testobjectives 000000018001ab90 f   sfc_debug:sfcdebug.obj
 0001:00019d70       cv_eml_init_script         000000018001ad70 f   sfc_debug:sfcdebug.obj
 0001:00019e90       cv_eml_init_fcn            000000018001ae90 f   sfc_debug:sfcdebug.obj
 0001:00019fa0       cv_eml_init_testobjective  000000018001afa0 f   sfc_debug:sfcdebug.obj
 0001:0001a080       cv_eml_init_saturation     000000018001b080 f   sfc_debug:sfcdebug.obj
 0001:0001a150       cv_eml_init_if             000000018001b150 f   sfc_debug:sfcdebug.obj
 0001:0001a230       cv_eml_init_for            000000018001b230 f   sfc_debug:sfcdebug.obj
 0001:0001a300       cv_eml_init_while          000000018001b300 f   sfc_debug:sfcdebug.obj
 0001:0001a3d0       cv_eml_init_mcdc           000000018001b3d0 f   sfc_debug:sfcdebug.obj
 0001:0001a4f0       cv_eml_init_switch         000000018001b4f0 f   sfc_debug:sfcdebug.obj
 0001:0001a5f0       cv_eml_eval                000000018001b5f0 f   sfc_debug:sfcdebug.obj
 0001:0001a6e0       sf_debug_bm_is_a_eml_breakpoint 000000018001b6e0 f   sfc_debug:sfcdebug.obj
 0001:0001a830       sf_debug_temporal_threshold 000000018001b830 f   sfc_debug:sfcdebug.obj
 0001:0001aba0       sf_debug_transition_conflict_error 000000018001bba0 f   sfc_debug:sfcdebug.obj
 0001:0001af00       sf_debug_state_inconsistency_error 000000018001bf00 f   sfc_debug:sfcdebug.obj
 0001:0001b020       sf_debug_check_for_state_inconsistency 000000018001c020 f   sfc_debug:sfcdebug.obj
 0001:0001b060       sf_debug_cycle_detecton_error 000000018001c060 f   sfc_debug:sfcdebug.obj
 0001:0001b7b0       sf_debug_size_eq_check_1d  000000018001c7b0 f   sfc_debug:sfcdebug.obj
 0001:0001b7d0       sf_debug_size_eq_check_nd  000000018001c7d0 f   sfc_debug:sfcdebug.obj
 0001:0001b9d0       sf_debug_dim_size_eq_check 000000018001c9d0 f   sfc_debug:sfcdebug.obj
 0001:0001ba00       sf_debug_dim_size_geq_check 000000018001ca00 f   sfc_debug:sfcdebug.obj
 0001:0001ba30       sf_debug_sub_assign_size_check_nd 000000018001ca30 f   sfc_debug:sfcdebug.obj
 0001:0001bc10       sf_debug_matrix_matrix_index_check 000000018001cc10 f   sfc_debug:sfcdebug.obj
 0001:0001bc60       sf_debug_vector_vector_index_check 000000018001cc60 f   sfc_debug:sfcdebug.obj
 0001:0001bcb0       sf_debug_for_loop_vector_check 000000018001ccb0 f   sfc_debug:sfcdebug.obj
 0001:0001bd50       sf_debug_runtime_error_msgid 000000018001cd50 f   sfc_debug:sfcdebug.obj
 0001:0001bdf0       sf_debug_data_array_bounds_error_check 000000018001cdf0 f   sfc_debug:sfcdebug.obj
 0001:0001bf00       sf_debug_eml_data_array_bounds_error_check 000000018001cf00 f   sfc_debug:sfcdebug.obj
 0001:0001c3c0       sf_debug_integer_check     000000018001d3c0 f   sfc_debug:sfcdebug.obj
 0001:0001c4b0       sf_debug_not_nan_check     000000018001d4b0 f   sfc_debug:sfcdebug.obj
 0001:0001c580       sf_debug_non_negative_check 000000018001d580 f   sfc_debug:sfcdebug.obj
 0001:0001c650       sf_debug_overflow_detection 000000018001d650 f   sfc_debug:sfcdebug.obj
 0001:0001ccb0       sf_debug_cast_to_real32_T  000000018001dcb0 f   sfc_debug:sfcdebug.obj
 0001:0001cd80       sf_debug_cast_to_int8_T    000000018001dd80 f   sfc_debug:sfcdebug.obj
 0001:0001ce50       sf_debug_cast_to_uint8_T   000000018001de50 f   sfc_debug:sfcdebug.obj
 0001:0001cf20       sf_debug_cast_to_int16_T   000000018001df20 f   sfc_debug:sfcdebug.obj
 0001:0001cff0       sf_debug_cast_to_uint16_T  000000018001dff0 f   sfc_debug:sfcdebug.obj
 0001:0001d0c0       sf_debug_cast_to_int32_T   000000018001e0c0 f   sfc_debug:sfcdebug.obj
 0001:0001d190       sf_debug_cast_to_uint32_T  000000018001e190 f   sfc_debug:sfcdebug.obj
 0001:0001d260       sf_debug_data_range_error  000000018001e260 f   sfc_debug:sfcdebug.obj
 0001:0001d570       sf_debug_read_before_write_check 000000018001e570 f   sfc_debug:sfcdebug.obj
 0001:0001d9a0       sf_debug_data_range_error_wrapper_min_max 000000018001e9a0 f   sfc_debug:sfcdebug.obj
 0001:0001dac0       sf_debug_data_range_error_wrapper_min 000000018001eac0 f   sfc_debug:sfcdebug.obj
 0001:0001dbd0       sf_debug_data_range_error_wrapper_max 000000018001ebd0 f   sfc_debug:sfcdebug.obj
 0001:0001dce0       sf_debug_data_range_wrapper 000000018001ece0 f   sfc_debug:sfcdebug.obj
 0001:0001dda0       sf_debug_set_current_status_info 000000018001eda0 f   sfc_debug:sfcdebug.obj
 0001:0001e140       sf_debug_register_message_post_receive_info 000000018001f140 f   sfc_debug:sfcdebug.obj
 0001:0001e390       sf_debug_call              000000018001f390 f   sfc_debug:sfcdebug.obj
 0001:0001ecf0       sf_debug_initialize_machine 000000018001fcf0 f   sfc_debug:sfcdebug.obj
 0001:0001efa0       sf_debug_initialize_chart  000000018001ffa0 f   sfc_debug:sfcdebug.obj
 0001:0001f3f0       sf_debug_ensure_script     00000001800203f0 f   sfc_debug:sfcdebug.obj
 0001:0001f4a0       cv_eval_saturation         00000001800204a0 f   sfc_debug:sfcdebug.obj
 0001:0001f620       cv_saturation_accum        0000000180020620 f   sfc_debug:sfcdebug.obj
 0001:0001f760       cv_script_init_script      0000000180020760 f   sfc_debug:sfcdebug.obj
 0001:0001f850       cv_script_init_fcn         0000000180020850 f   sfc_debug:sfcdebug.obj
 0001:0001f910       cv_script_init_testobjective 0000000180020910 f   sfc_debug:sfcdebug.obj
 0001:0001f9d0       cv_script_init_saturation  00000001800209d0 f   sfc_debug:sfcdebug.obj
 0001:0001fa80       cv_script_init_if          0000000180020a80 f   sfc_debug:sfcdebug.obj
 0001:0001fb40       cv_script_init_for         0000000180020b40 f   sfc_debug:sfcdebug.obj
 0001:0001fbf0       cv_script_init_while       0000000180020bf0 f   sfc_debug:sfcdebug.obj
 0001:0001fca0       cv_script_init_mcdc        0000000180020ca0 f   sfc_debug:sfcdebug.obj
 0001:0001fda0       cv_script_init_switch      0000000180020da0 f   sfc_debug:sfcdebug.obj
 0001:0001fe80       cv_script_eval             0000000180020e80 f   sfc_debug:sfcdebug.obj
 0001:0001ff50       eml_debug_line_call        0000000180020f50 f   sfc_debug:sfcdebug.obj
 0001:00020120       sf_debug_terminate         0000000180021120 f   sfc_debug:sfcdebug.obj
 0001:00020330       sf_debug_set_script_cv_ids 0000000180021330 f   sfc_debug:sfcdebug.obj
 0001:00020460       sf_debug_api               0000000180021460 f   sfc_debug:sfc_api.obj
 0001:00021d50       sf_debug_sm_terminate      0000000180022d50 f   sfc_debug:sfdb_animation.obj
 0001:00021f00       sf_debug_reset_path_objects 0000000180022f00 f   sfc_debug:sfdb_animation.obj
 0001:00021f80       sf_debug_sm_reset_object_selection_status 0000000180022f80 f   sfc_debug:sfdb_animation.obj
 0001:00022020       sf_debug_sm_reset_state_buffer 0000000180023020 f   sfc_debug:sfdb_animation.obj
 0001:000220f0       sf_debug_sm_store_state_buffer 00000001800230f0 f   sfc_debug:sfdb_animation.obj
 0001:00022170       sf_debug_sm_restore_state_buffer1 0000000180023170 f   sfc_debug:sfdb_animation.obj
 0001:000221e0       sf_debug_sm_restore_state_buffer2 00000001800231e0 f   sfc_debug:sfdb_animation.obj
 0001:00022250       sf_debug_sm_chart_active   0000000180023250 f   sfc_debug:sfdb_animation.obj
 0001:000222a0       sf_debug_sm_select_active_objects 00000001800232a0 f   sfc_debug:sfdb_animation.obj
 0001:00022770       sf_debug_sm_is_chart_active 0000000180023770 f   sfc_debug:sfdb_animation.obj
 0001:000227b0       sf_debug_sm_is_state_active 00000001800237b0 f   sfc_debug:sfdb_animation.obj
 0001:000229f0       sf_debug_sm_get_active_states 00000001800239f0 f   sfc_debug:sfdb_animation.obj
 0001:00022fa0       sf_debug_sm_initialize_instance 0000000180023fa0 f   sfc_debug:sfdb_animation.obj
 0001:000231b0       sf_debug_sm_change_object_selection_status 00000001800241b0 f   sfc_debug:sfdb_animation.obj
 0001:00023480       cv_create_interface        0000000180024480 f   sfc_debug:cv_sfinterface.obj
 0001:00023790       cv_init_trans              0000000180024790 f   sfc_debug:cv_sfinterface.obj
 0001:000237e0       cv_init_saturation         00000001800247e0 f   sfc_debug:cv_sfinterface.obj
 0001:00023820       cv_init_testobjective      0000000180024820 f   sfc_debug:cv_sfinterface.obj
 0001:00023860       cv_init_state              0000000180024860 f   sfc_debug:cv_sfinterface.obj
 0001:000238d0       cv_init_chart              00000001800248d0 f   sfc_debug:cv_sfinterface.obj
 0001:00023920       cv_dec_update_call         0000000180024920 f   sfc_debug:cv_sfinterface.obj
 0001:00023960       cv_cond_update_call        0000000180024960 f   sfc_debug:cv_sfinterface.obj
 0001:000239a0       cv_saturation_update_call  00000001800249a0 f   sfc_debug:cv_sfinterface.obj
 0001:000239e0       cv_saturation_update_accum 00000001800249e0 f   sfc_debug:cv_sfinterface.obj
 0001:00023a20       cv_testobjective_update_call 0000000180024a20 f   sfc_debug:cv_sfinterface.obj
 0001:00023a60       cv_sigrange_update         0000000180024a60 f   sfc_debug:cv_sfinterface.obj
 0001:00023aa0       cvsf_eml_eval              0000000180024aa0 f   sfc_debug:cv_sfinterface.obj
 0001:00023b80       cvsf_eml_init_script       0000000180024b80 f   sfc_debug:cv_sfinterface.obj
 0001:00023c10       cvsf_eml_init_fcn          0000000180024c10 f   sfc_debug:cv_sfinterface.obj
 0001:00023c70       cvsf_eml_init_testobjective 0000000180024c70 f   sfc_debug:cv_sfinterface.obj
 0001:00023cd0       cvsf_eml_init_saturation   0000000180024cd0 f   sfc_debug:cv_sfinterface.obj
 0001:00023d20       cvsf_eml_init_if           0000000180024d20 f   sfc_debug:cv_sfinterface.obj
 0001:00023d80       cvsf_eml_init_for          0000000180024d80 f   sfc_debug:cv_sfinterface.obj
 0001:00023dd0       cvsf_eml_init_while        0000000180024dd0 f   sfc_debug:cv_sfinterface.obj
 0001:00023e20       cvsf_eml_init_mcdc         0000000180024e20 f   sfc_debug:cv_sfinterface.obj
 0001:00023eb0       cvsf_eml_init_switch       0000000180024eb0 f   sfc_debug:cv_sfinterface.obj
 0001:00023f20       cvsf_script_eval           0000000180024f20 f   sfc_debug:cv_sfinterface.obj
 0001:00024000       cvsf_script_init_script    0000000180025000 f   sfc_debug:cv_sfinterface.obj
 0001:00024090       cvsf_script_init_fcn       0000000180025090 f   sfc_debug:cv_sfinterface.obj
 0001:000240f0       cvsf_script_init_testobjective 00000001800250f0 f   sfc_debug:cv_sfinterface.obj
 0001:00024150       cvsf_script_init_saturation 0000000180025150 f   sfc_debug:cv_sfinterface.obj
 0001:000241a0       cvsf_script_init_if        00000001800251a0 f   sfc_debug:cv_sfinterface.obj
 0001:00024200       cvsf_script_init_for       0000000180025200 f   sfc_debug:cv_sfinterface.obj
 0001:00024250       cvsf_script_init_while     0000000180025250 f   sfc_debug:cv_sfinterface.obj
 0001:000242a0       cvsf_script_init_mcdc      00000001800252a0 f   sfc_debug:cv_sfinterface.obj
 0001:00024330       cvsf_script_init_switch    0000000180025330 f   sfc_debug:cv_sfinterface.obj
 0001:000243a0       cv_destroy_interface       00000001800253a0 f   sfc_debug:cv_sfinterface.obj
 0001:000243c0       cv_create_instance_objects 00000001800253c0 f   sfc_debug:cv_sfinterface.obj
 0001:00024830       cv_is_enabled              0000000180025830 f   sfc_debug:cv_sfinterface.obj
 0001:00024840       sf_debug_cv_initialize_script 0000000180025840 f   sfc_debug:cv_sfinterface.obj
 0001:000249d0       sf_debug_cv_initialize_instance 00000001800259d0 f   sfc_debug:cv_sfinterface.obj
 0001:00024d60       sf_debug_cv_terminate_chart 0000000180025d60 f   sfc_debug:cv_sfinterface.obj
 0001:00024e80       cv_call_trans_test         0000000180025e80 f   sfc_debug:cv_sfinterface.obj
 0001:00024e90       cv_call_sub_cond_test      0000000180025e90 f   sfc_debug:cv_sfinterface.obj
 0001:00024ed0       sf_debug_st_initialize_machine 0000000180025ed0 f   sfc_debug:sfdb_data_browse.obj
 0001:00024f80       sf_debug_st_initialize_instance 0000000180025f80 f   sfc_debug:sfdb_data_browse.obj
 0001:00025190       sf_debug_st_terminate      0000000180026190 f   sfc_debug:sfdb_data_browse.obj
 0001:00025530       sf_debug_st_set_data_value_ptr_in_machine 0000000180026530 f   sfc_debug:sfdb_data_browse.obj
 0001:000255c0       sf_debug_st_set_data_value_ptr_in_instance 00000001800265c0 f   sfc_debug:sfdb_data_browse.obj
 0001:000256a0       sf_debug_st_unset_data_value_ptr_in_machine 00000001800266a0 f   sfc_debug:sfdb_data_browse.obj
 0001:00025710       sf_debug_st_unset_data_value_ptr_in_instance 0000000180026710 f   sfc_debug:sfdb_data_browse.obj
 0001:000259d0       sf_debug_mx_value          00000001800269d0 f   sfc_debug:sfdb_data_browse.obj
 0001:00025a30       sf_debug_mx_packed_vector  0000000180026a30 f   sfc_debug:sfdb_data_browse.obj
 0001:00025b10       sf_debug_mx_uint_vector    0000000180026b10 f   sfc_debug:sfdb_data_browse.obj
 0001:00025bc0       sf_debug_st_get_double_value_from_void_ptr_vector 0000000180026bc0 f   sfc_debug:sfdb_data_browse.obj
 0001:000266a0       sf_debug_st_browse_data    00000001800276a0 f   sfc_debug:sfdb_data_browse.obj
 0001:00026ee0       sf_debug_hm_initialize_instance 0000000180027ee0 f   sfc_debug:sfdb_handle_management.obj
 0001:000273c0       sf_debug_hm_get_object_id  00000001800283c0 f   sfc_debug:sfdb_handle_management.obj
 0001:00027f70       sf_debug_hm_update_chart_visibility 0000000180028f70 f   sfc_debug:sfdb_handle_management.obj
 0001:00029160       sf_debug_object_is_eml_function 000000018002a160 f   sfc_debug:sfdb_handle_management.obj
 0001:000291d0       sf_debug_hm_initialize_ids_in_machine 000000018002a1d0 f   sfc_debug:sfdb_handle_management.obj
 0001:00029340       sf_debug_hm_initialize_ids_in_chart 000000018002a340 f   sfc_debug:sfdb_handle_management.obj
 0001:00029440       sf_debug_hm_initialize_chart 000000018002a440 f   sfc_debug:sfdb_handle_management.obj
 0001:00029b40       sf_debug_hm_terminate      000000018002ab40 f   sfc_debug:sfdb_handle_management.obj
 0001:00029ba0       sf_debug_hm_initialize_machine 000000018002aba0 f   sfc_debug:sfdb_handle_management.obj
 0001:0002a2c0       sf_debug_ss_initialize     000000018002b2c0 f   sfc_debug:sfdb_symbol_scope.obj
 0001:0002a2e0       sf_debug_ss_terminate      000000018002b2e0 f   sfc_debug:sfdb_symbol_scope.obj
 0001:0002a370       sf_debug_ss_push_symbol_scope 000000018002b370 f   sfc_debug:sfdb_symbol_scope.obj
 0001:0002a470       sf_debug_ss_push_symbol_scope_eml 000000018002b470 f   sfc_debug:sfdb_symbol_scope.obj
 0001:0002a4d0       sf_debug_ss_pop_symbol_scope 000000018002b4d0 f   sfc_debug:sfdb_symbol_scope.obj
 0001:0002a580       sf_debug_ss_add_symbol     000000018002b580 f   sfc_debug:sfdb_symbol_scope.obj
 0001:0002a6f0       sf_debug_ss_add_symbol_eml 000000018002b6f0 f   sfc_debug:sfdb_symbol_scope.obj
 0001:0002b5f0       sf_debug_ss_set_data_value 000000018002c5f0 f   sfc_debug:sfdb_symbol_scope.obj
 0001:0002ba40       getInstanceNumber          000000018002ca40 f   sfc_debug:sfdb_symbol_scope.obj
 0001:0002bb10       sf_debug_ss_watch_data     000000018002cb10 f   sfc_debug:sfdb_symbol_scope.obj
 0001:0002bd00       sf_debug_ss_assign_data    000000018002cd00 f   sfc_debug:sfdb_symbol_scope.obj
 0001:0002c710       get_data_entry_name        000000018002d710 f   sfc_debug:sfdb_symbol_scope.obj
 0001:0002c760       sf_debug_ss_whos           000000018002d760 f   sfc_debug:sfdb_symbol_scope.obj
 0001:0002cdb0       sf_debug_cc_initialize_chart 000000018002ddb0 f   sfc_debug:sfdb_coverage.obj
 0001:0002d7a0       sf_debug_cc_initialize_instance 000000018002e7a0 f   sfc_debug:sfdb_coverage.obj
 0001:0002e4e0       sf_debug_cc_terminate      000000018002f4e0 f   sfc_debug:sfdb_coverage.obj
 0001:0002e5d0       sf_debug_cc_set_transition_maps 000000018002f5d0 f   sfc_debug:sfdb_coverage.obj
 0001:0002e700       sf_debug_cc_set_state_maps 000000018002f700 f   sfc_debug:sfdb_coverage.obj
 0001:0002e7e0       sf_debug_cc_set_transition_weights 000000018002f7e0 f   sfc_debug:sfdb_coverage.obj
 0001:0002eaa0       sf_debug_cc_set_state_weights 000000018002faa0 f   sfc_debug:sfdb_coverage.obj
 0001:0002ed70       sf_debug_cc_mark_transition_guard 000000018002fd70 f   sfc_debug:sfdb_coverage.obj
 0001:0002ee00       sf_debug_cc_mark_transition_trigger 000000018002fe00 f   sfc_debug:sfdb_coverage.obj
 0001:0002ee90       sf_debug_cc_mark_transition_decision 000000018002fe90 f   sfc_debug:sfdb_coverage.obj
 0001:0002ef00       sf_debug_cc_mark_transition_condition_action 000000018002ff00 f   sfc_debug:sfdb_coverage.obj
 0001:0002ef50       sf_debug_cc_mark_transition_transition_action 000000018002ff50 f   sfc_debug:sfdb_coverage.obj
 0001:0002efa0       sf_debug_cc_mark_state_entry 000000018002ffa0 f   sfc_debug:sfdb_coverage.obj
 0001:0002eff0       sf_debug_cc_mark_state_during 000000018002fff0 f   sfc_debug:sfdb_coverage.obj
 0001:0002f040       sf_debug_cc_mark_state_exit 0000000180030040 f   sfc_debug:sfdb_coverage.obj
 0001:0002f090       sf_debug_bm_clear_script_breakpoints 0000000180030090 f   sfc_debug:sfdb_breakpoints.obj
 0001:0002f0c0       sf_debug_bm_set_script_breakpoint 00000001800300c0 f   sfc_debug:sfdb_breakpoints.obj
 0001:0002f140       sf_debug_bm_clear_single_script_breakpoint 0000000180030140 f   sfc_debug:sfdb_breakpoints.obj
 0001:0002f1c0       sf_debug_bm_query_script_breakpoint 00000001800301c0 f   sfc_debug:sfdb_breakpoints.obj
 0001:0002f210       sf_debug_bm_initialize_scripts 0000000180030210 f   sfc_debug:sfdb_breakpoints.obj
 0001:0002f8a0       sf_debug_bm_terminate      00000001800308a0 f   sfc_debug:sfdb_breakpoints.obj
 0001:0002fb80       sf_debug_bm_remove_all_breakpoints_in_machine 0000000180030b80 f   sfc_debug:sfdb_breakpoints.obj
 0001:0002fbe0       sf_debug_bm_remove_all_breakpoints_in_chart 0000000180030be0 f   sfc_debug:sfdb_breakpoints.obj
 0001:0002fd30       sf_debug_bm_initialize_global_breakpoints 0000000180030d30 f   sfc_debug:sfdb_breakpoints.obj
 0001:0002feb0       sf_debug_bm_set_breakpoint 0000000180030eb0 f   sfc_debug:sfdb_breakpoints.obj
 0001:00030470       sf_debug_bm_set_eml_breakpoint 0000000180031470 f   sfc_debug:sfdb_breakpoints.obj
 0001:00030500       sf_debug_bm_initialize_machine_breakpoint_map 0000000180031500 f   sfc_debug:sfdb_breakpoints.obj
 0001:00030920       sf_debug_bm_is_a_breakpoint 0000000180031920 f   sfc_debug:sfdb_breakpoints.obj
 0001:00030e40       sf_debug_bm_get_all_breakpoints_in_machine 0000000180031e40 f   sfc_debug:sfdb_breakpoints.obj
 0001:00031140       sf_debug_bm_get_all_breakpoints_in_chart 0000000180032140 f   sfc_debug:sfdb_breakpoints.obj
 0001:00031cd0       sf_debug_bm_initialize_machine 0000000180032cd0 f   sfc_debug:sfdb_breakpoints.obj
 0001:00031da0       sf_debug_bm_initialize_chart 0000000180032da0 f   sfc_debug:sfdb_breakpoints.obj
 0001:00032190       sf_debug_sc_terminate      0000000180033190 f   sfc_debug:sfdb_state_consistency.obj
 0001:000324b0       sf_debug_sc_is_chart_consistent 00000001800334b0 f   sfc_debug:sfdb_state_consistency.obj
 0001:00032760       sf_debug_sc_get_consistency_error_info 0000000180033760 f   sfc_debug:sfdb_state_consistency.obj
 0001:00032b70       sf_debug_tm_terminate      0000000180033b70 f   sfc_debug:sfdb_call_stack.obj
 0001:00032c20       sf_debug_tm_push_chart_instance 0000000180033c20 f   sfc_debug:sfdb_call_stack.obj
 0001:00032d60       sf_debug_tm_pop_chart_instance 0000000180033d60 f   sfc_debug:sfdb_call_stack.obj
 0001:00032dc0       sf_debug_tm_push_trace_node 0000000180033dc0 f   sfc_debug:sfdb_call_stack.obj
 0001:00032f40       sf_debug_tm_pop_trace_node 0000000180033f40 f   sfc_debug:sfdb_call_stack.obj
 0001:00032fc0       sf_debug_tm_get_current_global_trace_index 0000000180033fc0 f   sfc_debug:sfdb_call_stack.obj
 0001:00032fd0       sf_debug_tm_get_current_local_trace_index 0000000180033fd0 f   sfc_debug:sfdb_call_stack.obj
 0001:00033000       sf_debug_tm_set_cycle_detected_flag 0000000180034000 f   sfc_debug:sfdb_call_stack.obj
 0001:00033040       sf_debug_tm_set_cycle_started_flag 0000000180034040 f   sfc_debug:sfdb_call_stack.obj
 0001:00033080       sf_debug_tm_get_chart_number_from_stack 0000000180034080 f   sfc_debug:sfdb_call_stack.obj
 0001:00033280       sf_debug_tm_browse_trace   0000000180034280 f   sfc_debug:sfdb_call_stack.obj
 0001:00033590       sf_debug_cd_initialize_instance 0000000180034590 f   sfc_debug:sfdb_cycle_detection.obj
 0001:00033840       sf_debug_cd_mark_processed_transition_in_instance 0000000180034840 f   sfc_debug:sfdb_cycle_detection.obj
 0001:000338e0       sf_debug_cd_checksum_push  00000001800348e0 f   sfc_debug:sfdb_cycle_detection.obj
 0001:00033b90       sf_debug_cd_checksum_pop   0000000180034b90 f   sfc_debug:sfdb_cycle_detection.obj
 0001:00033c00       sf_debug_cd_turn_off_cycle_detection 0000000180034c00 f   sfc_debug:sfdb_cycle_detection.obj
 0001:00033c50       sf_debug_cd_terminate      0000000180034c50 f   sfc_debug:sfdb_cycle_detection.obj
 0001:00033e80       md5_initialize_state       0000000180034e80 f   sfc_debug:ckmd5.obj
 0001:00034910       md5_update_state           0000000180035910 f   sfc_debug:ckmd5.obj
 0001:00034930       md5_get_hash               0000000180035930 f   sfc_debug:ckmd5.obj
 0001:00034960       md5_get_hash_for_a_single_string 0000000180035960 f   sfc_debug:ckmd5.obj
 0001:000349c0       mxGetPr                    00000001800359c0 f   libmx:libmx.dll
 0001:000349c6       mxCreateDoubleScalar       00000001800359c6 f   libmx:libmx.dll
 0001:000349cc       mxCreateDoubleMatrix_730   00000001800359cc f   libmx:libmx.dll
 0001:000349d2       mxSetField_730             00000001800359d2 f   libmx:libmx.dll
 0001:000349d8       mxCreateString             00000001800359d8 f   libmx:libmx.dll
 0001:000349de       mxCreateStructMatrix_730   00000001800359de f   libmx:libmx.dll
 0001:000349e4       mxCreateCellMatrix_730     00000001800359e4 f   libmx:libmx.dll
 0001:000349ea       mxDestroyArray             00000001800359ea f   libmx:libmx.dll
 0001:000349f0       mxDuplicateArray           00000001800359f0 f   libmx:libmx.dll
 0001:000349f6       mxGetString_730            00000001800359f6 f   libmx:libmx.dll
 0001:000349fc       mxIsChar                   00000001800359fc f   libmx:libmx.dll
 0001:00034a02       mxGetClassID               0000000180035a02 f   libmx:libmx.dll
 0001:00034a08       mxIsNumeric                0000000180035a08 f   libmx:libmx.dll
 0001:00034a0e       mxIsComplex                0000000180035a0e f   libmx:libmx.dll
 0001:00034a14       mxGetN                     0000000180035a14 f   libmx:libmx.dll
 0001:00034a1a       mxGetM                     0000000180035a1a f   libmx:libmx.dll
 0001:00034a20       mxCalloc                   0000000180035a20 f   libmx:libmx.dll
 0001:00034a26       mxGetScalar                0000000180035a26 f   libmx:libmx.dll
 0001:00034a2c       mxIsLogical                0000000180035a2c f   libmx:libmx.dll
 0001:00034a32       mxCreateDoubleMatrix_700   0000000180035a32 f   libmx:libmx.dll
 0001:00034a38       mxFree                     0000000180035a38 f   libmx:libmx.dll
 0001:00034a3e       mxArrayToString            0000000180035a3e f   libmx:libmx.dll
 0001:00034a44       mxCreateCellMatrix_700     0000000180035a44 f   libmx:libmx.dll
 0001:00034a4a       mxSetCell_700              0000000180035a4a f   libmx:libmx.dll
 0001:00034a50       mxGetCell_700              0000000180035a50 f   libmx:libmx.dll
 0001:00034a56       mxGetClassName             0000000180035a56 f   libmx:libmx.dll
 0001:00034a5c       mxSetField_700             0000000180035a5c f   libmx:libmx.dll
 0001:00034a62       mxAddField                 0000000180035a62 f   libmx:libmx.dll
 0001:00034a68       mxGetField_700             0000000180035a68 f   libmx:libmx.dll
 0001:00034a6e       mxGetNumberOfElements      0000000180035a6e f   libmx:libmx.dll
 0001:00034a74       mxIsStruct                 0000000180035a74 f   libmx:libmx.dll
 0001:00034a7a       mxIsA                      0000000180035a7a f   libmx:libmx.dll
 0001:00034a80       mxIsClass                  0000000180035a80 f   libmx:libmx.dll
 0001:00034a86       mxGetLogicals              0000000180035a86 f   libmx:libmx.dll
 0001:00034a8c       mxIsSparse                 0000000180035a8c f   libmx:libmx.dll
 0001:00034a92       mxSetFieldByNumber_700     0000000180035a92 f   libmx:libmx.dll
 0001:00034a98       mxGetFieldByNumber_700     0000000180035a98 f   libmx:libmx.dll
 0001:00034a9e       mxGetFieldNameByNumber     0000000180035a9e f   libmx:libmx.dll
 0001:00034aa4       mxGetNumberOfFields        0000000180035aa4 f   libmx:libmx.dll
 0001:00034aaa       mxCreateStructMatrix_700   0000000180035aaa f   libmx:libmx.dll
 0001:00034ab0       mxGetFieldNumber           0000000180035ab0 f   libmx:libmx.dll
 0001:00034ab6       mxIsNaN                    0000000180035ab6 f   libmx:libmx.dll
 0001:00034abc       mxIsEmpty                  0000000180035abc f   libmx:libmx.dll
 0001:00034ac2       mxGetData                  0000000180035ac2 f   libmx:libmx.dll
 0001:00034ac8       mxGetImagData              0000000180035ac8 f   libmx:libmx.dll
 0001:00034ace       mxArrayClassIDName         0000000180035ace f   libmx:libmx.dll
 0001:00034ad4       mxCreateNumericMatrix_700  0000000180035ad4 f   libmx:libmx.dll
 0001:00034ada       mxCreateStructArray_700    0000000180035ada f   libmx:libmx.dll
 0001:00034ae0       mxCalcSingleSubscript_700  0000000180035ae0 f   libmx:libmx.dll
 0001:00034ae6       mxGetDimensions_700        0000000180035ae6 f   libmx:libmx.dll
 0001:00034aec       mxGetNumberOfDimensions_700 0000000180035aec f   libmx:libmx.dll
 0001:00034af2       mxCreateNumericArray_700   0000000180035af2 f   libmx:libmx.dll
 0001:00034af8       mxGetElementSize           0000000180035af8 f   libmx:libmx.dll
 0001:00034afe       mxCreateStringFromNChars_700 0000000180035afe f   libmx:libmx.dll
 0001:00034b04       mxGetString_700            0000000180035b04 f   libmx:libmx.dll
 0001:00034b0a       mxIsLogicalScalarTrue      0000000180035b0a f   libmx:libmx.dll
 0001:00034b10       mxCreateLogicalScalar      0000000180035b10 f   libmx:libmx.dll
 0001:00034b16       mexUnlock                  0000000180035b16 f   libmex:libmex.dll
 0001:00034b1c       mexIsLocked                0000000180035b1c f   libmex:libmex.dll
 0001:00034b22       mexWarnMsgTxt              0000000180035b22 f   libmex:libmex.dll
 0001:00034b28       mexCallMATLAB              0000000180035b28 f   libmex:libmex.dll
 0001:00034b2e       mexErrMsgTxt               0000000180035b2e f   libmex:libmex.dll
 0001:00034b34       mexMakeArrayPersistent     0000000180035b34 f   libmex:libmex.dll
 0001:00034b3a       mexSetTrapFlag             0000000180035b3a f   libmex:libmex.dll
 0001:00034b40       mexPutVariable             0000000180035b40 f   libmex:libmex.dll
 0001:00034b46       mexGetVariable             0000000180035b46 f   libmex:libmex.dll
 0001:00034b4c       mexLock                    0000000180035b4c f   libmex:libmex.dll
 0001:00034b52       mexMakeMemoryPersistent    0000000180035b52 f   libmex:libmex.dll
 0001:00034b58       mexFunctionName            0000000180035b58 f   libmex:libmex.dll
 0001:00034b5e       ssRegisterDataTypeFxpFSlopeFixExpBias 0000000180035b5e f   libfixedpoint:libfixedpoint.dll
 0001:00034b64       ssRegisterDataTypeFxpScaledDouble 0000000180035b64 f   libfixedpoint:libfixedpoint.dll
 0001:00034b6a       utMalloc                   0000000180035b6a f   libut:libut.dll
 0001:00034b70       utFree                     0000000180035b70 f   libut:libut.dll
 0001:00034b76       utVSNprintf                0000000180035b76 f   libut:libut.dll
 0001:00034b7c       utCPUtime                  0000000180035b7c f   libut:libut.dll
 0001:00034b82       utCalloc                   0000000180035b82 f   libut:libut.dll
 0001:00034b88       utRealloc                  0000000180035b88 f   libut:libut.dll
 0001:00034b8e       emlrtCreateRootTLS         0000000180035b8e f   libemlrt:libemlrt.dll
 0001:00034b94       emlrtDestroyRootTLS        0000000180035b94 f   libemlrt:libemlrt.dll
 0001:00034b9a       emlrtCheckBuiltInR2012b    0000000180035b9a f   libemlrt:libemlrt.dll
 0001:00034ba0       emlrtCheckVsBuiltInR2012b  0000000180035ba0 f   libemlrt:libemlrt.dll
 0001:00034ba6       emlrtCheckEnumR2012b       0000000180035ba6 f   libemlrt:libemlrt.dll
 0001:00034bac       emlrtCreateEnumR2012b      0000000180035bac f   libemlrt:libemlrt.dll
 0001:00034bb2       emlrtGetEnumElementR2009a  0000000180035bb2 f   libemlrt:libemlrt.dll
 0001:00034bb8       emlrtCreateReference       0000000180035bb8 f   libemlrt:libemlrt.dll
 0001:00034bbe       emlrtImportVsFiArrayR2009b 0000000180035bbe f   libemlrt:libemlrt.dll
 0001:00034bc4       emlrtNameCapturePostProcessR2012a 0000000180035bc4 f   libemlrt:libemlrt.dll
 0001:00034bca       emlrtExtractMessageId      0000000180035bca f   libemlrt:libemlrt.dll
 0001:00034bd0       emlrtTranslateMessageIDtoLCPstring 0000000180035bd0 f   libemlrt:libemlrt.dll
 0001:00034bd6       emlrtForLoopVectorIsValidR2011b 0000000180035bd6 f   libemlrt:libemlrt.dll
 0001:00034bdc       emlrtTranslateUTF16MessagetoLCPstring 0000000180035bdc f   libemlrt:libemlrt.dll
 0001:00034be2       emlrtGetEnumUnderlyingArrayR2009a 0000000180035be2 f   libemlrt:libemlrt.dll
 0001:00034be8       emlrtIsEnumR2009a          0000000180035be8 f   libemlrt:libemlrt.dll
 0001:00034bf0       Robust_MPC_Library_initializer 0000000180035bf0 f   Robust_MPC_Library_sfun:Robust_MPC_Library_sfun.obj
 0001:00034c00       Robust_MPC_Library_terminator 0000000180035c00 f   Robust_MPC_Library_sfun:Robust_MPC_Library_sfun.obj
 0001:00034c10       sf_Robust_MPC_Library_method_dispatcher 0000000180035c10 f   Robust_MPC_Library_sfun:Robust_MPC_Library_sfun.obj
 0001:00034c60       sf_Robust_MPC_Library_process_check_sum_call 0000000180035c60 f   Robust_MPC_Library_sfun:Robust_MPC_Library_sfun.obj
 0001:00034f30       sf_Robust_MPC_Library_autoinheritance_info 0000000180035f30 f   Robust_MPC_Library_sfun:Robust_MPC_Library_sfun.obj
 0001:000350a0       sf_Robust_MPC_Library_get_eml_resolved_functions_info 00000001800360a0 f   Robust_MPC_Library_sfun:Robust_MPC_Library_sfun.obj
 0001:000351d0       sf_Robust_MPC_Library_third_party_uses_info 00000001800361d0 f   Robust_MPC_Library_sfun:Robust_MPC_Library_sfun.obj
 0001:00035320       Robust_MPC_Library_debug_initialize 0000000180036320 f   Robust_MPC_Library_sfun:Robust_MPC_Library_sfun.obj
 0001:000353b0       Robust_MPC_Library_register_exported_symbols 00000001800363b0 f   Robust_MPC_Library_sfun:Robust_MPC_Library_sfun.obj
 0001:000353c0       load_Robust_MPC_Library_optimization_info 00000001800363c0 f   Robust_MPC_Library_sfun:Robust_MPC_Library_sfun.obj
 0001:00035410       unload_Robust_MPC_Library_optimization_info 0000000180036410 f   Robust_MPC_Library_sfun:Robust_MPC_Library_sfun.obj
 0001:00035440       sf_c1_Robust_MPC_Library_get_eml_resolved_functions_info 0000000180036440 f   Robust_MPC_Library_sfun:c1_Robust_MPC_Library.obj
 0001:00036620       sf_c1_Robust_MPC_Library_get_check_sum 0000000180037620 f   Robust_MPC_Library_sfun:c1_Robust_MPC_Library.obj
 0001:000366a0       sf_c1_Robust_MPC_Library_get_autoinheritance_info 00000001800376a0 f   Robust_MPC_Library_sfun:c1_Robust_MPC_Library.obj
 0001:00037780       sf_c1_Robust_MPC_Library_third_party_uses_info 0000000180038780 f   Robust_MPC_Library_sfun:c1_Robust_MPC_Library.obj
 0001:000377b0       sf_internal_get_sim_state_c1_Robust_MPC_Library 00000001800387b0 f   Robust_MPC_Library_sfun:c1_Robust_MPC_Library.obj
 0001:00037c90       sf_internal_set_sim_state_c1_Robust_MPC_Library 0000000180038c90 f   Robust_MPC_Library_sfun:c1_Robust_MPC_Library.obj
 0001:00038120       c1_Robust_MPC_Library_method_dispatcher 0000000180039120 f   Robust_MPC_Library_sfun:c1_Robust_MPC_Library.obj
 0001:00040dda       memset                     0000000180041dda f   MSVCRT:MSVCR100.dll
 0001:00040de0       __GSHandlerCheckCommon     0000000180041de0 f   MSVCRT:gshandler.obj
 0001:00040e44       __GSHandlerCheck           0000000180041e44 f   MSVCRT:gshandler.obj
 0001:00040e80       __security_check_cookie    0000000180041e80 f   MSVCRT:amdsecgs.obj
 0001:00040ea0       strcmp                     0000000180041ea0 f   MSVCRT:MSVCR100.dll
 0001:00040ea6       free                       0000000180041ea6 f   MSVCRT:MSVCR100.dll
 0001:00040eac       sprintf                    0000000180041eac f   MSVCRT:MSVCR100.dll
 0001:00040eb2       malloc                     0000000180041eb2 f   MSVCRT:MSVCR100.dll
 0001:00040eb8       strlen                     0000000180041eb8 f   MSVCRT:MSVCR100.dll
 0001:00040ebe       strcat                     0000000180041ebe f   MSVCRT:MSVCR100.dll
 0001:00040ec4       memcpy                     0000000180041ec4 f   MSVCRT:MSVCR100.dll
 0001:00040ecc       NtCurrentTeb               0000000180041ecc f i MSVCRT:crtdll.obj
 0001:00040f38       _CRT_INIT                  0000000180041f38 f   MSVCRT:crtdll.obj
 0001:000412d0       _DllMainCRTStartup         00000001800422d0 f   MSVCRT:crtdll.obj
 0001:0004130e       strncpy                    000000018004230e f   MSVCRT:MSVCR100.dll
 0001:00041330       _alloca_probe              0000000180042330     MSVCRT:chkstk.obj
 0001:00041330       __chkstk                   0000000180042330 f   MSVCRT:chkstk.obj
 0001:0004137e       longjmp                    000000018004237e f   MSVCRT:MSVCR100.dll
 0001:00041384       strncmp                    0000000180042384 f   MSVCRT:MSVCR100.dll
 0001:0004138a       ceil                       000000018004238a f   MSVCRT:MSVCR100.dll
 0001:00041390       strrchr                    0000000180042390 f   MSVCRT:MSVCR100.dll
 0001:00041396       _setjmp                    0000000180042396 f   MSVCRT:MSVCR100.dll
 0001:0004139c       ldexp                      000000018004239c f   MSVCRT:MSVCR100.dll
 0001:000413a4       __report_gsfailure         00000001800423a4 f   MSVCRT:gs_report.obj
 0001:000414f0       __clean_type_info_names    00000001800424f0 f   MSVCRT:tncleanup.obj
 0001:000414fc       _onexit                    00000001800424fc f   MSVCRT:atonexit.obj
 0001:000415ac       atexit                     00000001800425ac f   MSVCRT:atonexit.obj
 0001:000415c4       _RTC_Initialize            00000001800425c4 f   MSVCRT:_initsect_.obj
 0001:000415fc       _RTC_Terminate             00000001800425fc f   MSVCRT:_initsect_.obj
 0001:00041634       _malloc_crt                0000000180042634 f   MSVCRT:MSVCR100.dll
 0001:00041640       _ValidateImageBase         0000000180042640 f   MSVCRT:pesect.obj
 0001:00041670       _FindPESection             0000000180042670 f   MSVCRT:pesect.obj
 0001:000416c0       _IsNonwritableInCurrentImage 00000001800426c0 f   MSVCRT:pesect.obj
 0001:00041702       _initterm                  0000000180042702 f   MSVCRT:MSVCR100.dll
 0001:00041708       _initterm_e                0000000180042708 f   MSVCRT:MSVCR100.dll
 0001:0004170e       _encoded_null              000000018004270e f   MSVCRT:MSVCR100.dll
 0001:00041714       _amsg_exit                 0000000180042714 f   MSVCRT:MSVCR100.dll
 0001:0004171a       __C_specific_handler       000000018004271a f   MSVCRT:MSVCR100.dll
 0001:00041720       __CppXcptFilter            0000000180042720 f   MSVCRT:MSVCR100.dll
 0001:00041728       DllMain                    0000000180042728 f   MSVCRT:dllmain.obj
 0001:0004174c       __security_init_cookie     000000018004274c f   MSVCRT:gs_support.obj
 0001:00041800       __crt_debugger_hook        0000000180042800 f   MSVCRT:MSVCR100.dll
 0001:00041806       __clean_type_info_names_internal 0000000180042806 f   MSVCRT:MSVCR100.dll
 0001:0004180c       _unlock                    000000018004280c f   MSVCRT:MSVCR100.dll
 0001:00041812       __dllonexit                0000000180042812 f   MSVCRT:MSVCR100.dll
 0001:00041818       _lock                      0000000180042818 f   MSVCRT:MSVCR100.dll
 0001:0004181e       EncodePointer              000000018004281e f   kernel32:KERNEL32.dll
 0001:00041824       DecodePointer              0000000180042824 f   kernel32:KERNEL32.dll
 0001:0004182a       Sleep                      000000018004282a f   kernel32:KERNEL32.dll
 0001:00041830       TerminateProcess           0000000180042830 f   kernel32:KERNEL32.dll
 0001:00041836       GetCurrentProcess          0000000180042836 f   kernel32:KERNEL32.dll
 0001:0004183c       UnhandledExceptionFilter   000000018004283c f   kernel32:KERNEL32.dll
 0001:00041842       SetUnhandledExceptionFilter 0000000180042842 f   kernel32:KERNEL32.dll
 0001:00041848       IsDebuggerPresent          0000000180042848 f   kernel32:KERNEL32.dll
 0001:0004184e       RtlVirtualUnwind           000000018004284e f   kernel32:KERNEL32.dll
 0001:00041854       RtlLookupFunctionEntry     0000000180042854 f   kernel32:KERNEL32.dll
 0001:0004185a       RtlCaptureContext          000000018004285a f   kernel32:KERNEL32.dll
 0001:00041860       DisableThreadLibraryCalls  0000000180042860 f   kernel32:KERNEL32.dll
 0001:00041866       QueryPerformanceCounter    0000000180042866 f   kernel32:KERNEL32.dll
 0001:0004186c       GetTickCount               000000018004286c f   kernel32:KERNEL32.dll
 0001:00041872       GetCurrentThreadId         0000000180042872 f   kernel32:KERNEL32.dll
 0001:00041878       GetCurrentProcessId        0000000180042878 f   kernel32:KERNEL32.dll
 0001:0004187e       GetSystemTimeAsFileTime    000000018004287e f   kernel32:KERNEL32.dll
 0001:00041884       muDoubleScalarRound        0000000180042884 f   libmwmathutil:libmwmathutil.dll
 0002:00000000       __imp_RtlLookupFunctionEntry 0000000180043000     kernel32:KERNEL32.dll
 0002:00000008       __imp_DecodePointer        0000000180043008     kernel32:KERNEL32.dll
 0002:00000010       __imp_GetSystemTimeAsFileTime 0000000180043010     kernel32:KERNEL32.dll
 0002:00000018       __imp_GetCurrentProcessId  0000000180043018     kernel32:KERNEL32.dll
 0002:00000020       __imp_GetCurrentThreadId   0000000180043020     kernel32:KERNEL32.dll
 0002:00000028       __imp_GetTickCount         0000000180043028     kernel32:KERNEL32.dll
 0002:00000030       __imp_QueryPerformanceCounter 0000000180043030     kernel32:KERNEL32.dll
 0002:00000038       __imp_DisableThreadLibraryCalls 0000000180043038     kernel32:KERNEL32.dll
 0002:00000040       __imp_RtlCaptureContext    0000000180043040     kernel32:KERNEL32.dll
 0002:00000048       __imp_EncodePointer        0000000180043048     kernel32:KERNEL32.dll
 0002:00000050       __imp_RtlVirtualUnwind     0000000180043050     kernel32:KERNEL32.dll
 0002:00000058       __imp_IsDebuggerPresent    0000000180043058     kernel32:KERNEL32.dll
 0002:00000060       __imp_SetUnhandledExceptionFilter 0000000180043060     kernel32:KERNEL32.dll
 0002:00000068       __imp_UnhandledExceptionFilter 0000000180043068     kernel32:KERNEL32.dll
 0002:00000070       __imp_GetCurrentProcess    0000000180043070     kernel32:KERNEL32.dll
 0002:00000078       __imp_TerminateProcess     0000000180043078     kernel32:KERNEL32.dll
 0002:00000080       __imp_Sleep                0000000180043080     kernel32:KERNEL32.dll
 0002:00000088       \177KERNEL32_NULL_THUNK_DATA 0000000180043088     kernel32:KERNEL32.dll
 0002:00000090       __imp_memcpy               0000000180043090     MSVCRT:MSVCR100.dll
 0002:00000098       __imp_strcmp               0000000180043098     MSVCRT:MSVCR100.dll
 0002:000000a0       __imp__onexit              00000001800430a0     MSVCRT:MSVCR100.dll
 0002:000000a8       __imp__lock                00000001800430a8     MSVCRT:MSVCR100.dll
 0002:000000b0       __imp___dllonexit          00000001800430b0     MSVCRT:MSVCR100.dll
 0002:000000b8       __imp__unlock              00000001800430b8     MSVCRT:MSVCR100.dll
 0002:000000c0       __imp___clean_type_info_names_internal 00000001800430c0     MSVCRT:MSVCR100.dll
 0002:000000c8       __imp___crt_debugger_hook  00000001800430c8     MSVCRT:MSVCR100.dll
 0002:000000d0       __imp___CppXcptFilter      00000001800430d0     MSVCRT:MSVCR100.dll
 0002:000000d8       __imp___C_specific_handler 00000001800430d8     MSVCRT:MSVCR100.dll
 0002:000000e0       __imp__amsg_exit           00000001800430e0     MSVCRT:MSVCR100.dll
 0002:000000e8       __imp__encoded_null        00000001800430e8     MSVCRT:MSVCR100.dll
 0002:000000f0       __imp__initterm_e          00000001800430f0     MSVCRT:MSVCR100.dll
 0002:000000f8       __imp__initterm            00000001800430f8     MSVCRT:MSVCR100.dll
 0002:00000100       __imp__malloc_crt          0000000180043100     MSVCRT:MSVCR100.dll
 0002:00000108       __imp_ldexp                0000000180043108     MSVCRT:MSVCR100.dll
 0002:00000110       __imp__setjmp              0000000180043110     MSVCRT:MSVCR100.dll
 0002:00000118       __imp_strrchr              0000000180043118     MSVCRT:MSVCR100.dll
 0002:00000120       __imp_ceil                 0000000180043120     MSVCRT:MSVCR100.dll
 0002:00000128       __imp_strncmp              0000000180043128     MSVCRT:MSVCR100.dll
 0002:00000130       __imp_longjmp              0000000180043130     MSVCRT:MSVCR100.dll
 0002:00000138       __imp_strncpy              0000000180043138     MSVCRT:MSVCR100.dll
 0002:00000140       __imp_free                 0000000180043140     MSVCRT:MSVCR100.dll
 0002:00000148       __imp_strcat               0000000180043148     MSVCRT:MSVCR100.dll
 0002:00000150       __imp_strlen               0000000180043150     MSVCRT:MSVCR100.dll
 0002:00000158       __imp_malloc               0000000180043158     MSVCRT:MSVCR100.dll
 0002:00000160       __imp_sprintf              0000000180043160     MSVCRT:MSVCR100.dll
 0002:00000168       __imp_memset               0000000180043168     MSVCRT:MSVCR100.dll
 0002:00000170       \177MSVCR100_NULL_THUNK_DATA 0000000180043170     MSVCRT:MSVCR100.dll
 0002:00000178       __imp_emlrtDestroyRootTLS  0000000180043178     libemlrt:libemlrt.dll
 0002:00000180       __imp_emlrtCreateRootTLS   0000000180043180     libemlrt:libemlrt.dll
[...]
 0001:0001ec40       sf_reset_debug_info_struct 000000018001fc40 f   sfc_debug:sfcdebug.obj
 0001:0001f430       cv_script_cvId             0000000180020430 f   sfc_debug:sfcdebug.obj
 0001:000205f0       sfc_api_chart_visible      00000001800215f0 f   sfc_debug:sfc_api.obj
 0001:00020680       sfc_api_active_instance    0000000180021680 f   sfc_debug:sfc_api.obj
 0001:00020710       sfc_api_machine_load       0000000180021710 f   sfc_debug:sfc_api.obj
 0001:00020800       sfc_api_debugger_alive     0000000180021800 f   sfc_debug:sfc_api.obj
 0001:00020810       sfc_api_go                 0000000180021810 f   sfc_debug:sfc_api.obj
 0001:00020820       sfc_api_step_over          0000000180021820 f   sfc_debug:sfc_api.obj
 0001:00020830       sfc_api_step_out           0000000180021830 f   sfc_debug:sfc_api.obj
 0001:00020840       sfc_api_resume             0000000180021840 f   sfc_debug:sfc_api.obj
 0001:00020850       sfc_api_break              0000000180021850 f   sfc_debug:sfc_api.obj
 0001:00020860       sfc_api_stop_debugging     0000000180021860 f   sfc_debug:sfc_api.obj
 0001:000208c0       sfc_api_is_cycle_detected  00000001800218c0 f   sfc_debug:sfc_api.obj
 0001:00020920       sfc_api_is_array_bounds_detected 0000000180021920 f   sfc_debug:sfc_api.obj
 0001:00020980       sfc_api_set_disable_all_breakpoints 0000000180021980 f   sfc_debug:sfc_api.obj
 0001:00020a00       sfc_api_disable_all_breakpoints_and_go 0000000180021a00 f   sfc_debug:sfc_api.obj
 0001:00020a10       sfc_api_close              0000000180021a10 f   sfc_debug:sfc_api.obj
 0001:00020a20       sfc_api_browse_data        0000000180021a20 f   sfc_debug:sfc_api.obj
 0001:00020aa0       sfc_api_watch_data         0000000180021aa0 f   sfc_debug:sfc_api.obj
 0001:00020bb0       sfc_api_extract_message_post_receive_info 0000000180021bb0 f   sfc_debug:sfc_api.obj
 0001:00020bd0       sfc_api_assign_data        0000000180021bd0 f   sfc_debug:sfc_api.obj
 0001:00020c80       sfc_api_whos               0000000180021c80 f   sfc_debug:sfc_api.obj
 0001:00020d10       sfc_api_get_consistency_info 0000000180021d10 f   sfc_debug:sfc_api.obj
 0001:00020d20       sfc_api_browse_trace       0000000180021d20 f   sfc_debug:sfc_api.obj
 0001:00020d30       sfc_api_break_on_chart_entry 0000000180021d30 f   sfc_debug:sfc_api.obj
 0001:00020d60       sfc_api_break_on_event_broadcast 0000000180021d60 f   sfc_debug:sfc_api.obj
 0001:00020d90       sfc_api_break_on_state_entry 0000000180021d90 f   sfc_debug:sfc_api.obj
 0001:00020dc0       sfc_api_set_watch          0000000180021dc0 f   sfc_debug:sfc_api.obj
 0001:00020e70       sfc_api_set_breakpoints    0000000180021e70 f   sfc_debug:sfc_api.obj
 0001:00020f30       sfc_api_set_eml_breakpoints 0000000180021f30 f   sfc_debug:sfc_api.obj
 0001:00020fd0       sfc_api_set_script_breakpoints 0000000180021fd0 f   sfc_debug:sfc_api.obj
 0001:00021030       sfc_api_add_script_breakpoints 0000000180022030 f   sfc_debug:sfc_api.obj
 0001:00021090       sfc_api_clear_script_breakpoints 0000000180022090 f   sfc_debug:sfc_api.obj
 0001:000210f0       sfc_api_query_script_breakpoints 00000001800220f0 f   sfc_debug:sfc_api.obj
 0001:00021160       sfc_api_get_script_id      0000000180022160 f   sfc_debug:sfc_api.obj
 0001:00021220       sfc_api_get_active_states  0000000180022220 f   sfc_debug:sfc_api.obj
 0001:000212b0       sfc_api_break_between_times 00000001800222b0 f   sfc_debug:sfc_api.obj
 0001:00021320       sfc_api_get_instance_handle 0000000180022320 f   sfc_debug:sfc_api.obj
 0001:000213f0       sfc_api_set_animation      00000001800223f0 f   sfc_debug:sfc_api.obj
 0001:00021440       sfc_api_select_chart       0000000180022440 f   sfc_debug:sfc_api.obj
 0001:000214b0       sfc_api_select_charts      00000001800224b0 f   sfc_debug:sfc_api.obj
 0001:000214e0       sfc_api_cycle_detection_check 00000001800224e0 f   sfc_debug:sfc_api.obj
 0001:00021530       sfc_api_data_range_check   0000000180022530 f   sfc_debug:sfc_api.obj
 0001:00021580       sfc_api_transition_conflict_check 0000000180022580 f   sfc_debug:sfc_api.obj
 0001:000215d0       sfc_api_state_consistency_check 00000001800225d0 f   sfc_debug:sfc_api.obj
 0001:00021620       sfc_api_set_instance_cv_ids 0000000180022620 f   sfc_debug:sfc_api.obj
 0001:00021750       sfc_api_set_script_cv_ids  0000000180022750 f   sfc_debug:sfc_api.obj
 0001:00021820       sfc_api_get_current_machine_id 0000000180022820 f   sfc_debug:sfc_api.obj
 0001:00021850       sfc_api_get_current_machine_number 0000000180022850 f   sfc_debug:sfc_api.obj
 0001:00021880       sfc_api_get_current_chart_number 0000000180022880 f   sfc_debug:sfc_api.obj
 0001:000218b0       sfc_api_get_current_instance_number 00000001800228b0 f   sfc_debug:sfc_api.obj
 0001:000218e0       sfc_api_get_current_instance_handle 00000001800228e0 f   sfc_debug:sfc_api.obj
 0001:00021900       sfc_api_get_current_is_minor_time_step 0000000180022900 f   sfc_debug:sfc_api.obj
 0001:00021930       sfc_api_get_current_machine_name 0000000180022930 f   sfc_debug:sfc_api.obj
 0001:00021950       sfc_api_get_current_chart_id 0000000180022950 f   sfc_debug:sfc_api.obj
 0001:00021980       sfc_api_get_current_object_type 0000000180022980 f   sfc_debug:sfc_api.obj
 0001:000219b0       sfc_api_get_current_event_type 00000001800229b0 f   sfc_debug:sfc_api.obj
 0001:000219e0       sfc_api_get_current_object_id 00000001800229e0 f   sfc_debug:sfc_api.obj
 0001:00021a10       sfc_get_current_active_event_type 0000000180022a10 f   sfc_debug:sfc_api.obj
 0001:00021a40       sfc_api_get_current_active_event_id 0000000180022a40 f   sfc_debug:sfc_api.obj
 0001:00021a70       sfc_api_get_current_simulation_time 0000000180022a70 f   sfc_debug:sfc_api.obj
 0001:00021a90       sfc_get_current_tag_type   0000000180022a90 f   sfc_debug:sfc_api.obj
 0001:00021ac0       sfc_get_current_coverage_percentage 0000000180022ac0 f   sfc_debug:sfc_api.obj
 0001:00021ae0       sfc_get_current_statement_context 0000000180022ae0 f   sfc_debug:sfc_api.obj
 0001:00021b00       sfc_get_current_optional_integer 0000000180022b00 f   sfc_debug:sfc_api.obj
 0001:00021b30       sfc_get_current_statement_info 0000000180022b30 f   sfc_debug:sfc_api.obj
 0001:00021bd0       sfc_api_get                0000000180022bd0 f   sfc_debug:sfc_api.obj
 0001:00022830       sf_debug_sm_fill_state_activity_data 0000000180023830 f   sfc_debug:sfdb_animation.obj
 0001:00025070       void_ptr_stack_vector_free_total 0000000180026070 f   sfc_debug:sfdb_data_browse.obj
 0001:000250f0       sf_debug_st_terminate_machine 00000001800260f0 f   sfc_debug:sfdb_data_browse.obj
 0001:00025130       sf_debug_st_terminate_instance 0000000180026130 f   sfc_debug:sfdb_data_browse.obj
 0001:000254e0       push_on_to_void_ptr_stack  00000001800264e0 f   sfc_debug:sfdb_data_browse.obj
 0001:00025670       pop_from_void_ptr_stack    0000000180026670 f   sfc_debug:sfdb_data_browse.obj
 0001:000257a0       sf_debug_st_get_data_value 00000001800267a0 f   sfc_debug:sfdb_data_browse.obj
 0001:00025cd0       mx_value                   0000000180026cd0 f   sfc_debug:sfdb_data_browse.obj
 0001:00025d10       sf_debug_st_fill_data_struct 0000000180026d10 f   sfc_debug:sfdb_data_browse.obj
 0001:00026050       data_type_format_strings   0000000180027050 f   sfc_debug:sfdb_data_browse.obj
 0001:00026100       sf_debug_st_fill_data      0000000180027100 f   sfc_debug:sfdb_data_browse.obj
 0001:00026df0       sf_debug_hm_get_simulink_handle 0000000180027df0 f   sfc_debug:sfdb_handle_management.obj
 0001:000278a0       sf_debug_hm_initialize_globals 00000001800288a0 f   sfc_debug:sfdb_handle_management.obj
 0001:000279a0       sf_debug_hm_get_machine_debug_flag 00000001800289a0 f   sfc_debug:sfdb_handle_management.obj
 0001:00027b10       sf_debug_hm_get_machine_id 0000000180028b10 f   sfc_debug:sfdb_handle_management.obj
 0001:00027c30       sf_debug_hm_get_chart_id   0000000180028c30 f   sfc_debug:sfdb_handle_management.obj
 0001:00027dd0       sf_debug_hm_register_executing_SFunction 0000000180028dd0 f   sfc_debug:sfdb_handle_management.obj
 0001:00028160       sf_debug_hm_form_object_boolean_properties 0000000180029160 f   sfc_debug:sfdb_handle_management.obj
 0001:00028430       sf_debug_hm_form_object_properties 0000000180029430 f   sfc_debug:sfdb_handle_management.obj
 0001:00028670       sf_debug_hm_terminate_charts 0000000180029670 f   sfc_debug:sfdb_handle_management.obj
 0001:00028d50       sf_debug_hm_terminate_machines 0000000180029d50 f   sfc_debug:sfdb_handle_management.obj
 0001:0002a7c0       sf_debug_ss_copy_dimension 000000018002b7c0 f   sfc_debug:sfdb_symbol_scope.obj
 0001:0002a880       sf_debug_ss_get_number_elements 000000018002b880 f   sfc_debug:sfdb_symbol_scope.obj
 0001:0002a8a0       sf_debug_ss_fill_data_struct 000000018002b8a0 f   sfc_debug:sfdb_symbol_scope.obj
 0001:0002abf0       sf_debug_ss_reset_data_info 000000018002bbf0 f   sfc_debug:sfdb_symbol_scope.obj
 0001:0002ac50       sf_debug_fill_data_info_by_symbol_scope_entry 000000018002bc50 f   sfc_debug:sfdb_symbol_scope.obj
 0001:0002ad10       sf_debug_fill_data_info_by_data_vector 000000018002bd10 f   sfc_debug:sfdb_symbol_scope.obj
 0001:0002af60       get_data_info_helper       000000018002bf60 f   sfc_debug:sfdb_symbol_scope.obj
 0001:0002b250       sf_debug_ss_get_data_info  000000018002c250 f   sfc_debug:sfdb_symbol_scope.obj
 0001:0002b470       sf_debug_select_mex_function 000000018002c470 f   sfc_debug:sfdb_symbol_scope.obj
 0001:0002b4a0       sf_debug_is_dyn_matrix_initialized 000000018002c4a0 f   sfc_debug:sfdb_symbol_scope.obj
 0001:0002b4c0       sf_debug_ss_set_data_value_try 000000018002c4c0 f   sfc_debug:sfdb_symbol_scope.obj
 0001:0002b6b0       sf_debug_ss_get_data_value 000000018002c6b0 f   sfc_debug:sfdb_symbol_scope.obj
 0001:0002be10       sf_debug_ss_data_bytes_string 000000018002ce10 f   sfc_debug:sfdb_symbol_scope.obj
 0001:0002bea0       sf_debug_ss_data_class_string 000000018002cea0 f   sfc_debug:sfdb_symbol_scope.obj
 0001:0002c220       sf_debug_ss_data_size_string 000000018002d220 f   sfc_debug:sfdb_symbol_scope.obj
 0001:0002c300       sf_debug_ss_data_create_data_info_struct 000000018002d300 f   sfc_debug:sfdb_symbol_scope.obj
 0001:0002c5b0       sf_debug_ss_data_create_name_value_pair 000000018002d5b0 f   sfc_debug:sfdb_symbol_scope.obj
 0001:0002c650       sf_debug_ss_data_get_whos_info 000000018002d650 f   sfc_debug:sfdb_symbol_scope.obj
 0001:0002c660       same_named_data_in_data_array 000000018002d660 f   sfc_debug:sfdb_symbol_scope.obj
 0001:0002ddf0       sf_debug_cc_terminate_chart 000000018002edf0 f   sfc_debug:sfdb_coverage.obj
 0001:0002e100       sf_debug_cc_terminate_instance 000000018002f100 f   sfc_debug:sfdb_coverage.obj
 0001:0002ecd0       sf_debug_cc_mark_object_if_needed 000000018002fcd0 f   sfc_debug:sfdb_coverage.obj
 0001:0002f550       sf_debug_bm_initialize_eml 0000000180030550 f   sfc_debug:sfdb_breakpoints.obj
 0001:00030610       sf_debug_bm_map_debug_tag_to_breakpoint_tag 0000000180031610 f   sfc_debug:sfdb_breakpoints.obj
 0001:000306f0       sf_debug_bm_is_a_eml_breakpoint_impl 00000001800316f0 f   sfc_debug:sfdb_breakpoints.obj
 0001:00032020       sf_debug_sc_push_on_error_stack 0000000180033020 f   sfc_debug:sfdb_state_consistency.obj
 0001:00032140       sf_debug_sc_reset_error_stack 0000000180033140 f   sfc_debug:sfdb_state_consistency.obj
 0001:000322d0       sf_debug_sc_is_state_inconsistent 00000001800332d0 f   sfc_debug:sfdb_state_consistency.obj
 0001:000325c0       sf_debug_sc_fill_consistency_info 00000001800335c0 f   sfc_debug:sfdb_state_consistency.obj
 0001:00032b60       void_assertion_fcn         0000000180033b60 f   sfc_debug:sfdb_call_stack.obj
 0001:000330b0       sf_debug_tm_fill_local_trace 00000001800340b0 f   sfc_debug:sfdb_call_stack.obj
 0001:00033650       sf_debug_cd_terminate_instance 0000000180034650 f   sfc_debug:sfdb_cycle_detection.obj
 0001:000336b0       sf_debug_cd_free_checksum_stack 00000001800346b0 f   sfc_debug:sfdb_cycle_detection.obj
 0001:00033700       sf_debug_cd_reset_pack_strings 0000000180034700 f   sfc_debug:sfdb_cycle_detection.obj
 0001:00033da0       md5file_clear              0000000180034da0 f   sfc_debug:ckmd5.obj
 0001:00033dd0       Encode                     0000000180034dd0 f   sfc_debug:ckmd5.obj
 0001:00033e20       Decode                     0000000180034e20 f   sfc_debug:ckmd5.obj
 0001:00033ec0       MD5Transform               0000000180034ec0 f   sfc_debug:ckmd5.obj
 0001:00034720       md5file_addn               0000000180035720 f   sfc_debug:ckmd5.obj
 0001:000347f0       md5file_hash               00000001800357f0 f   sfc_debug:ckmd5.obj
 0001:00035880       c1_info_helper             0000000180036880 f   Robust_MPC_Library_sfun:c1_Robust_MPC_Library.obj
 0001:000378a0       get_sim_state_c1_Robust_MPC_Library 00000001800388a0 f   Robust_MPC_Library_sfun:c1_Robust_MPC_Library.obj
 0001:00037bd0       sf_get_sim_state_info_c1_Robust_MPC_Library 0000000180038bd0 f   Robust_MPC_Library_sfun:c1_Robust_MPC_Library.obj
 0001:00037db0       set_sim_state_c1_Robust_MPC_Library 0000000180038db0 f   Robust_MPC_Library_sfun:c1_Robust_MPC_Library.obj
 0001:00037f20       c1_update_debugger_state_c1_Robust_MPC_Library 0000000180038f20 f   Robust_MPC_Library_sfun:c1_Robust_MPC_Library.obj
 0001:00037f30       c1_emlrt_marshallIn        0000000180038f30 f   Robust_MPC_Library_sfun:c1_Robust_MPC_Library.obj
 0001:00037fa0       c1_b_emlrt_marshallIn      0000000180038fa0 f   Robust_MPC_Library_sfun:c1_Robust_MPC_Library.obj
 0001:00038030       c1_h_emlrt_marshallIn      0000000180039030 f   Robust_MPC_Library_sfun:c1_Robust_MPC_Library.obj
 0001:00038090       c1_i_emlrt_marshallIn      0000000180039090 f   Robust_MPC_Library_sfun:c1_Robust_MPC_Library.obj
 0001:00038190       mdlProcessParameters_c1_Robust_MPC_Library 0000000180039190 f   Robust_MPC_Library_sfun:c1_Robust_MPC_Library.obj
 0001:00038250       initialize_params_c1_Robust_MPC_Library 0000000180039250 f   Robust_MPC_Library_sfun:c1_Robust_MPC_Library.obj
 0001:00038260       mdlSetWorkWidths_c1_Robust_MPC_Library 0000000180039260 f   Robust_MPC_Library_sfun:c1_Robust_MPC_Library.obj
 0001:000388d0       sf_get_instance_specialization 00000001800398d0 f   Robust_MPC_Library_sfun:c1_Robust_MPC_Library.obj
 0001:000388e0       mdlStart_c1_Robust_MPC_Library 00000001800398e0 f   Robust_MPC_Library_sfun:c1_Robust_MPC_Library.obj
 0001:00038ae0       init_dsm_address_info      0000000180039ae0 f   Robust_MPC_Library_sfun:c1_Robust_MPC_Library.obj
 0001:00038af0       chart_debug_initialization 0000000180039af0 f   Robust_MPC_Library_sfun:c1_Robust_MPC_Library.obj
 0001:0003a570       init_script_number_translation 000000018003b570 f   Robust_MPC_Library_sfun:c1_Robust_MPC_Library.obj
 0001:0003a580       c1_sf_marshallOut          000000018003b580 f   Robust_MPC_Library_sfun:c1_Robust_MPC_Library.obj
 0001:0003a630       c1_sf_marshallIn           000000018003b630 f   Robust_MPC_Library_sfun:c1_Robust_MPC_Library.obj
 0001:0003a6d0       c1_b_sf_marshallOut        000000018003b6d0 f   Robust_MPC_Library_sfun:c1_Robust_MPC_Library.obj
 0001:0003a850       c1_c_sf_marshallOut        000000018003b850 f   Robust_MPC_Library_sfun:c1_Robust_MPC_Library.obj
 0001:0003aa90       c1_d_sf_marshallOut        000000018003ba90 f   Robust_MPC_Library_sfun:c1_Robust_MPC_Library.obj
 0001:0003ac20       c1_e_sf_marshallOut        000000018003bc20 f   Robust_MPC_Library_sfun:c1_Robust_MPC_Library.obj
 0001:0003ae50       c1_f_sf_marshallOut        000000018003be50 f   Robust_MPC_Library_sfun:c1_Robust_MPC_Library.obj
 0001:0003afe0       c1_g_sf_marshallOut        000000018003bfe0 f   Robust_MPC_Library_sfun:c1_Robust_MPC_Library.obj
 0001:0003b220       c1_h_sf_marshallOut        000000018003c220 f   Robust_MPC_Library_sfun:c1_Robust_MPC_Library.obj
 0001:0003b370       sf_opaque_initialize_c1_Robust_MPC_Library 000000018003c370 f   Robust_MPC_Library_sfun:c1_Robust_MPC_Library.obj
 0001:0003b3b0       initialize_c1_Robust_MPC_Library 000000018003c3b0 f   Robust_MPC_Library_sfun:c1_Robust_MPC_Library.obj
 0001:0003b400       sf_opaque_enable_c1_Robust_MPC_Library 000000018003c400 f   Robust_MPC_Library_sfun:c1_Robust_MPC_Library.obj
 0001:0003b420       enable_c1_Robust_MPC_Library 000000018003c420 f   Robust_MPC_Library_sfun:c1_Robust_MPC_Library.obj
 0001:0003b450       sf_opaque_disable_c1_Robust_MPC_Library 000000018003c450 f   Robust_MPC_Library_sfun:c1_Robust_MPC_Library.obj
 0001:0003b470       disable_c1_Robust_MPC_Library 000000018003c470 f   Robust_MPC_Library_sfun:c1_Robust_MPC_Library.obj
 0001:0003b4a0       sf_opaque_gateway_c1_Robust_MPC_Library 000000018003c4a0 f   Robust_MPC_Library_sfun:c1_Robust_MPC_Library.obj
 0001:0003b4c0       sf_c1_Robust_MPC_Library   000000018003c4c0 f   Robust_MPC_Library_sfun:c1_Robust_MPC_Library.obj
 0001:0003bc50       c1_chartstep_c1_Robust_MPC_Library 000000018003cc50 f   Robust_MPC_Library_sfun:c1_Robust_MPC_Library.obj
 0001:0003ffa0       c1_i_sf_marshallOut        0000000180040fa0 f   Robust_MPC_Library_sfun:c1_Robust_MPC_Library.obj
 0001:000400d0       c1_b_sf_marshallIn         00000001800410d0 f   Robust_MPC_Library_sfun:c1_Robust_MPC_Library.obj
 0001:000401a0       c1_c_emlrt_marshallIn      00000001800411a0 f   Robust_MPC_Library_sfun:c1_Robust_MPC_Library.obj
 0001:00040280       c1_j_sf_marshallOut        0000000180041280 f   Robust_MPC_Library_sfun:c1_Robust_MPC_Library.obj
 0001:000403f0       c1_c_sf_marshallIn         00000001800413f0 f   Robust_MPC_Library_sfun:c1_Robust_MPC_Library.obj
 0001:000404f0       c1_d_emlrt_marshallIn      00000001800414f0 f   Robust_MPC_Library_sfun:c1_Robust_MPC_Library.obj
 0001:00040600       c1_d_sf_marshallIn         0000000180041600 f   Robust_MPC_Library_sfun:c1_Robust_MPC_Library.obj
 0001:00040710       c1_e_emlrt_marshallIn      0000000180041710 f   Robust_MPC_Library_sfun:c1_Robust_MPC_Library.obj
 0001:00040800       c1_e_sf_marshallIn         0000000180041800 f   Robust_MPC_Library_sfun:c1_Robust_MPC_Library.obj
 0001:00040950       c1_f_emlrt_marshallIn      0000000180041950 f   Robust_MPC_Library_sfun:c1_Robust_MPC_Library.obj
 0001:00040a60       c1_eml_scalar_eg           0000000180041a60 f   Robust_MPC_Library_sfun:c1_Robust_MPC_Library.obj
 0001:00040a70       c1_b_round                 0000000180041a70 f   Robust_MPC_Library_sfun:c1_Robust_MPC_Library.obj
 0001:00040c90       sf_opaque_get_sim_state_c1_Robust_MPC_Library 0000000180041c90 f   Robust_MPC_Library_sfun:c1_Robust_MPC_Library.obj
 0001:00040cb0       sf_opaque_set_sim_state_c1_Robust_MPC_Library 0000000180041cb0 f   Robust_MPC_Library_sfun:c1_Robust_MPC_Library.obj
 0001:00040ce0       sf_opaque_terminate_c1_Robust_MPC_Library 0000000180041ce0 f   Robust_MPC_Library_sfun:c1_Robust_MPC_Library.obj
 0001:00040d60       finalize_c1_Robust_MPC_Library 0000000180041d60 f   Robust_MPC_Library_sfun:c1_Robust_MPC_Library.obj
 0001:00040d70       sf_opaque_init_subchart_simstructs 0000000180041d70 f   Robust_MPC_Library_sfun:c1_Robust_MPC_Library.obj
 0001:00040d90       initSimStructsc1_Robust_MPC_Library 0000000180041d90 f   Robust_MPC_Library_sfun:c1_Robust_MPC_Library.obj
 0001:00040da0       mdlRTW_c1_Robust_MPC_Library 0000000180041da0 f   Robust_MPC_Library_sfun:c1_Robust_MPC_Library.obj
 0001:00040ed8       pre_c_init                 0000000180041ed8 f   MSVCRT:crtdll.obj
 0001:00041194       __DllMainCRTStartup        0000000180042194 f   MSVCRT:crtdll.obj
 0001:00041890       __DllMainCRTStartup$filt$0 0000000180042890 f   MSVCRT:crtdll.obj
 0001:000418c0       __DllMainCRTStartup$fin$1  00000001800428c0 f   MSVCRT:crtdll.obj
 0001:000418da       _onexit$fin$0              00000001800428da f   MSVCRT:atonexit.obj
 0001:00041900       _IsNonwritableInCurrentImage$filt$0 0000000180042900 f   MSVCRT:pesect.obj
